Component: ARM Compiler 5.06 update 7 (build 960) Tool: armlink [4d3601]

==============================================================================

Section Cross References

    startup_stm32f405xx.o(RESET) refers to startup_stm32f405xx.o(STACK) for __initial_sp
    startup_stm32f405xx.o(RESET) refers to startup_stm32f405xx.o(.text) for Reset_Handler
    startup_stm32f405xx.o(RESET) refers to stm32f4xx_it.o(i.NMI_Handler) for NMI_Handler
    startup_stm32f405xx.o(RESET) refers to stm32f4xx_it.o(i.HardFault_Handler) for HardFault_Handler
    startup_stm32f405xx.o(RESET) refers to stm32f4xx_it.o(i.MemManage_Handler) for MemManage_Handler
    startup_stm32f405xx.o(RESET) refers to stm32f4xx_it.o(i.BusFault_Handler) for BusFault_Handler
    startup_stm32f405xx.o(RESET) refers to stm32f4xx_it.o(i.UsageFault_Handler) for UsageFault_Handler
    startup_stm32f405xx.o(RESET) refers to port.o(.emb_text) for SVC_Handler
    startup_stm32f405xx.o(RESET) refers to stm32f4xx_it.o(i.DebugMon_Handler) for DebugMon_Handler
    startup_stm32f405xx.o(RESET) refers to cmsis_os2.o(i.SysTick_Handler) for SysTick_Handler
    startup_stm32f405xx.o(RESET) refers to stm32f4xx_it.o(i.TIM6_DAC_IRQHandler) for TIM6_DAC_IRQHandler
    startup_stm32f405xx.o(RESET) refers to stm32f4xx_it.o(i.DMA2_Stream0_IRQHandler) for DMA2_Stream0_IRQHandler
    startup_stm32f405xx.o(.text) refers to system_stm32f4xx.o(i.SystemInit) for SystemInit
    startup_stm32f405xx.o(.text) refers to entry.o(.ARM.Collect$$$$00000000) for __main
    main.o(i.HAL_TIM_PeriodElapsedCallback) refers to stm32f4xx_hal.o(i.HAL_IncTick) for HAL_IncTick
    main.o(i.SystemClock_Config) refers to memseta.o(.text) for __aeabi_memclr4
    main.o(i.SystemClock_Config) refers to stm32f4xx_hal_rcc.o(i.HAL_RCC_OscConfig) for HAL_RCC_OscConfig
    main.o(i.SystemClock_Config) refers to stm32f4xx_hal_rcc.o(i.HAL_RCC_ClockConfig) for HAL_RCC_ClockConfig
    main.o(i.main) refers to stm32f4xx_hal.o(i.HAL_Init) for HAL_Init
    main.o(i.main) refers to main.o(i.SystemClock_Config) for SystemClock_Config
    main.o(i.main) refers to gpio.o(i.MX_GPIO_Init) for MX_GPIO_Init
    main.o(i.main) refers to dma.o(i.MX_DMA_Init) for MX_DMA_Init
    main.o(i.main) refers to adc.o(i.MX_ADC1_Init) for MX_ADC1_Init
    main.o(i.main) refers to i2c.o(i.MX_I2C1_Init) for MX_I2C1_Init
    main.o(i.main) refers to i2c.o(i.MX_I2C2_Init) for MX_I2C2_Init
    main.o(i.main) refers to tim.o(i.MX_TIM1_Init) for MX_TIM1_Init
    main.o(i.main) refers to tim.o(i.MX_TIM2_Init) for MX_TIM2_Init
    main.o(i.main) refers to usart.o(i.MX_USART1_UART_Init) for MX_USART1_UART_Init
    main.o(i.main) refers to usart.o(i.MX_USART2_UART_Init) for MX_USART2_UART_Init
    main.o(i.main) refers to am26c32.o(i.VCMEncoderInit) for VCMEncoderInit
    main.o(i.main) refers to stm32f4xx_hal_tim.o(i.HAL_TIM_PWM_Start) for HAL_TIM_PWM_Start
    main.o(i.main) refers to oled.o(i.OLED_Init) for OLED_Init
    main.o(i.main) refers to cmsis_os2.o(i.osKernelInitialize) for osKernelInitialize
    main.o(i.main) refers to freertos.o(i.MX_FREERTOS_Init) for MX_FREERTOS_Init
    main.o(i.main) refers to cmsis_os2.o(i.osKernelStart) for osKernelStart
    main.o(i.main) refers to tim.o(.bss) for htim1
    gpio.o(i.MX_GPIO_Init) refers to memseta.o(.text) for __aeabi_memclr4
    gpio.o(i.MX_GPIO_Init) refers to stm32f4xx_hal_gpio.o(i.HAL_GPIO_WritePin) for HAL_GPIO_WritePin
    gpio.o(i.MX_GPIO_Init) refers to stm32f4xx_hal_gpio.o(i.HAL_GPIO_Init) for HAL_GPIO_Init
    freertos.o(i.MX_FREERTOS_Init) refers to cmsis_os2.o(i.osThreadNew) for osThreadNew
    freertos.o(i.MX_FREERTOS_Init) refers to freertos.o(.constdata) for .constdata
    freertos.o(i.MX_FREERTOS_Init) refers to freertos.o(i.StartDefaultTask) for StartDefaultTask
    freertos.o(i.MX_FREERTOS_Init) refers to freertos.o(.data) for .data
    freertos.o(i.StartDefaultTask) refers to oled.o(i.OLED_Windows_Style1) for OLED_Windows_Style1
    freertos.o(i.StartDefaultTask) refers to am26c32.o(i.VCMEncoderGetPosition) for VCMEncoderGetPosition
    freertos.o(i.StartDefaultTask) refers to f2d.o(.text) for __aeabi_f2d
    freertos.o(i.StartDefaultTask) refers to printfa.o(i.__0printf) for __2printf
    freertos.o(i.StartDefaultTask) refers to stm32f4xx_hal_gpio.o(i.HAL_GPIO_TogglePin) for HAL_GPIO_TogglePin
    freertos.o(i.StartDefaultTask) refers to cmsis_os2.o(i.osDelay) for osDelay
    freertos.o(.constdata) refers to freertos.o(.conststring) for .conststring
    adc.o(i.HAL_ADC_MspDeInit) refers to stm32f4xx_hal_gpio.o(i.HAL_GPIO_DeInit) for HAL_GPIO_DeInit
    adc.o(i.HAL_ADC_MspDeInit) refers to stm32f4xx_hal_dma.o(i.HAL_DMA_DeInit) for HAL_DMA_DeInit
    adc.o(i.HAL_ADC_MspInit) refers to memseta.o(.text) for __aeabi_memclr4
    adc.o(i.HAL_ADC_MspInit) refers to stm32f4xx_hal_gpio.o(i.HAL_GPIO_Init) for HAL_GPIO_Init
    adc.o(i.HAL_ADC_MspInit) refers to stm32f4xx_hal_dma.o(i.HAL_DMA_Init) for HAL_DMA_Init
[...]
    i.HAL_TIM_PWM_Start                      0x08002014   Section        0  stm32f4xx_hal_tim.o(i.HAL_TIM_PWM_Start)
    i.HAL_TIM_PeriodElapsedCallback          0x080020dc   Section        0  main.o(i.HAL_TIM_PeriodElapsedCallback)
    i.HAL_TIM_TriggerCallback                0x080020f0   Section        0  stm32f4xx_hal_tim.o(i.HAL_TIM_TriggerCallback)
    i.HAL_UART_Init                          0x080020f2   Section        0  stm32f4xx_hal_uart.o(i.HAL_UART_Init)
    i.HAL_UART_MspInit                       0x08002154   Section        0  usart.o(i.HAL_UART_MspInit)
    i.HAL_UART_Transmit                      0x080021f0   Section        0  stm32f4xx_hal_uart.o(i.HAL_UART_Transmit)
    i.HardFault_Handler                      0x080022a2   Section        0  stm32f4xx_it.o(i.HardFault_Handler)
    i.I2C_Start                              0x080022a4   Section        0  oled.o(i.I2C_Start)
    i.I2C_Stop                               0x080022e4   Section        0  oled.o(i.I2C_Stop)
    i.I2C_WaitAck                            0x08002314   Section        0  oled.o(i.I2C_WaitAck)
    i.IIC_delay                              0x0800234c   Section        0  oled.o(i.IIC_delay)
    i.MX_ADC1_Init                           0x08002358   Section        0  adc.o(i.MX_ADC1_Init)
    i.MX_DMA_Init                            0x080023e8   Section        0  dma.o(i.MX_DMA_Init)
    i.MX_FREERTOS_Init                       0x08002414   Section        0  freertos.o(i.MX_FREERTOS_Init)
    i.MX_GPIO_Init                           0x08002434   Section        0  gpio.o(i.MX_GPIO_Init)
    i.MX_I2C1_Init                           0x080024b0   Section        0  i2c.o(i.MX_I2C1_Init)
    i.MX_I2C2_Init                           0x080024f0   Section        0  i2c.o(i.MX_I2C2_Init)
    i.MX_TIM1_Init                           0x08002530   Section        0  tim.o(i.MX_TIM1_Init)
    i.MX_TIM2_Init                           0x080025cc   Section        0  tim.o(i.MX_TIM2_Init)
    i.MX_USART1_UART_Init                    0x08002630   Section        0  usart.o(i.MX_USART1_UART_Init)
    i.MX_USART2_UART_Init                    0x08002668   Section        0  usart.o(i.MX_USART2_UART_Init)
    i.MemManage_Handler                      0x080026a0   Section        0  stm32f4xx_it.o(i.MemManage_Handler)
    i.NMI_Handler                            0x080026a2   Section        0  stm32f4xx_it.o(i.NMI_Handler)
    i.OLED_Clear                             0x080026a4   Section        0  oled.o(i.OLED_Clear)
    i.OLED_DrawLine                          0x080026d0   Section        0  oled.o(i.OLED_DrawLine)
    i.OLED_DrawPoint                         0x0800279c   Section        0  oled.o(i.OLED_DrawPoint)
    i.OLED_Init                              0x080027c8   Section        0  oled.o(i.OLED_Init)
    i.OLED_Refresh                           0x080028ec   Section        0  oled.o(i.OLED_Refresh)
    i.OLED_ShowChar                          0x08002954   Section        0  oled.o(i.OLED_ShowChar)
    i.OLED_ShowString                        0x08002a38   Section        0  oled.o(i.OLED_ShowString)
    i.OLED_WR_Byte                           0x08002a74   Section        0  oled.o(i.OLED_WR_Byte)
    i.OLED_Windows_Style1                    0x08002aac   Section        0  oled.o(i.OLED_Windows_Style1)
    i.Send_Byte                              0x08002b60   Section        0  oled.o(i.Send_Byte)
    i.StartDefaultTask                       0x08002ba8   Section        0  freertos.o(i.StartDefaultTask)
    i.SysTick_Handler                        0x08002bec   Section        0  cmsis_os2.o(i.SysTick_Handler)
    i.SystemClock_Config                     0x08002c08   Section        0  main.o(i.SystemClock_Config)
    i.SystemInit                             0x08002c9c   Section        0  system_stm32f4xx.o(i.SystemInit)
    i.TIM6_DAC_IRQHandler                    0x08002cac   Section        0  stm32f4xx_it.o(i.TIM6_DAC_IRQHandler)
    i.TIM_Base_SetConfig                     0x08002cb8   Section        0  stm32f4xx_hal_tim.o(i.TIM_Base_SetConfig)
    i.TIM_CCxChannelCmd                      0x08002d80   Section        0  stm32f4xx_hal_tim.o(i.TIM_CCxChannelCmd)
    i.TIM_OC1_SetConfig                      0x08002d9c   Section        0  stm32f4xx_hal_tim.o(i.TIM_OC1_SetConfig)
    TIM_OC1_SetConfig                        0x08002d9d   Thumb Code    88  stm32f4xx_hal_tim.o(i.TIM_OC1_SetConfig)
    i.TIM_OC2_SetConfig                      0x08002dfc   Section        0  stm32f4xx_hal_tim.o(i.TIM_OC2_SetConfig)
    i.TIM_OC3_SetConfig                      0x08002e68   Section        0  stm32f4xx_hal_tim.o(i.TIM_OC3_SetConfig)
    TIM_OC3_SetConfig                        0x08002e69   Thumb Code    96  stm32f4xx_hal_tim.o(i.TIM_OC3_SetConfig)
    i.TIM_OC4_SetConfig                      0x08002ed0   Section        0  stm32f4xx_hal_tim.o(i.TIM_OC4_SetConfig)
    TIM_OC4_SetConfig                        0x08002ed1   Thumb Code    70  stm32f4xx_hal_tim.o(i.TIM_OC4_SetConfig)
    i.UART_SetConfig                         0x08002f20   Section        0  stm32f4xx_hal_uart.o(i.UART_SetConfig)
    UART_SetConfig                           0x08002f21   Thumb Code   258  stm32f4xx_hal_uart.o(i.UART_SetConfig)
    i.UART_WaitOnFlagUntilTimeout            0x0800302c   Section        0  stm32f4xx_hal_uart.o(i.UART_WaitOnFlagUntilTimeout)
    UART_WaitOnFlagUntilTimeout              0x0800302d   Thumb Code   120  stm32f4xx_hal_uart.o(i.UART_WaitOnFlagUntilTimeout)
    i.UsageFault_Handler                     0x080030a4   Section        0  stm32f4xx_it.o(i.UsageFault_Handler)
    i.VCMEncoderGetCnt                       0x080030a8   Section        0  am26c32.o(i.VCMEncoderGetCnt)
    i.VCMEncoderGetPosition                  0x080030e8   Section        0  am26c32.o(i.VCMEncoderGetPosition)
    i.VCMEncoderInit                         0x0800312c   Section        0  am26c32.o(i.VCMEncoderInit)
    i.__0printf                              0x0800315c   Section        0  printfa.o(i.__0printf)
    i.__NVIC_SetPriority                     0x0800317c   Section        0  stm32f4xx_hal_cortex.o(i.__NVIC_SetPriority)
    __NVIC_SetPriority                       0x0800317d   Thumb Code    32  stm32f4xx_hal_cortex.o(i.__NVIC_SetPriority)
    i.__scatterload_copy                     0x0800319c   Section       14  handlers.o(i.__scatterload_copy)
    i.__scatterload_null                     0x080031aa   Section        2  handlers.o(i.__scatterload_null)
    i.__scatterload_zeroinit                 0x080031ac   Section       14  handlers.o(i.__scatterload_zeroinit)
    i._fp_digits                             0x080031bc   Section        0  printfa.o(i._fp_digits)
    _fp_digits                               0x080031bd   Thumb Code   366  printfa.o(i._fp_digits)
    i._printf_core                           0x08003340   Section        0  printfa.o(i._printf_core)
    _printf_core                             0x08003341   Thumb Code  1704  printfa.o(i._printf_core)
    i._printf_post_padding                   0x080039f4   Section        0  printfa.o(i._printf_post_padding)
    _printf_post_padding                     0x080039f5   Thumb Code    36  printfa.o(i._printf_post_padding)
    i._printf_pre_padding                    0x08003a18   Section        0  printfa.o(i._printf_pre_padding)
    _printf_pre_padding                      0x08003a19   Thumb Code    46  printfa.o(i._printf_pre_padding)
    i.fputc                                  0x08003a48   Section        0  usart.o(i.fputc)
    i.main                                   0x08003a60   Section        0  main.o(i.main)
    i.osDelay                                0x08003ab0   Section        0  cmsis_os2.o(i.osDelay)
    i.osKernelInitialize                     0x08003acc   Section        0  cmsis_os2.o(i.osKernelInitialize)
    i.osKernelStart                          0x08003af0   Section        0  cmsis_os2.o(i.osKernelStart)
    i.osThreadNew                            0x08003b28   Section        0  cmsis_os2.o(i.osThreadNew)
    i.prvAddCurrentTaskToDelayedList         0x08003bb4   Section        0  tasks.o(i.prvAddCurrentTaskToDelayedList)
    prvAddCurrentTaskToDelayedList           0x08003bb5   Thumb Code    84  tasks.o(i.prvAddCurrentTaskToDelayedList)
    i.prvAddNewTaskToReadyList               0x08003c10   Section        0  tasks.o(i.prvAddNewTaskToReadyList)
    prvAddNewTaskToReadyList                 0x08003c11   Thumb Code   190  tasks.o(i.prvAddNewTaskToReadyList)
    i.prvCheckForValidListAndQueue           0x08003ce0   Section        0  timers.o(i.prvCheckForValidListAndQueue)
    prvCheckForValidListAndQueue             0x08003ce1   Thumb Code    72  timers.o(i.prvCheckForValidListAndQueue)
    i.prvCopyDataFromQueue                   0x08003d38   Section        0  queue.o(i.prvCopyDataFromQueue)
    prvCopyDataFromQueue                     0x08003d39   Thumb Code    38  queue.o(i.prvCopyDataFromQueue)
    i.prvCopyDataToQueue                     0x08003d5e   Section        0  queue.o(i.prvCopyDataToQueue)
    prvCopyDataToQueue                       0x08003d5f   Thumb Code   108  queue.o(i.prvCopyDataToQueue)
    i.prvDeleteTCB                           0x08003dca   Section        0  tasks.o(i.prvDeleteTCB)
    prvDeleteTCB                             0x08003dcb   Thumb Code    52  tasks.o(i.prvDeleteTCB)
    i.prvHeapInit                            0x08003e00   Section        0  heap_4.o(i.prvHeapInit)
    prvHeapInit                              0x08003e01   Thumb Code    66  heap_4.o(i.prvHeapInit)
    i.prvIdleTask                            0x08003e4c   Section        0  tasks.o(i.prvIdleTask)
    prvIdleTask                              0x08003e4d   Thumb Code    82  tasks.o(i.prvIdleTask)
    i.prvInitialiseNewQueue                  0x08003eac   Section        0  queue.o(i.prvInitialiseNewQueue)
    prvInitialiseNewQueue                    0x08003ead   Thumb Code    34  queue.o(i.prvInitialiseNewQueue)
    i.prvInitialiseNewTask                   0x08003ed0   Section        0  tasks.o(i.prvInitialiseNewTask)
    prvInitialiseNewTask                     0x08003ed1   Thumb Code   176  tasks.o(i.prvInitialiseNewTask)
    i.prvInsertBlockIntoFreeList             0x08003f80   Section        0  heap_4.o(i.prvInsertBlockIntoFreeList)
    prvInsertBlockIntoFreeList               0x08003f81   Thumb Code    72  heap_4.o(i.prvInsertBlockIntoFreeList)
    i.prvInsertTimerInActiveList             0x08003fcc   Section        0  timers.o(i.prvInsertTimerInActiveList)
    prvInsertTimerInActiveList               0x08003fcd   Thumb Code    52  timers.o(i.prvInsertTimerInActiveList)
    i.prvIsQueueEmpty                        0x08004004   Section        0  queue.o(i.prvIsQueueEmpty)
    prvIsQueueEmpty                          0x08004005   Thumb Code    28  queue.o(i.prvIsQueueEmpty)
    i.prvProcessReceivedCommands             0x08004020   Section        0  timers.o(i.prvProcessReceivedCommands)
    prvProcessReceivedCommands               0x08004021   Thumb Code   248  timers.o(i.prvProcessReceivedCommands)
    i.prvProcessTimerOrBlockTask             0x0800411c   Section        0  timers.o(i.prvProcessTimerOrBlockTask)
    prvProcessTimerOrBlockTask               0x0800411d   Thumb Code   182  timers.o(i.prvProcessTimerOrBlockTask)
    i.prvResetNextTaskUnblockTime            0x080041dc   Section        0  tasks.o(i.prvResetNextTaskUnblockTime)
    prvResetNextTaskUnblockTime              0x080041dd   Thumb Code    26  tasks.o(i.prvResetNextTaskUnblockTime)
    i.prvSampleTimeNow                       0x080041fc   Section        0  timers.o(i.prvSampleTimeNow)
    prvSampleTimeNow                         0x080041fd   Thumb Code    36  timers.o(i.prvSampleTimeNow)
    i.prvSwitchTimerLists                    0x08004224   Section        0  timers.o(i.prvSwitchTimerLists)
    prvSwitchTimerLists                      0x08004225   Thumb Code   104  timers.o(i.prvSwitchTimerLists)
    i.prvTaskExitError                       0x08004290   Section        0  port.o(i.prvTaskExitError)
    prvTaskExitError                         0x08004291   Thumb Code    36  port.o(i.prvTaskExitError)
    i.prvTimerTask                           0x080042b8   Section        0  timers.o(i.prvTimerTask)
    prvTimerTask                             0x080042b9   Thumb Code    32  timers.o(i.prvTimerTask)
    i.prvUnlockQueue                         0x080042dc   Section        0  queue.o(i.prvUnlockQueue)
    prvUnlockQueue                           0x080042dd   Thumb Code   106  queue.o(i.prvUnlockQueue)
    i.pvPortMalloc                           0x08004348   Section        0  heap_4.o(i.pvPortMalloc)
    i.pxPortInitialiseStack                  0x08004424   Section        0  port.o(i.pxPortInitialiseStack)
    i.uxListRemove                           0x08004450   Section        0  list.o(i.uxListRemove)
    i.vApplicationGetIdleTaskMemory          0x08004478   Section        0  cmsis_os2.o(i.vApplicationGetIdleTaskMemory)
    i.vApplicationGetTimerTaskMemory         0x0800448c   Section        0  cmsis_os2.o(i.vApplicationGetTimerTaskMemory)
    i.vListInitialise                        0x080044a4   Section        0  list.o(i.vListInitialise)
    i.vListInitialiseItem                    0x080044ba   Section        0  list.o(i.vListInitialiseItem)
    i.vListInsert                            0x080044c0   Section        0  list.o(i.vListInsert)
    i.vListInsertEnd                         0x080044f0   Section        0  list.o(i.vListInsertEnd)
    i.vPortEnterCritical                     0x08004508   Section        0  port.o(i.vPortEnterCritical)
    i.vPortExitCritical                      0x08004548   Section        0  port.o(i.vPortExitCritical)
    i.vPortFree                              0x08004570   Section        0  heap_4.o(i.vPortFree)
    i.vPortSetupTimerInterrupt               0x080045d4   Section        0  port.o(i.vPortSetupTimerInterrupt)
    i.vPortValidateInterruptPriority         0x080045f8   Section        0  port.o(i.vPortValidateInterruptPriority)
    i.vQueueAddToRegistry                    0x0800464c   Section        0  queue.o(i.vQueueAddToRegistry)
    i.vQueueWaitForMessageRestricted         0x08004674   Section        0  queue.o(i.vQueueWaitForMessageRestricted)
    i.vTaskDelay                             0x080046b8   Section        0  tasks.o(i.vTaskDelay)
    i.vTaskInternalSetTimeOutState           0x08004704   Section        0  tasks.o(i.vTaskInternalSetTimeOutState)
    i.vTaskMissedYield                       0x08004714   Section        0  tasks.o(i.vTaskMissedYield)
    i.vTaskPlaceOnEventList                  0x08004720   Section        0  tasks.o(i.vTaskPlaceOnEventList)
    i.vTaskPlaceOnEventListRestricted        0x08004750   Section        0  tasks.o(i.vTaskPlaceOnEventListRestricted)
    i.vTaskStartScheduler                    0x08004788   Section        0  tasks.o(i.vTaskStartScheduler)
    i.vTaskSuspendAll                        0x08004810   Section        0  tasks.o(i.vTaskSuspendAll)
    i.vTaskSwitchContext                     0x08004820   Section        0  tasks.o(i.vTaskSwitchContext)
    i.xPortStartScheduler                    0x08004884   Section        0  port.o(i.xPortStartScheduler)
    i.xPortSysTickHandler                    0x08004978   Section        0  port.o(i.xPortSysTickHandler)
    i.xQueueGenericCreateStatic              0x080049a4   Section        0  queue.o(i.xQueueGenericCreateStatic)
    i.xQueueGenericReset                     0x08004a0c   Section        0  queue.o(i.xQueueGenericReset)
    i.xQueueGenericSend                      0x08004a94   Section        0  queue.o(i.xQueueGenericSend)
    i.xQueueGenericSendFromISR               0x08004bf4   Section        0  queue.o(i.xQueueGenericSendFromISR)
    i.xQueueReceive                          0x08004cb4   Section        0  queue.o(i.xQueueReceive)
    i.xTaskCheckForTimeOut                   0x08004dec   Section        0  tasks.o(i.xTaskCheckForTimeOut)
    i.xTaskCreate                            0x08004e60   Section        0  tasks.o(i.xTaskCreate)
    i.xTaskCreateStatic                      0x08004eba   Section        0  tasks.o(i.xTaskCreateStatic)
    i.xTaskGetSchedulerState                 0x08004f10   Section        0  tasks.o(i.xTaskGetSchedulerState)
    i.xTaskGetTickCount                      0x08004f2c   Section        0  tasks.o(i.xTaskGetTickCount)
    i.xTaskIncrementTick                     0x08004f38   Section        0  tasks.o(i.xTaskIncrementTick)
    i.xTaskPriorityDisinherit                0x08005000   Section        0  tasks.o(i.xTaskPriorityDisinherit)
    i.xTaskRemoveFromEventList               0x08005080   Section        0  tasks.o(i.xTaskRemoveFromEventList)
    i.xTaskResumeAll                         0x080050f0   Section        0  tasks.o(i.xTaskResumeAll)
    i.xTimerCreateTimerTask                  0x080051b4   Section        0  timers.o(i.xTimerCreateTimerTask)
    i.xTimerGenericCommand                   0x08005214   Section        0  timers.o(i.xTimerGenericCommand)
    .constdata                               0x0800527c   Section       36  freertos.o(.constdata)
    .constdata                               0x080052a0   Section        8  stm32f4xx_hal_dma.o(.constdata)
    flagBitshiftOffset                       0x080052a0   Data           8  stm32f4xx_hal_dma.o(.constdata)
    .constdata                               0x080052a8   Section       16  system_stm32f4xx.o(.constdata)
    .constdata                               0x080052b8   Section        8  system_stm32f4xx.o(.constdata)
    .constdata                               0x080052c0   Section     7728  oled.o(.constdata)
    .conststring                             0x080070f0   Section       12  freertos.o(.conststring)
    .data                                    0x20000000   Section        4  freertos.o(.data)
    .data                                    0x20000004   Section       12  stm32f4xx_hal.o(.data)
    .data                                    0x20000010   Section        4  system_stm32f4xx.o(.data)
    .data                                    0x20000014   Section       60  tasks.o(.data)
    uxDeletedTasksWaitingCleanUp             0x20000018   Data           4  tasks.o(.data)
    uxCurrentNumberOfTasks                   0x2000001c   Data           4  tasks.o(.data)
    xTickCount                               0x20000020   Data           4  tasks.o(.data)
    uxTopReadyPriority                       0x20000024   Data           4  tasks.o(.data)
    xSchedulerRunning                        0x20000028   Data           4  tasks.o(.data)
    xPendedTicks                             0x2000002c   Data           4  tasks.o(.data)
    xYieldPending                            0x20000030   Data           4  tasks.o(.data)
    xNumOfOverflows                          0x20000034   Data           4  tasks.o(.data)
    uxTaskNumber                             0x20000038   Data           4  tasks.o(.data)
    xNextTaskUnblockTime                     0x2000003c   Data           4  tasks.o(.data)
    xIdleTaskHandle                          0x20000040   Data           4  tasks.o(.data)
    uxSchedulerSuspended                     0x20000044   Data           4  tasks.o(.data)
    pxDelayedTaskList                        0x20000048   Data           4  tasks.o(.data)
    pxOverflowDelayedTaskList                0x2000004c   Data           4  tasks.o(.data)
    .data                                    0x20000050   Section       20  timers.o(.data)
    xTimerQueue                              0x20000050   Data           4  timers.o(.data)
    xTimerTaskHandle                         0x20000054   Data           4  timers.o(.data)
    xLastTime                                0x20000058   Data           4  timers.o(.data)
    pxCurrentTimerList                       0x2000005c   Data           4  timers.o(.data)
    pxOverflowTimerList                      0x20000060   Data           4  timers.o(.data)
    .data                                    0x20000064   Section        4  cmsis_os2.o(.data)
    KernelState                              0x20000064   Data           4  cmsis_os2.o(.data)
    .data                                    0x20000068   Section       32  heap_4.o(.data)
    pxEnd                                    0x20000068   Data           4  heap_4.o(.data)
    xFreeBytesRemaining                      0x2000006c   Data           4  heap_4.o(.data)
    xMinimumEverFreeBytesRemaining           0x20000070   Data           4  heap_4.o(.data)
    xNumberOfSuccessfulAllocations           0x20000074   Data           4  heap_4.o(.data)
    xNumberOfSuccessfulFrees                 0x20000078   Data           4  heap_4.o(.data)
    xBlockAllocatedBit                       0x2000007c   Data           4  heap_4.o(.data)
    xStart                                   0x20000080   Data           8  heap_4.o(.data)
    .data                                    0x20000088   Section       12  port.o(.data)
    ucMaxSysCallPriority                     0x20000088   Data           1  port.o(.data)
    uxCriticalNesting                        0x2000008c   Data           4  port.o(.data)
    ulMaxPRIGROUPValue                       0x20000090   Data           4  port.o(.data)
    .data                                    0x20000094   Section        8  am26c32.o(.data)
    .data                                    0x2000009c   Section        4  stdout.o(.data)
    .bss                                     0x200000a0   Section      168  adc.o(.bss)
    .bss                                     0x20000148   Section      168  i2c.o(.bss)
    .bss                                     0x200001f0   Section      144  tim.o(.bss)
    .bss                                     0x20000280   Section      136  usart.o(.bss)
    .bss                                     0x20000308   Section       72  stm32f4xx_hal_timebase_tim.o(.bss)
    .bss                                     0x20000350   Section       64  queue.o(.bss)
    .bss                                     0x20000390   Section     1220  tasks.o(.bss)
    pxReadyTasksLists                        0x20000390   Data        1120  tasks.o(.bss)
    xDelayedTaskList1                        0x200007f0   Data          20  tasks.o(.bss)
    xDelayedTaskList2                        0x20000804   Data          20  tasks.o(.bss)
    xPendingReadyList                        0x20000818   Data          20  tasks.o(.bss)
    xTasksWaitingTermination                 0x2000082c   Data          20  tasks.o(.bss)
    xSuspendedTaskList                       0x20000840   Data          20  tasks.o(.bss)
    .bss                                     0x20000854   Section      280  timers.o(.bss)
    xStaticTimerQueue                        0x20000854   Data          80  timers.o(.bss)
    ucStaticTimerQueueStorage                0x200008a4   Data         160  timers.o(.bss)
    xActiveTimerList1                        0x20000944   Data          20  timers.o(.bss)
    xActiveTimerList2                        0x20000958   Data          20  timers.o(.bss)
    .bss                                     0x2000096c   Section     1720  cmsis_os2.o(.bss)
    Idle_TCB                                 0x2000096c   Data          92  cmsis_os2.o(.bss)
    Idle_Stack                               0x200009c8   Data         512  cmsis_os2.o(.bss)
    Timer_TCB                                0x20000bc8   Data          92  cmsis_os2.o(.bss)
    Timer_Stack                              0x20000c24   Data        1024  cmsis_os2.o(.bss)
    .bss                                     0x20001024   Section    15360  heap_4.o(.bss)
    ucHeap                                   0x20001024   Data       15360  heap_4.o(.bss)
    .bss                                     0x20004c24   Section     1536  oled.o(.bss)
    STACK                                    0x20005228   Section     1536  startup_stm32f405xx.o(STACK)

    Global Symbols

    Symbol Name                              Value     Ov Type        Size  Object(Section)

    BuildAttributes$$THM_ISAv4$E$P$D$K$B$S$7EM$VFPi3$EXTD16$VFPS$VFMA$PE$A:L22UL41UL21$X:L11$S22US41US21$IEEE1$IW$USESV6$~STKCKD$USESV7$~SHL$OTIME$ROPI$EBA8$MICROLIB$REQ8$PRES8$EABIv2 0x00000000   Number         0  anon$$obj.o ABSOLUTE
    __ARM_use_no_argv                        0x00000000   Number         0  main.o ABSOLUTE
    _printf_a                                0x00000000   Number         0  stubs.o ABSOLUTE
    _printf_c                                0x00000000   Number         0  stubs.o ABSOLUTE
    _printf_charcount                        0x00000000   Number         0  stubs.o ABSOLUTE
    _printf_d                                0x00000000   Number         0  stubs.o ABSOLUTE
    _printf_e                                0x00000000   Number         0  stubs.o ABSOLUTE
    _printf_f                                0x00000000   Number         0  stubs.o ABSOLUTE
    _printf_flags                            0x00000000   Number         0  stubs.o ABSOLUTE
    _printf_fp_dec                           0x00000000   Number         0  stubs.o ABSOLUTE
    _printf_fp_hex                           0x00000000   Number         0  stubs.o ABSOLUTE
    _printf_g                                0x00000000   Number         0  stubs.o ABSOLUTE
    _printf_i                                0x00000000   Number         0  stubs.o ABSOLUTE
    _printf_int_dec                          0x00000000   Number         0  stubs.o ABSOLUTE
    _printf_l                                0x00000000   Number         0  stubs.o ABSOLUTE
    _printf_lc                               0x00000000   Number         0  stubs.o ABSOLUTE
    _printf_ll                               0x00000000   Number         0  stubs.o ABSOLUTE
    _printf_lld                              0x00000000   Number         0  stubs.o ABSOLUTE
    _printf_lli                              0x00000000   Number         0  stubs.o ABSOLUTE
    _printf_llo                              0x00000000   Number         0  stubs.o ABSOLUTE
    _printf_llu                              0x00000000   Number         0  stubs.o ABSOLUTE
    _printf_llx                              0x00000000   Number         0  stubs.o ABSOLUTE
    _printf_longlong_dec                     0x00000000   Number         0  stubs.o ABSOLUTE
    _printf_longlong_hex                     0x00000000   Number         0  stubs.o ABSOLUTE
    _printf_longlong_oct                     0x00000000   Number         0  stubs.o ABSOLUTE
    _printf_ls                               0x00000000   Number         0  stubs.o ABSOLUTE
    _printf_mbtowc                           0x00000000   Number         0  stubs.o ABSOLUTE
    _printf_n                                0x00000000   Number         0  stubs.o ABSOLUTE
    _printf_o                                0x00000000   Number         0  stubs.o ABSOLUTE
    _printf_p                                0x00000000   Number         0  stubs.o ABSOLUTE
    _printf_percent                          0x00000000   Number         0  stubs.o ABSOLUTE
    _printf_pre_padding                      0x00000000   Number         0  stubs.o ABSOLUTE
    _printf_return_value                     0x00000000   Number         0  stubs.o ABSOLUTE
    _printf_s                                0x00000000   Number         0  stubs.o ABSOLUTE
    _printf_sizespec                         0x00000000   Number         0  stubs.o ABSOLUTE
    _printf_str                              0x00000000   Number         0  stubs.o ABSOLUTE
    _printf_truncate_signed                  0x00000000   Number         0  stubs.o ABSOLUTE
    _printf_truncate_unsigned                0x00000000   Number         0  stubs.o ABSOLUTE
    _printf_u                                0x00000000   Number         0  stubs.o ABSOLUTE
    _printf_wc                               0x00000000   Number         0  stubs.o ABSOLUTE
    _printf_wctomb                           0x00000000   Number         0  stubs.o ABSOLUTE
    _printf_widthprec                        0x00000000   Number         0  stubs.o ABSOLUTE
    _printf_x                                0x00000000   Number         0  stubs.o ABSOLUTE
    __arm_fini_                               - Undefined Weak Reference
    __cpp_initialize__aeabi_                  - Undefined Weak Reference
    __cxa_finalize                            - Undefined Weak Reference
    __decompress                              - Undefined Weak Reference
    _clock_init                               - Undefined Weak Reference
    _microlib_exit                            - Undefined Weak Reference
    __Vectors_Size                           0x00000188   Number         0  startup_stm32f405xx.o ABSOLUTE
    __Vectors                                0x08000000   Data           4  startup_stm32f405xx.o(RESET)
    __Vectors_End                            0x08000188   Data           0  startup_stm32f405xx.o(RESET)
    __main                                   0x08000189   Thumb Code     0  entry.o(.ARM.Collect$$$$00000000)
    _main_stk                                0x08000189   Thumb Code     0  entry2.o(.ARM.Collect$$$$00000001)
    _main_scatterload                        0x0800018d   Thumb Code     0  entry5.o(.ARM.Collect$$$$00000004)
    __main_after_scatterload                 0x08000191   Thumb Code     0  entry5.o(.ARM.Collect$$$$00000004)
    _main_clock                              0x08000191   Thumb Code     0  entry7b.o(.ARM.Collect$$$$00000008)
    _main_cpp_init                           0x08000191   Thumb Code     0  entry8b.o(.ARM.Collect$$$$0000000A)
    _main_init                               0x08000191   Thumb Code     0  entry9a.o(.ARM.Collect$$$$0000000B)
    __rt_lib_shutdown_fini                   0x08000199   Thumb Code     0  entry12b.o(.ARM.Collect$$$$0000000E)
    __rt_final_cpp                           0x0800019d   Thumb Code     0  entry10a.o(.ARM.Collect$$$$0000000F)
    __rt_final_exit                          0x0800019d   Thumb Code     0  entry11a.o(.ARM.Collect$$$$00000011)
    SVC_Handler                              0x080001a1   Thumb Code    28  port.o(.emb_text)
    __asm___6_port_c_39a90d8d__prvStartFirstTask 0x080001c1   Thumb Code    36  port.o(.emb_text)
    __asm___6_port_c_39a90d8d__prvEnableVFP  0x080001e9   Thumb Code    16  port.o(.emb_text)
    PendSV_Handler                           0x080001fd   Thumb Code    88  port.o(.emb_text)
    vPortGetIPSR                             0x08000259   Thumb Code     6  port.o(.emb_text)
    Reset_Handler                            0x08000261   Thumb Code     8  startup_stm32f405xx.o(.text)
    ADC_IRQHandler                           0x0800027b   Thumb Code     0  startup_stm32f405xx.o(.text)
    CAN1_RX0_IRQHandler                      0x0800027b   Thumb Code     0  startup_stm32f405xx.o(.text)
    CAN1_RX1_IRQHandler                      0x0800027b   Thumb Code     0  startup_stm32f405xx.o(.text)
    CAN1_SCE_IRQHandler                      0x0800027b   Thumb Code     0  startup_stm32f405xx.o(.text)
    CAN1_TX_IRQHandler                       0x0800027b   Thumb Code     0  startup_stm32f405xx.o(.text)
    CAN2_RX0_IRQHandler                      0x0800027b   Thumb Code     0  startup_stm32f405xx.o(.text)
    CAN2_RX1_IRQHandler                      0x0800027b   Thumb Code     0  startup_stm32f405xx.o(.text)
    CAN2_SCE_IRQHandler                      0x0800027b   Thumb Code     0  startup_stm32f405xx.o(.text)
    CAN2_TX_IRQHandler                       0x0800027b   Thumb Code     0  startup_stm32f405xx.o(.text)
    DMA1_Stream0_IRQHandler                  0x0800027b   Thumb Code     0  startup_stm32f405xx.o(.text)
    DMA1_Stream1_IRQHandler                  0x0800027b   Thumb Code     0  startup_stm32f405xx.o(.text)
    DMA1_Stream2_IRQHandler                  0x0800027b   Thumb Code     0  startup_stm32f405xx.o(.text)
    DMA1_Stream3_IRQHandler                  0x0800027b   Thumb Code     0  startup_stm32f405xx.o(.text)
    DMA1_Stream4_IRQHandler                  0x0800027b   Thumb Code     0  startup_stm32f405xx.o(.text)
    DMA1_Stream5_IRQHandler                  0x0800027b   Thumb Code     0  startup_stm32f405xx.o(.text)
    DMA1_Stream6_IRQHandler                  0x0800027b   Thumb Code     0  startup_stm32f405xx.o(.text)
    DMA1_Stream7_IRQHandler                  0x0800027b   Thumb Code     0  startup_stm32f405xx.o(.text)
    DMA2_Stream1_IRQHandler                  0x0800027b   Thumb Code     0  startup_stm32f405xx.o(.text)
    DMA2_Stream2_IRQHandler                  0x0800027b   Thumb Code     0  startup_stm32f405xx.o(.text)
    DMA2_Stream3_IRQHandler                  0x0800027b   Thumb Code     0  startup_stm32f405xx.o(.text)
    DMA2_Stream4_IRQHandler                  0x0800027b   Thumb Code     0  startup_stm32f405xx.o(.text)
    DMA2_Stream5_IRQHandler                  0x0800027b   Thumb Code     0  startup_stm32f405xx.o(.text)
    DMA2_Stream6_IRQHandler                  0x0800027b   Thumb Code     0  startup_stm32f405xx.o(.text)
    DMA2_Stream7_IRQHandler                  0x0800027b   Thumb Code     0  startup_stm32f405xx.o(.text)
    EXTI0_IRQHandler                         0x0800027b   Thumb Code     0  startup_stm32f405xx.o(.text)
    EXTI15_10_IRQHandler                     0x0800027b   Thumb Code     0  startup_stm32f405xx.o(.text)
    EXTI1_IRQHandler                         0x0800027b   Thumb Code     0  startup_stm32f405xx.o(.text)
    EXTI2_IRQHandler                         0x0800027b   Thumb Code     0  startup_stm32f405xx.o(.text)
    EXTI3_IRQHandler                         0x0800027b   Thumb Code     0  startup_stm32f405xx.o(.text)
    EXTI4_IRQHandler                         0x0800027b   Thumb Code     0  startup_stm32f405xx.o(.text)
    EXTI9_5_IRQHandler                       0x0800027b   Thumb Code     0  startup_stm32f405xx.o(.text)
    FLASH_IRQHandler                         0x0800027b   Thumb Code     0  startup_stm32f405xx.o(.text)
    FMC_IRQHandler                           0x0800027b   Thumb Code     0  startup_stm32f405xx.o(.text)
    FPU_IRQHandler                           0x0800027b   Thumb Code     0  startup_stm32f405xx.o(.text)
    HASH_RNG_IRQHandler                      0x0800027b   Thumb Code     0  startup_stm32f405xx.o(.text)
    I2C1_ER_IRQHandler                       0x0800027b   Thumb Code     0  startup_stm32f405xx.o(.text)
    I2C1_EV_IRQHandler                       0x0800027b   Thumb Code     0  startup_stm32f405xx.o(.text)
    I2C2_ER_IRQHandler                       0x0800027b   Thumb Code     0  startup_stm32f405xx.o(.text)
    I2C2_EV_IRQHandler                       0x0800027b   Thumb Code     0  startup_stm32f405xx.o(.text)
    I2C3_ER_IRQHandler                       0x0800027b   Thumb Code     0  startup_stm32f405xx.o(.text)
    I2C3_EV_IRQHandler                       0x0800027b   Thumb Code     0  startup_stm32f405xx.o(.text)
    OTG_FS_IRQHandler                        0x0800027b   Thumb Code     0  startup_stm32f405xx.o(.text)
    OTG_FS_WKUP_IRQHandler                   0x0800027b   Thumb Code     0  startup_stm32f405xx.o(.text)
    OTG_HS_EP1_IN_IRQHandler                 0x0800027b   Thumb Code     0  startup_stm32f405xx.o(.text)
    OTG_HS_EP1_OUT_IRQHandler                0x0800027b   Thumb Code     0  startup_stm32f405xx.o(.text)
    OTG_HS_IRQHandler                        0x0800027b   Thumb Code     0  startup_stm32f405xx.o(.text)
    OTG_HS_WKUP_IRQHandler                   0x0800027b   Thumb Code     0  startup_stm32f405xx.o(.text)
    PVD_IRQHandler                           0x0800027b   Thumb Code     0  startup_stm32f405xx.o(.text)
    RCC_IRQHandler                           0x0800027b   Thumb Code     0  startup_stm32f405xx.o(.text)
    RTC_Alarm_IRQHandler                     0x0800027b   Thumb Code     0  startup_stm32f405xx.o(.text)
    RTC_WKUP_IRQHandler                      0x0800027b   Thumb Code     0  startup_stm32f405xx.o(.text)
    SDIO_IRQHandler                          0x0800027b   Thumb Code     0  startup_stm32f405xx.o(.text)
    SPI1_IRQHandler                          0x0800027b   Thumb Code     0  startup_stm32f405xx.o(.text)
    SPI2_IRQHandler                          0x0800027b   Thumb Code     0  startup_stm32f405xx.o(.text)
    SPI3_IRQHandler                          0x0800027b   Thumb Code     0  startup_stm32f405xx.o(.text)
    TAMP_STAMP_IRQHandler                    0x0800027b   Thumb Code     0  startup_stm32f405xx.o(.text)
    TIM1_BRK_TIM9_IRQHandler                 0x0800027b   Thumb Code     0  startup_stm32f405xx.o(.text)
    TIM1_CC_IRQHandler                       0x0800027b   Thumb Code     0  startup_stm32f405xx.o(.text)
    TIM1_TRG_COM_TIM11_IRQHandler            0x0800027b   Thumb Code     0  startup_stm32f405xx.o(.text)
    TIM1_UP_TIM10_IRQHandler                 0x0800027b   Thumb Code     0  startup_stm32f405xx.o(.text)
    TIM2_IRQHandler                          0x0800027b   Thumb Code     0  startup_stm32f405xx.o(.text)
    TIM3_IRQHandler                          0x0800027b   Thumb Code     0  startup_stm32f405xx.o(.text)
    TIM4_IRQHandler                          0x0800027b   Thumb Code     0  startup_stm32f405xx.o(.text)
    TIM5_IRQHandler                          0x0800027b   Thumb Code     0  startup_stm32f405xx.o(.text)
    TIM7_IRQHandler                          0x0800027b   Thumb Code     0  startup_stm32f405xx.o(.text)
    TIM8_BRK_TIM12_IRQHandler                0x0800027b   Thumb Code     0  startup_stm32f405xx.o(.text)
    TIM8_CC_IRQHandler                       0x0800027b   Thumb Code     0  startup_stm32f405xx.o(.text)
    TIM8_TRG_COM_TIM14_IRQHandler            0x0800027b   Thumb Code     0  startup_stm32f405xx.o(.text)
    TIM8_UP_TIM13_IRQHandler                 0x0800027b   Thumb Code     0  startup_stm32f405xx.o(.text)
    UART4_IRQHandler                         0x0800027b   Thumb Code     0  startup_stm32f405xx.o(.text)
    UART5_IRQHandler                         0x0800027b   Thumb Code     0  startup_stm32f405xx.o(.text)
    USART1_IRQHandler                        0x0800027b   Thumb Code     0  startup_stm32f405xx.o(.text)
    USART2_IRQHandler                        0x0800027b   Thumb Code     0  startup_stm32f405xx.o(.text)
    USART3_IRQHandler                        0x0800027b   Thumb Code     0  startup_stm32f405xx.o(.text)
    USART6_IRQHandler                        0x0800027b   Thumb Code     0  startup_stm32f405xx.o(.text)
    WWDG_IRQHandler                          0x0800027b   Thumb Code     0  startup_stm32f405xx.o(.text)
    __aeabi_uldivmod                         0x08000285   Thumb Code    98  uldiv.o(.text)
    __aeabi_memcpy                           0x080002e7   Thumb Code    36  memcpya.o(.text)
    __aeabi_memcpy4                          0x080002e7   Thumb Code     0  memcpya.o(.text)
    __aeabi_memcpy8                          0x080002e7   Thumb Code     0  memcpya.o(.text)
    __aeabi_memset                           0x0800030b   Thumb Code    14  memseta.o(.text)
    __aeabi_memset4                          0x0800030b   Thumb Code     0  memseta.o(.text)
    __aeabi_memset8                          0x0800030b   Thumb Code     0  memseta.o(.text)
    __aeabi_memclr                           0x08000319   Thumb Code     4  memseta.o(.text)
    __aeabi_memclr4                          0x08000319   Thumb Code     0  memseta.o(.text)
    __aeabi_memclr8                          0x08000319   Thumb Code     0  memseta.o(.text)
    memset                                   0x0800031d   Thumb Code    18  memseta.o(.text)
    __aeabi_dmul                             0x0800032f   Thumb Code   228  dmul.o(.text)
    __aeabi_f2d                              0x08000413   Thumb Code    38  f2d.o(.text)
    __aeabi_uidiv                            0x08000439   Thumb Code     0  uidiv.o(.text)
    __aeabi_uidivmod                         0x08000439   Thumb Code    44  uidiv.o(.text)
    __aeabi_llsl                             0x08000465   Thumb Code    30  llshl.o(.text)
    _ll_shift_l                              0x08000465   Thumb Code     0  llshl.o(.text)
    __aeabi_llsr                             0x08000483   Thumb Code    32  llushr.o(.text)
    _ll_ushift_r                             0x08000483   Thumb Code     0  llushr.o(.text)
    __I$use$fp                               0x080004a3   Thumb Code     0  iusefp.o(.text)
    _double_round                            0x080004a3   Thumb Code    30  depilogue.o(.text)
    _double_epilogue                         0x080004c1   Thumb Code   156  depilogue.o(.text)
    __aeabi_dadd                             0x0800055d   Thumb Code   322  dadd.o(.text)
    __aeabi_dsub                             0x0800069f   Thumb Code     6  dadd.o(.text)
    __aeabi_drsub                            0x080006a5   Thumb Code     6  dadd.o(.text)
    __aeabi_ddiv                             0x080006ab   Thumb Code   222  ddiv.o(.text)
    __aeabi_d2ulz                            0x08000789   Thumb Code    48  dfixul.o(.text)
    __aeabi_cdrcmple                         0x080007b9   Thumb Code    48  cdrcmple.o(.text)
    __scatterload                            0x080007e9   Thumb Code    28  init.o(.text)
    __scatterload_rt2                        0x080007e9   Thumb Code     0  init.o(.text)
    __aeabi_lasr                             0x0800080d   Thumb Code    36  llsshr.o(.text)
    _ll_sshift_r                             0x0800080d   Thumb Code     0  llsshr.o(.text)
    BusFault_Handler                         0x08000959   Thumb Code     2  stm32f4xx_it.o(i.BusFault_Handler)
    DMA2_Stream0_IRQHandler                  0x0800095d   Thumb Code     6  stm32f4xx_it.o(i.DMA2_Stream0_IRQHandler)
    DebugMon_Handler                         0x080009e5   Thumb Code     2  stm32f4xx_it.o(i.DebugMon_Handler)
    Error_Handler                            0x080009e7   Thumb Code     4  main.o(i.Error_Handler)
    HAL_ADC_ConfigChannel                    0x080009ed   Thumb Code   316  stm32f4xx_hal_adc.o(i.HAL_ADC_ConfigChannel)
    HAL_ADC_Init                             0x08000b39   Thumb Code    84  stm32f4xx_hal_adc.o(i.HAL_ADC_Init)
    HAL_ADC_MspInit                          0x08000b8d   Thumb Code   132  adc.o(i.HAL_ADC_MspInit)
    HAL_DMA_IRQHandler                       0x08000c25   Thumb Code   412  stm32f4xx_hal_dma.o(i.HAL_DMA_IRQHandler)
    HAL_DMA_Init                             0x08000dc5   Thumb Code   206  stm32f4xx_hal_dma.o(i.HAL_DMA_Init)
    HAL_Delay                                0x08000e99   Thumb Code    32  stm32f4xx_hal.o(i.HAL_Delay)
    HAL_GPIO_Init                            0x08000ebd   Thumb Code   450  stm32f4xx_hal_gpio.o(i.HAL_GPIO_Init)
    HAL_GPIO_TogglePin                       0x080010ad   Thumb Code    16  stm32f4xx_hal_gpio.o(i.HAL_GPIO_TogglePin)
    HAL_GPIO_WritePin                        0x080010bd   Thumb Code    10  stm32f4xx_hal_gpio.o(i.HAL_GPIO_WritePin)
    HAL_GetTick                              0x080010c9   Thumb Code     6  stm32f4xx_hal.o(i.HAL_GetTick)
    HAL_I2C_Init                             0x080010d5   Thumb Code   376  stm32f4xx_hal_i2c.o(i.HAL_I2C_Init)
    HAL_I2C_MspInit                          0x0800125d   Thumb Code   154  i2c.o(i.HAL_I2C_MspInit)
    HAL_IncTick                              0x08001309   Thumb Code    12  stm32f4xx_hal.o(i.HAL_IncTick)
    HAL_Init                                 0x08001319   Thumb Code    48  stm32f4xx_hal.o(i.HAL_Init)
    HAL_InitTick                             0x0800134d   Thumb Code   100  stm32f4xx_hal_timebase_tim.o(i.HAL_InitTick)
    HAL_MspInit                              0x080013c1   Thumb Code    52  stm32f4xx_hal_msp.o(i.HAL_MspInit)
    HAL_NVIC_EnableIRQ                       0x080013f9   Thumb Code    26  stm32f4xx_hal_cortex.o(i.HAL_NVIC_EnableIRQ)
    HAL_NVIC_SetPriority                     0x08001415   Thumb Code    60  stm32f4xx_hal_cortex.o(i.HAL_NVIC_SetPriority)
    HAL_NVIC_SetPriorityGrouping             0x08001455   Thumb Code    26  stm32f4xx_hal_cortex.o(i.HAL_NVIC_SetPriorityGrouping)
    HAL_RCC_ClockConfig                      0x08001479   Thumb Code   288  stm32f4xx_hal_rcc.o(i.HAL_RCC_ClockConfig)
    HAL_RCC_GetClockConfig                   0x080015ad   Thumb Code    54  stm32f4xx_hal_rcc.o(i.HAL_RCC_GetClockConfig)
    HAL_RCC_GetPCLK1Freq                     0x080015ed   Thumb Code    20  stm32f4xx_hal_rcc.o(i.HAL_RCC_GetPCLK1Freq)
    HAL_RCC_GetPCLK2Freq                     0x0800160d   Thumb Code    20  stm32f4xx_hal_rcc.o(i.HAL_RCC_GetPCLK2Freq)
    HAL_RCC_GetSysClockFreq                  0x0800162d   Thumb Code    88  stm32f4xx_hal_rcc.o(i.HAL_RCC_GetSysClockFreq)
    HAL_RCC_OscConfig                        0x0800168d   Thumb Code   856  stm32f4xx_hal_rcc.o(i.HAL_RCC_OscConfig)
    HAL_TIMEx_BreakCallback                  0x080019f9   Thumb Code     2  stm32f4xx_hal_tim_ex.o(i.HAL_TIMEx_BreakCallback)
    HAL_TIMEx_CommutCallback                 0x080019fb   Thumb Code     2  stm32f4xx_hal_tim_ex.o(i.HAL_TIMEx_CommutCallback)
    HAL_TIMEx_ConfigBreakDeadTime            0x080019fd   Thumb Code    84  stm32f4xx_hal_tim_ex.o(i.HAL_TIMEx_ConfigBreakDeadTime)
    HAL_TIMEx_MasterConfigSynchronization    0x08001a51   Thumb Code   116  stm32f4xx_hal_tim_ex.o(i.HAL_TIMEx_MasterConfigSynchronization)
    HAL_TIM_Base_Init                        0x08001ae1   Thumb Code    90  stm32f4xx_hal_tim.o(i.HAL_TIM_Base_Init)
    HAL_TIM_Base_MspInit                     0x08001b3b   Thumb Code     2  stm32f4xx_hal_tim.o(i.HAL_TIM_Base_MspInit)
    HAL_TIM_Base_Start_IT                    0x08001b3d   Thumb Code   100  stm32f4xx_hal_tim.o(i.HAL_TIM_Base_Start_IT)
    HAL_TIM_Encoder_Init                     0x08001bbd   Thumb Code   164  stm32f4xx_hal_tim.o(i.HAL_TIM_Encoder_Init)
    HAL_TIM_Encoder_MspInit                  0x08001c61   Thumb Code   126  tim.o(i.HAL_TIM_Encoder_MspInit)
    HAL_TIM_Encoder_Start                    0x08001ced   Thumb Code   142  stm32f4xx_hal_tim.o(i.HAL_TIM_Encoder_Start)
    HAL_TIM_IC_CaptureCallback               0x08001d7b   Thumb Code     2  stm32f4xx_hal_tim.o(i.HAL_TIM_IC_CaptureCallback)
    HAL_TIM_IRQHandler                       0x08001d7d   Thumb Code   358  stm32f4xx_hal_tim.o(i.HAL_TIM_IRQHandler)
    HAL_TIM_MspPostInit                      0x08001ee5   Thumb Code    72  tim.o(i.HAL_TIM_MspPostInit)
    HAL_TIM_OC_ConfigChannel                 0x08001f39   Thumb Code    82  stm32f4xx_hal_tim.o(i.HAL_TIM_OC_ConfigChannel)
    HAL_TIM_OC_DelayElapsedCallback          0x08001f8b   Thumb Code     2  stm32f4xx_hal_tim.o(i.HAL_TIM_OC_DelayElapsedCallback)
    HAL_TIM_OC_Init                          0x08001f8d   Thumb Code    90  stm32f4xx_hal_tim.o(i.HAL_TIM_OC_Init)
    HAL_TIM_OC_MspInit                       0x08001fe9   Thumb Code    30  tim.o(i.HAL_TIM_OC_MspInit)
    HAL_TIM_PWM_PulseFinishedCallback        0x08002011   Thumb Code     2  stm32f4xx_hal_tim.o(i.HAL_TIM_PWM_PulseFinishedCallback)
    HAL_TIM_PWM_Start                        0x08002015   Thumb Code   172  stm32f4xx_hal_tim.o(i.HAL_TIM_PWM_Start)
    HAL_TIM_PeriodElapsedCallback            0x080020dd   Thumb Code    14  main.o(i.HAL_TIM_PeriodElapsedCallback)
    HAL_TIM_TriggerCallback                  0x080020f1   Thumb Code     2  stm32f4xx_hal_tim.o(i.HAL_TIM_TriggerCallback)
    HAL_UART_Init                            0x080020f3   Thumb Code    98  stm32f4xx_hal_uart.o(i.HAL_UART_Init)
    HAL_UART_MspInit                         0x08002155   Thumb Code   138  usart.o(i.HAL_UART_MspInit)
    HAL_UART_Transmit                        0x080021f1   Thumb Code   178  stm32f4xx_hal_uart.o(i.HAL_UART_Transmit)
    HardFault_Handler                        0x080022a3   Thumb Code     2  stm32f4xx_it.o(i.HardFault_Handler)
    I2C_Start                                0x080022a5   Thumb Code    60  oled.o(i.I2C_Start)
    I2C_Stop                                 0x080022e5   Thumb Code    42  oled.o(i.I2C_Stop)
    I2C_WaitAck                              0x08002315   Thumb Code    50  oled.o(i.I2C_WaitAck)
    IIC_delay                                0x0800234d   Thumb Code    10  oled.o(i.IIC_delay)
    MX_ADC1_Init                             0x08002359   Thumb Code   132  adc.o(i.MX_ADC1_Init)
    MX_DMA_Init                              0x080023e9   Thumb Code    40  dma.o(i.MX_DMA_Init)
    MX_FREERTOS_Init                         0x08002415   Thumb Code    18  freertos.o(i.MX_FREERTOS_Init)
    MX_GPIO_Init                             0x08002435   Thumb Code   116  gpio.o(i.MX_GPIO_Init)
    MX_I2C1_Init                             0x080024b1   Thumb Code    50  i2c.o(i.MX_I2C1_Init)
    MX_I2C2_Init                             0x080024f1   Thumb Code    50  i2c.o(i.MX_I2C2_Init)
    MX_TIM1_Init                             0x08002531   Thumb Code   148  tim.o(i.MX_TIM1_Init)
    MX_TIM2_Init                             0x080025cd   Thumb Code    96  tim.o(i.MX_TIM2_Init)
    MX_USART1_UART_Init                      0x08002631   Thumb Code    48  usart.o(i.MX_USART1_UART_Init)
    MX_USART2_UART_Init                      0x08002669   Thumb Code    48  usart.o(i.MX_USART2_UART_Init)
    MemManage_Handler                        0x080026a1   Thumb Code     2  stm32f4xx_it.o(i.MemManage_Handler)
    NMI_Handler                              0x080026a3   Thumb Code     2  stm32f4xx_it.o(i.NMI_Handler)
    OLED_Clear                               0x080026a5   Thumb Code    40  oled.o(i.OLED_Clear)
    OLED_DrawLine                            0x080026d1   Thumb Code   202  oled.o(i.OLED_DrawLine)
    OLED_DrawPoint                           0x0800279d   Thumb Code    40  oled.o(i.OLED_DrawPoint)
    OLED_Init                                0x080027c9   Thumb Code   282  oled.o(i.OLED_Init)
    OLED_Refresh                             0x080028ed   Thumb Code   100  oled.o(i.OLED_Refresh)
    OLED_ShowChar                            0x08002955   Thumb Code   212  oled.o(i.OLED_ShowChar)
    OLED_ShowString                          0x08002a39   Thumb Code    60  oled.o(i.OLED_ShowString)
    OLED_WR_Byte                             0x08002a75   Thumb Code    54  oled.o(i.OLED_WR_Byte)
    OLED_Windows_Style1                      0x08002aad   Thumb Code   152  oled.o(i.OLED_Windows_Style1)
    Send_Byte                                0x08002b61   Thumb Code    68  oled.o(i.Send_Byte)
    StartDefaultTask                         0x08002ba9   Thumb Code    58  freertos.o(i.StartDefaultTask)
    SysTick_Handler                          0x08002bed   Thumb Code    26  cmsis_os2.o(i.SysTick_Handler)
    SystemClock_Config                       0x08002c09   Thumb Code   138  main.o(i.SystemClock_Config)
    SystemInit                               0x08002c9d   Thumb Code    12  system_stm32f4xx.o(i.SystemInit)
    TIM6_DAC_IRQHandler                      0x08002cad   Thumb Code     6  stm32f4xx_it.o(i.TIM6_DAC_IRQHandler)
    TIM_Base_SetConfig                       0x08002cb9   Thumb Code   156  stm32f4xx_hal_tim.o(i.TIM_Base_SetConfig)
    TIM_CCxChannelCmd                        0x08002d81   Thumb Code    26  stm32f4xx_hal_tim.o(i.TIM_CCxChannelCmd)
    TIM_OC2_SetConfig                        0x08002dfd   Thumb Code    98  stm32f4xx_hal_tim.o(i.TIM_OC2_SetConfig)
    UsageFault_Handler                       0x080030a5   Thumb Code     2  stm32f4xx_it.o(i.UsageFault_Handler)
    VCMEncoderGetCnt                         0x080030a9   Thumb Code    56  am26c32.o(i.VCMEncoderGetCnt)
    VCMEncoderGetPosition                    0x080030e9   Thumb Code    56  am26c32.o(i.VCMEncoderGetPosition)
    VCMEncoderInit                           0x0800312d   Thumb Code    36  am26c32.o(i.VCMEncoderInit)
    __0printf                                0x0800315d   Thumb Code    22  printfa.o(i.__0printf)
    __1printf                                0x0800315d   Thumb Code     0  printfa.o(i.__0printf)
    __2printf                                0x0800315d   Thumb Code     0  printfa.o(i.__0printf)
    __c89printf                              0x0800315d   Thumb Code     0  printfa.o(i.__0printf)
    printf                                   0x0800315d   Thumb Code     0  printfa.o(i.__0printf)
    __scatterload_copy                       0x0800319d   Thumb Code    14  handlers.o(i.__scatterload_copy)
    __scatterload_null                       0x080031ab   Thumb Code     2  handlers.o(i.__scatterload_null)
    __scatterload_zeroinit                   0x080031ad   Thumb Code    14  handlers.o(i.__scatterload_zeroinit)
    fputc                                    0x08003a49   Thumb Code    20  usart.o(i.fputc)
    main                                     0x08003a61   Thumb Code    74  main.o(i.main)
    osDelay                                  0x08003ab1   Thumb Code    26  cmsis_os2.o(i.osDelay)
    osKernelInitialize                       0x08003acd   Thumb Code    32  cmsis_os2.o(i.osKernelInitialize)
    osKernelStart                            0x08003af1   Thumb Code    48  cmsis_os2.o(i.osKernelStart)
    osThreadNew                              0x08003b29   Thumb Code   138  cmsis_os2.o(i.osThreadNew)
    pvPortMalloc                             0x08004349   Thumb Code   216  heap_4.o(i.pvPortMalloc)
    pxPortInitialiseStack                    0x08004425   Thumb Code    40  port.o(i.pxPortInitialiseStack)
    uxListRemove                             0x08004451   Thumb Code    38  list.o(i.uxListRemove)
    vApplicationGetIdleTaskMemory            0x08004479   Thumb Code    16  cmsis_os2.o(i.vApplicationGetIdleTaskMemory)
    vApplicationGetTimerTaskMemory           0x0800448d   Thumb Code    18  cmsis_os2.o(i.vApplicationGetTimerTaskMemory)
    vListInitialise                          0x080044a5   Thumb Code    22  list.o(i.vListInitialise)
    vListInitialiseItem                      0x080044bb   Thumb Code     6  list.o(i.vListInitialiseItem)
    vListInsert                              0x080044c1   Thumb Code    48  list.o(i.vListInsert)
    vListInsertEnd                           0x080044f1   Thumb Code    24  list.o(i.vListInsertEnd)
    vPortEnterCritical                       0x08004509   Thumb Code    54  port.o(i.vPortEnterCritical)
    vPortExitCritical                        0x08004549   Thumb Code    34  port.o(i.vPortExitCritical)
    vPortFree                                0x08004571   Thumb Code    94  heap_4.o(i.vPortFree)
    vPortSetupTimerInterrupt                 0x080045d5   Thumb Code    32  port.o(i.vPortSetupTimerInterrupt)
    vPortValidateInterruptPriority           0x080045f9   Thumb Code    74  port.o(i.vPortValidateInterruptPriority)
    vQueueAddToRegistry                      0x0800464d   Thumb Code    34  queue.o(i.vQueueAddToRegistry)
    vQueueWaitForMessageRestricted           0x08004675   Thumb Code    68  queue.o(i.vQueueWaitForMessageRestricted)
    vTaskDelay                               0x080046b9   Thumb Code    66  tasks.o(i.vTaskDelay)
    vTaskInternalSetTimeOutState             0x08004705   Thumb Code    12  tasks.o(i.vTaskInternalSetTimeOutState)
    vTaskMissedYield                         0x08004715   Thumb Code     8  tasks.o(i.vTaskMissedYield)
    vTaskPlaceOnEventList                    0x08004721   Thumb Code    44  tasks.o(i.vTaskPlaceOnEventList)
    vTaskPlaceOnEventListRestricted          0x08004751   Thumb Code    52  tasks.o(i.vTaskPlaceOnEventListRestricted)
    vTaskStartScheduler                      0x08004789   Thumb Code   118  tasks.o(i.vTaskStartScheduler)
    vTaskSuspendAll                          0x08004811   Thumb Code    10  tasks.o(i.vTaskSuspendAll)
    vTaskSwitchContext                       0x08004821   Thumb Code    90  tasks.o(i.vTaskSwitchContext)
    xPortStartScheduler                      0x08004885   Thumb Code   222  port.o(i.xPortStartScheduler)
    xPortSysTickHandler                      0x08004979   Thumb Code    38  port.o(i.xPortSysTickHandler)
    xQueueGenericCreateStatic                0x080049a5   Thumb Code   102  queue.o(i.xQueueGenericCreateStatic)
    xQueueGenericReset                       0x08004a0d   Thumb Code   132  queue.o(i.xQueueGenericReset)
    xQueueGenericSend                        0x08004a95   Thumb Code   346  queue.o(i.xQueueGenericSend)
    xQueueGenericSendFromISR                 0x08004bf5   Thumb Code   190  queue.o(i.xQueueGenericSendFromISR)
    xQueueReceive                            0x08004cb5   Thumb Code   308  queue.o(i.xQueueReceive)
    xTaskCheckForTimeOut                     0x08004ded   Thumb Code   112  tasks.o(i.xTaskCheckForTimeOut)
    xTaskCreate                              0x08004e61   Thumb Code    90  tasks.o(i.xTaskCreate)
    xTaskCreateStatic                        0x08004ebb   Thumb Code    86  tasks.o(i.xTaskCreateStatic)
    xTaskGetSchedulerState                   0x08004f11   Thumb Code    22  tasks.o(i.xTaskGetSchedulerState)
    xTaskGetTickCount                        0x08004f2d   Thumb Code     6  tasks.o(i.xTaskGetTickCount)
    xTaskIncrementTick                       0x08004f39   Thumb Code   192  tasks.o(i.xTaskIncrementTick)
    xTaskPriorityDisinherit                  0x08005001   Thumb Code   118  tasks.o(i.xTaskPriorityDisinherit)
    xTaskRemoveFromEventList                 0x08005081   Thumb Code    98  tasks.o(i.xTaskRemoveFromEventList)
    xTaskResumeAll                           0x080050f1   Thumb Code   182  tasks.o(i.xTaskResumeAll)
    xTimerCreateTimerTask                    0x080051b5   Thumb Code    78  timers.o(i.xTimerCreateTimerTask)
    xTimerGenericCommand                     0x08005215   Thumb Code    98  timers.o(i.xTimerGenericCommand)
    defaultTask_attributes                   0x0800527c   Data          36  freertos.o(.constdata)
    AHBPrescTable                            0x080052a8   Data          16  system_stm32f4xx.o(.constdata)
    APBPrescTable                            0x080052b8   Data           8  system_stm32f4xx.o(.constdata)
    asc2_0806                                0x080052c0   Data         552  oled.o(.constdata)
    asc2_1206                                0x080054e8   Data        1140  oled.o(.constdata)
    asc2_1608                                0x0800595c   Data        1520  oled.o(.constdata)
    asc2_2412                                0x08005f4c   Data        3420  oled.o(.constdata)
    Hzk1                                     0x08006ca8   Data         384  oled.o(.constdata)
    Hzk2                                     0x08006e28   Data          72  oled.o(.constdata)
    Hzk3                                     0x08006e70   Data         128  oled.o(.constdata)
    Hzk4                                     0x08006ef0   Data         512  oled.o(.constdata)
    Region$$Table$$Base                      0x080070fc   Number         0  anon$$obj.o(Region$$Table)
    Region$$Table$$Limit                     0x0800711c   Number         0  anon$$obj.o(Region$$Table)
    defaultTaskHandle                        0x20000000   Data           4  freertos.o(.data)
    uwTickFreq                               0x20000004   Data           1  stm32f4xx_hal.o(.data)
    uwTickPrio                               0x20000008   Data           4  stm32f4xx_hal.o(.data)
    uwTick                                   0x2000000c   Data           4  stm32f4xx_hal.o(.data)
    SystemCoreClock                          0x20000010   Data           4  system_stm32f4xx.o(.data)
    pxCurrentTCB                             0x20000014   Data           4  tasks.o(.data)
    gVCMEncoder                              0x20000094   Data           8  am26c32.o(.data)
    __stdout                                 0x2000009c   Data           4  stdout.o(.data)
    hadc1                                    0x200000a0   Data          72  adc.o(.bss)
    hdma_adc1                                0x200000e8   Data          96  adc.o(.bss)
    hi2c1                                    0x20000148   Data          84  i2c.o(.bss)
    hi2c2                                    0x2000019c   Data          84  i2c.o(.bss)
    htim1                                    0x200001f0   Data          72  tim.o(.bss)
    htim2                                    0x20000238   Data          72  tim.o(.bss)
    huart1                                   0x20000280   Data          68  usart.o(.bss)
    huart2                                   0x200002c4   Data          68  usart.o(.bss)
    htim6                                    0x20000308   Data          72  stm32f4xx_hal_timebase_tim.o(.bss)
    xQueueRegistry                           0x20000350   Data          64  queue.o(.bss)
    OLED_GRAM                                0x20004c24   Data        1536  oled.o(.bss)
    __initial_sp                             0x20005828   Data           0  startup_stm32f405xx.o(STACK)



==============================================================================

Memory Map of the image

  Image Entry point : 0x08000189

  Load Region LR_IROM1 (Base: 0x08000000, Size: 0x000071bc, Max: 0x00100000, ABSOLUTE)

    Execution Region ER_IROM1 (Exec base: 0x08000000, Load base: 0x08000000, Size: 0x0000711c, Max: 0x00100000, ABSOLUTE)

    Exec Addr    Load Addr    Size         Type   Attr      Idx    E Section Name        Object

    0x08000000   0x08000000   0x00000188   Data   RO            3    RESET               startup_stm32f405xx.o
    0x08000188   0x08000188   0x00000000   Code   RO         6111  * .ARM.Collect$$$$00000000  mc_w.l(entry.o)
    0x08000188   0x08000188   0x00000004   Code   RO         6393    .ARM.Collect$$$$00000001  mc_w.l(entry2.o)
    0x0800018c   0x0800018c   0x00000004   Code   RO         6396    .ARM.Collect$$$$00000004  mc_w.l(entry5.o)
    0x08000190   0x08000190   0x00000000   Code   RO         6398    .ARM.Collect$$$$00000008  mc_w.l(entry7b.o)
    0x08000190   0x08000190   0x00000000   Code   RO         6400    .ARM.Collect$$$$0000000A  mc_w.l(entry8b.o)
    0x08000190   0x08000190   0x00000008   Code   RO         6401    .ARM.Collect$$$$0000000B  mc_w.l(entry9a.o)
    0x08000198   0x08000198   0x00000004   Code   RO         6408    .ARM.Collect$$$$0000000E  mc_w.l(entry12b.o)
    0x0800019c   0x0800019c   0x00000000   Code   RO         6403    .ARM.Collect$$$$0000000F  mc_w.l(entry10a.o)
    0x0800019c   0x0800019c   0x00000000   Code   RO         6405    .ARM.Collect$$$$00000011  mc_w.l(entry11a.o)
    0x0800019c   0x0800019c   0x00000004   Code   RO         6394    .ARM.Collect$$$$00002712  mc_w.l(entry2.o)
    0x080001a0   0x080001a0   0x000000be   Code   RO         5655    .emb_text           port.o
    0x0800025e   0x0800025e   0x00000002   PAD
    0x08000260   0x08000260   0x00000024   Code   RO            4    .text               startup_stm32f405xx.o
    0x08000284   0x08000284   0x00000062   Code   RO         6114    .text               mc_w.l(uldiv.o)
    0x080002e6   0x080002e6   0x00000024   Code   RO         6116    .text               mc_w.l(memcpya.o)
    0x0800030a   0x0800030a   0x00000024   Code   RO         6120    .text               mc_w.l(memseta.o)
    0x0800032e   0x0800032e   0x000000e4   Code   RO         6385    .text               mf_w.l(dmul.o)
    0x08000412   0x08000412   0x00000026   Code   RO         6389    .text               mf_w.l(f2d.o)
    0x08000438   0x08000438   0x0000002c   Code   RO         6410    .text               mc_w.l(uidiv.o)
    0x08000464   0x08000464   0x0000001e   Code   RO         6412    .text               mc_w.l(llshl.o)
    0x08000482   0x08000482   0x00000020   Code   RO         6414    .text               mc_w.l(llushr.o)
    0x080004a2   0x080004a2   0x00000000   Code   RO         6416    .text               mc_w.l(iusefp.o)
    0x080004a2   0x080004a2   0x000000ba   Code   RO         6419    .text               mf_w.l(depilogue.o)
    0x0800055c   0x0800055c   0x0000014e   Code   RO         6421    .text               mf_w.l(dadd.o)
    0x080006aa   0x080006aa   0x000000de   Code   RO         6423    .text               mf_w.l(ddiv.o)
    0x08000788   0x08000788   0x00000030   Code   RO         6425    .text               mf_w.l(dfixul.o)
    0x080007b8   0x080007b8   0x00000030   Code   RO         6427    .text               mf_w.l(cdrcmple.o)
    0x080007e8   0x080007e8   0x00000024   Code   RO         6429    .text               mc_w.l(init.o)
    0x0800080c   0x0800080c   0x00000024   Code   RO         6431    .text               mc_w.l(llsshr.o)
    0x08000830   0x08000830   0x00000128   Code   RO          752    i.ADC_Init          stm32f4xx_hal_adc.o
    0x08000958   0x08000958   0x00000002   Code   RO          564    i.BusFault_Handler  stm32f4xx_it.o
    0x0800095a   0x0800095a   0x00000002   PAD
    0x0800095c   0x0800095c   0x0000000c   Code   RO          565    i.DMA2_Stream0_IRQHandler  stm32f4xx_it.o
    0x08000968   0x08000968   0x00000028   Code   RO         1486    i.DMA_CalcBaseAndBitshift  stm32f4xx_hal_dma.o
    0x08000990   0x08000990   0x00000054   Code   RO         1487    i.DMA_CheckFifoParam  stm32f4xx_hal_dma.o
    0x080009e4   0x080009e4   0x00000002   Code   RO          566    i.DebugMon_Handler  stm32f4xx_it.o
    0x080009e6   0x080009e6   0x00000004   Code   RO           13    i.Error_Handler     main.o
    0x080009ea   0x080009ea   0x00000002   PAD
    0x080009ec   0x080009ec   0x0000014c   Code   RO          754    i.HAL_ADC_ConfigChannel  stm32f4xx_hal_adc.o
    0x08000b38   0x08000b38   0x00000054   Code   RO          763    i.HAL_ADC_Init      stm32f4xx_hal_adc.o
    0x08000b8c   0x08000b8c   0x00000098   Code   RO          325    i.HAL_ADC_MspInit   adc.o
    0x08000c24   0x08000c24   0x000001a0   Code   RO         1494    i.HAL_DMA_IRQHandler  stm32f4xx_hal_dma.o
    0x08000dc4   0x08000dc4   0x000000d4   Code   RO         1495    i.HAL_DMA_Init      stm32f4xx_hal_dma.o
    0x08000e98   0x08000e98   0x00000024   Code   RO         1908    i.HAL_Delay         stm32f4xx_hal.o
    0x08000ebc   0x08000ebc   0x000001f0   Code   RO         1382    i.HAL_GPIO_Init     stm32f4xx_hal_gpio.o
    0x080010ac   0x080010ac   0x00000010   Code   RO         1385    i.HAL_GPIO_TogglePin  stm32f4xx_hal_gpio.o
    0x080010bc   0x080010bc   0x0000000a   Code   RO         1386    i.HAL_GPIO_WritePin  stm32f4xx_hal_gpio.o
    0x080010c6   0x080010c6   0x00000002   PAD
    0x080010c8   0x080010c8   0x0000000c   Code   RO         1914    i.HAL_GetTick       stm32f4xx_hal.o
    0x080010d4   0x080010d4   0x00000188   Code   RO         2170    i.HAL_I2C_Init      stm32f4xx_hal_i2c.o
    0x0800125c   0x0800125c   0x000000ac   Code   RO          391    i.HAL_I2C_MspInit   i2c.o
    0x08001308   0x08001308   0x00000010   Code   RO         1920    i.HAL_IncTick       stm32f4xx_hal.o
    0x08001318   0x08001318   0x00000034   Code   RO         1921    i.HAL_Init          stm32f4xx_hal.o
    0x0800134c   0x0800134c   0x00000074   Code   RO          658    i.HAL_InitTick      stm32f4xx_hal_timebase_tim.o
    0x080013c0   0x080013c0   0x00000038   Code   RO          634    i.HAL_MspInit       stm32f4xx_hal_msp.o
    0x080013f8   0x080013f8   0x0000001a   Code   RO         1771    i.HAL_NVIC_EnableIRQ  stm32f4xx_hal_cortex.o
    0x08001412   0x08001412   0x00000002   PAD
    0x08001414   0x08001414   0x00000040   Code   RO         1777    i.HAL_NVIC_SetPriority  stm32f4xx_hal_cortex.o
    0x08001454   0x08001454   0x00000024   Code   RO         1778    i.HAL_NVIC_SetPriorityGrouping  stm32f4xx_hal_cortex.o
    0x08001478   0x08001478   0x00000134   Code   RO         1028    i.HAL_RCC_ClockConfig  stm32f4xx_hal_rcc.o
    0x080015ac   0x080015ac   0x00000040   Code   RO         1032    i.HAL_RCC_GetClockConfig  stm32f4xx_hal_rcc.o
    0x080015ec   0x080015ec   0x00000020   Code   RO         1035    i.HAL_RCC_GetPCLK1Freq  stm32f4xx_hal_rcc.o
    0x0800160c   0x0800160c   0x00000020   Code   RO         1036    i.HAL_RCC_GetPCLK2Freq  stm32f4xx_hal_rcc.o
    0x0800162c   0x0800162c   0x00000060   Code   RO         1037    i.HAL_RCC_GetSysClockFreq  stm32f4xx_hal_rcc.o
    0x0800168c   0x0800168c   0x0000036c   Code   RO         1040    i.HAL_RCC_OscConfig  stm32f4xx_hal_rcc.o
    0x080019f8   0x080019f8   0x00000002   Code   RO         3315    i.HAL_TIMEx_BreakCallback  stm32f4xx_hal_tim_ex.o
    0x080019fa   0x080019fa   0x00000002   Code   RO         3316    i.HAL_TIMEx_CommutCallback  stm32f4xx_hal_tim_ex.o
    0x080019fc   0x080019fc   0x00000054   Code   RO         3318    i.HAL_TIMEx_ConfigBreakDeadTime  stm32f4xx_hal_tim_ex.o
    0x08001a50   0x08001a50   0x00000090   Code   RO         3334    i.HAL_TIMEx_MasterConfigSynchronization  stm32f4xx_hal_tim_ex.o
    0x08001ae0   0x08001ae0   0x0000005a   Code   RO         2611    i.HAL_TIM_Base_Init  stm32f4xx_hal_tim.o
    0x08001b3a   0x08001b3a   0x00000002   Code   RO         2613    i.HAL_TIM_Base_MspInit  stm32f4xx_hal_tim.o
    0x08001b3c   0x08001b3c   0x00000080   Code   RO         2616    i.HAL_TIM_Base_Start_IT  stm32f4xx_hal_tim.o
    0x08001bbc   0x08001bbc   0x000000a4   Code   RO         2632    i.HAL_TIM_Encoder_Init  stm32f4xx_hal_tim.o
    0x08001c60   0x08001c60   0x0000008c   Code   RO          439    i.HAL_TIM_Encoder_MspInit  tim.o
    0x08001cec   0x08001cec   0x0000008e   Code   RO         2635    i.HAL_TIM_Encoder_Start  stm32f4xx_hal_tim.o
    0x08001d7a   0x08001d7a   0x00000002   Code   RO         2645    i.HAL_TIM_IC_CaptureCallback  stm32f4xx_hal_tim.o
    0x08001d7c   0x08001d7c   0x00000166   Code   RO         2659    i.HAL_TIM_IRQHandler  stm32f4xx_hal_tim.o
    0x08001ee2   0x08001ee2   0x00000002   PAD
    0x08001ee4   0x08001ee4   0x00000054   Code   RO          440    i.HAL_TIM_MspPostInit  tim.o
    0x08001f38   0x08001f38   0x00000052   Code   RO         2660    i.HAL_TIM_OC_ConfigChannel  stm32f4xx_hal_tim.o
    0x08001f8a   0x08001f8a   0x00000002   Code   RO         2662    i.HAL_TIM_OC_DelayElapsedCallback  stm32f4xx_hal_tim.o
    0x08001f8c   0x08001f8c   0x0000005a   Code   RO         2664    i.HAL_TIM_OC_Init   stm32f4xx_hal_tim.o
    0x08001fe6   0x08001fe6   0x00000002   PAD
    0x08001fe8   0x08001fe8   0x00000028   Code   RO          442    i.HAL_TIM_OC_MspInit  tim.o
    0x08002010   0x08002010   0x00000002   Code   RO         2689    i.HAL_TIM_PWM_PulseFinishedCallback  stm32f4xx_hal_tim.o
    0x08002012   0x08002012   0x00000002   PAD
    0x08002014   0x08002014   0x000000c8   Code   RO         2691    i.HAL_TIM_PWM_Start  stm32f4xx_hal_tim.o
    0x080020dc   0x080020dc   0x00000014   Code   RO           14    i.HAL_TIM_PeriodElapsedCallback  main.o
    0x080020f0   0x080020f0   0x00000002   Code   RO         2702    i.HAL_TIM_TriggerCallback  stm32f4xx_hal_tim.o
    0x080020f2   0x080020f2   0x00000062   Code   RO         3611    i.HAL_UART_Init     stm32f4xx_hal_uart.o
    0x08002154   0x08002154   0x0000009c   Code   RO          505    i.HAL_UART_MspInit  usart.o
    0x080021f0   0x080021f0   0x000000b2   Code   RO         3619    i.HAL_UART_Transmit  stm32f4xx_hal_uart.o
    0x080022a2   0x080022a2   0x00000002   Code   RO          567    i.HardFault_Handler  stm32f4xx_it.o
    0x080022a4   0x080022a4   0x00000040   Code   RO         5735    i.I2C_Start         oled.o
    0x080022e4   0x080022e4   0x00000030   Code   RO         5736    i.I2C_Stop          oled.o
    0x08002314   0x08002314   0x00000038   Code   RO         5737    i.I2C_WaitAck       oled.o
    0x0800234c   0x0800234c   0x0000000a   Code   RO         5738    i.IIC_delay         oled.o
    0x08002356   0x08002356   0x00000002   PAD
    0x08002358   0x08002358   0x00000090   Code   RO          326    i.MX_ADC1_Init      adc.o
    0x080023e8   0x080023e8   0x0000002c   Code   RO          366    i.MX_DMA_Init       dma.o
    0x08002414   0x08002414   0x00000020   Code   RO          277    i.MX_FREERTOS_Init  freertos.o
    0x08002434   0x08002434   0x0000007c   Code   RO          253    i.MX_GPIO_Init      gpio.o
    0x080024b0   0x080024b0   0x00000040   Code   RO          392    i.MX_I2C1_Init      i2c.o
    0x080024f0   0x080024f0   0x00000040   Code   RO          393    i.MX_I2C2_Init      i2c.o
    0x08002530   0x08002530   0x0000009c   Code   RO          443    i.MX_TIM1_Init      tim.o
    0x080025cc   0x080025cc   0x00000064   Code   RO          444    i.MX_TIM2_Init      tim.o
    0x08002630   0x08002630   0x00000038   Code   RO          506    i.MX_USART1_UART_Init  usart.o
    0x08002668   0x08002668   0x00000038   Code   RO          507    i.MX_USART2_UART_Init  usart.o
    0x080026a0   0x080026a0   0x00000002   Code   RO          568    i.MemManage_Handler  stm32f4xx_it.o
    0x080026a2   0x080026a2   0x00000002   Code   RO          569    i.NMI_Handler       stm32f4xx_it.o
    0x080026a4   0x080026a4   0x0000002c   Code   RO         5739    i.OLED_Clear        oled.o
    0x080026d0   0x080026d0   0x000000ca   Code   RO         5745    i.OLED_DrawLine     oled.o
    0x0800279a   0x0800279a   0x00000002   PAD
    0x0800279c   0x0800279c   0x0000002c   Code   RO         5746    i.OLED_DrawPoint    oled.o
    0x080027c8   0x080027c8   0x00000124   Code   RO         5747    i.OLED_Init         oled.o
    0x080028ec   0x080028ec   0x00000068   Code   RO         5749    i.OLED_Refresh      oled.o
    0x08002954   0x08002954   0x000000e4   Code   RO         5751    i.OLED_ShowChar     oled.o
    0x08002a38   0x08002a38   0x0000003c   Code   RO         5755    i.OLED_ShowString   oled.o
    0x08002a74   0x08002a74   0x00000036   Code   RO         5756    i.OLED_WR_Byte      oled.o
    0x08002aaa   0x08002aaa   0x00000002   PAD
    0x08002aac   0x08002aac   0x000000b4   Code   RO         5757    i.OLED_Windows_Style1  oled.o
    0x08002b60   0x08002b60   0x00000048   Code   RO         5758    i.Send_Byte         oled.o
    0x08002ba8   0x08002ba8   0x00000044   Code   RO          278    i.StartDefaultTask  freertos.o
    0x08002bec   0x08002bec   0x0000001a   Code   RO         5087    i.SysTick_Handler   cmsis_os2.o
    0x08002c06   0x08002c06   0x00000002   PAD
    0x08002c08   0x08002c08   0x00000094   Code   RO           15    i.SystemClock_Config  main.o
    0x08002c9c   0x08002c9c   0x00000010   Code   RO         3940    i.SystemInit        system_stm32f4xx.o
    0x08002cac   0x08002cac   0x0000000c   Code   RO          570    i.TIM6_DAC_IRQHandler  stm32f4xx_it.o
    0x08002cb8   0x08002cb8   0x000000c8   Code   RO         2704    i.TIM_Base_SetConfig  stm32f4xx_hal_tim.o
    0x08002d80   0x08002d80   0x0000001a   Code   RO         2705    i.TIM_CCxChannelCmd  stm32f4xx_hal_tim.o
    0x08002d9a   0x08002d9a   0x00000002   PAD
    0x08002d9c   0x08002d9c   0x00000060   Code   RO         2717    i.TIM_OC1_SetConfig  stm32f4xx_hal_tim.o
    0x08002dfc   0x08002dfc   0x0000006c   Code   RO         2718    i.TIM_OC2_SetConfig  stm32f4xx_hal_tim.o
    0x08002e68   0x08002e68   0x00000068   Code   RO         2719    i.TIM_OC3_SetConfig  stm32f4xx_hal_tim.o
    0x08002ed0   0x08002ed0   0x00000050   Code   RO         2720    i.TIM_OC4_SetConfig  stm32f4xx_hal_tim.o
    0x08002f20   0x08002f20   0x0000010c   Code   RO         3637    i.UART_SetConfig    stm32f4xx_hal_uart.o
    0x0800302c   0x0800302c   0x00000078   Code   RO         3640    i.UART_WaitOnFlagUntilTimeout  stm32f4xx_hal_uart.o
    0x080030a4   0x080030a4   0x00000002   Code   RO          571    i.UsageFault_Handler  stm32f4xx_it.o
    0x080030a6   0x080030a6   0x00000002   PAD
    0x080030a8   0x080030a8   0x00000040   Code   RO         5901    i.VCMEncoderGetCnt  am26c32.o
    0x080030e8   0x080030e8   0x00000044   Code   RO         5902    i.VCMEncoderGetPosition  am26c32.o
    0x0800312c   0x0800312c   0x00000030   Code   RO         5903    i.VCMEncoderInit    am26c32.o
    0x0800315c   0x0800315c   0x00000020   Code   RO         6357    i.__0printf         mc_w.l(printfa.o)
    0x0800317c   0x0800317c   0x00000020   Code   RO         1784    i.__NVIC_SetPriority  stm32f4xx_hal_cortex.o
    0x0800319c   0x0800319c   0x0000000e   Code   RO         6435    i.__scatterload_copy  mc_w.l(handlers.o)
    0x080031aa   0x080031aa   0x00000002   Code   RO         6436    i.__scatterload_null  mc_w.l(handlers.o)
    0x080031ac   0x080031ac   0x0000000e   Code   RO         6437    i.__scatterload_zeroinit  mc_w.l(handlers.o)
    0x080031ba   0x080031ba   0x00000002   PAD
    0x080031bc   0x080031bc   0x00000184   Code   RO         6364    i._fp_digits        mc_w.l(printfa.o)
    0x08003340   0x08003340   0x000006b4   Code   RO         6365    i._printf_core      mc_w.l(printfa.o)
    0x080039f4   0x080039f4   0x00000024   Code   RO         6366    i._printf_post_padding  mc_w.l(printfa.o)
    0x08003a18   0x08003a18   0x0000002e   Code   RO         6367    i._printf_pre_padding  mc_w.l(printfa.o)
    0x08003a46   0x08003a46   0x00000002   PAD
    0x08003a48   0x08003a48   0x00000018   Code   RO          509    i.fputc             usart.o
    0x08003a60   0x08003a60   0x00000050   Code   RO           16    i.main              main.o
    0x08003ab0   0x08003ab0   0x0000001a   Code   RO         5089    i.osDelay           cmsis_os2.o
    0x08003aca   0x08003aca   0x00000002   PAD
    0x08003acc   0x08003acc   0x00000024   Code   RO         5103    i.osKernelInitialize  cmsis_os2.o
    0x08003af0   0x08003af0   0x00000038   Code   RO         5106    i.osKernelStart     cmsis_os2.o
    0x08003b28   0x08003b28   0x0000008a   Code   RO         5148    i.osThreadNew       cmsis_os2.o
    0x08003bb2   0x08003bb2   0x00000002   PAD
    0x08003bb4   0x08003bb4   0x0000005c   Code   RO         4548    i.prvAddCurrentTaskToDelayedList  tasks.o
    0x08003c10   0x08003c10   0x000000d0   Code   RO         4549    i.prvAddNewTaskToReadyList  tasks.o
    0x08003ce0   0x08003ce0   0x00000058   Code   RO         4913    i.prvCheckForValidListAndQueue  timers.o
    0x08003d38   0x08003d38   0x00000026   Code   RO         4145    i.prvCopyDataFromQueue  queue.o
    0x08003d5e   0x08003d5e   0x0000006c   Code   RO         4146    i.prvCopyDataToQueue  queue.o
    0x08003dca   0x08003dca   0x00000034   Code   RO         4550    i.prvDeleteTCB      tasks.o
    0x08003dfe   0x08003dfe   0x00000002   PAD
    0x08003e00   0x08003e00   0x0000004c   Code   RO         5600    i.prvHeapInit       heap_4.o
    0x08003e4c   0x08003e4c   0x00000060   Code   RO         4551    i.prvIdleTask       tasks.o
    0x08003eac   0x08003eac   0x00000022   Code   RO         4148    i.prvInitialiseNewQueue  queue.o
    0x08003ece   0x08003ece   0x00000002   PAD
    0x08003ed0   0x08003ed0   0x000000b0   Code   RO         4552    i.prvInitialiseNewTask  tasks.o
    0x08003f80   0x08003f80   0x0000004c   Code   RO         5601    i.prvInsertBlockIntoFreeList  heap_4.o
    0x08003fcc   0x08003fcc   0x00000038   Code   RO         4915    i.prvInsertTimerInActiveList  timers.o
    0x08004004   0x08004004   0x0000001c   Code   RO         4149    i.prvIsQueueEmpty   queue.o
    0x08004020   0x08004020   0x000000fc   Code   RO         4916    i.prvProcessReceivedCommands  timers.o
    0x0800411c   0x0800411c   0x000000c0   Code   RO         4917    i.prvProcessTimerOrBlockTask  timers.o
    0x080041dc   0x080041dc   0x00000020   Code   RO         4554    i.prvResetNextTaskUnblockTime  tasks.o
    0x080041fc   0x080041fc   0x00000028   Code   RO         4918    i.prvSampleTimeNow  timers.o
    0x08004224   0x08004224   0x0000006c   Code   RO         4919    i.prvSwitchTimerLists  timers.o
    0x08004290   0x08004290   0x00000028   Code   RO         5656    i.prvTaskExitError  port.o
    0x080042b8   0x080042b8   0x00000024   Code   RO         4920    i.prvTimerTask      timers.o
    0x080042dc   0x080042dc   0x0000006a   Code   RO         4150    i.prvUnlockQueue    queue.o
    0x08004346   0x08004346   0x00000002   PAD
    0x08004348   0x08004348   0x000000dc   Code   RO         5602    i.pvPortMalloc      heap_4.o
    0x08004424   0x08004424   0x0000002c   Code   RO         5657    i.pxPortInitialiseStack  port.o
    0x08004450   0x08004450   0x00000026   Code   RO         4105    i.uxListRemove      list.o
    0x08004476   0x08004476   0x00000002   PAD
    0x08004478   0x08004478   0x00000014   Code   RO         5160    i.vApplicationGetIdleTaskMemory  cmsis_os2.o
    0x0800448c   0x0800448c   0x00000018   Code   RO         5161    i.vApplicationGetTimerTaskMemory  cmsis_os2.o
    0x080044a4   0x080044a4   0x00000016   Code   RO         4106    i.vListInitialise   list.o
    0x080044ba   0x080044ba   0x00000006   Code   RO         4107    i.vListInitialiseItem  list.o
    0x080044c0   0x080044c0   0x00000030   Code   RO         4108    i.vListInsert       list.o
    0x080044f0   0x080044f0   0x00000018   Code   RO         4109    i.vListInsertEnd    list.o
    0x08004508   0x08004508   0x00000040   Code   RO         5659    i.vPortEnterCritical  port.o
    0x08004548   0x08004548   0x00000028   Code   RO         5660    i.vPortExitCritical  port.o
    0x08004570   0x08004570   0x00000064   Code   RO         5603    i.vPortFree         heap_4.o
    0x080045d4   0x080045d4   0x00000024   Code   RO         5661    i.vPortSetupTimerInterrupt  port.o
    0x080045f8   0x080045f8   0x00000054   Code   RO         5662    i.vPortValidateInterruptPriority  port.o
    0x0800464c   0x0800464c   0x00000028   Code   RO         4156    i.vQueueAddToRegistry  queue.o
    0x08004674   0x08004674   0x00000044   Code   RO         4160    i.vQueueWaitForMessageRestricted  queue.o
    0x080046b8   0x080046b8   0x0000004c   Code   RO         4567    i.vTaskDelay        tasks.o
    0x08004704   0x08004704   0x00000010   Code   RO         4572    i.vTaskInternalSetTimeOutState  tasks.o
    0x08004714   0x08004714   0x0000000c   Code   RO         4573    i.vTaskMissedYield  tasks.o
    0x08004720   0x08004720   0x00000030   Code   RO         4575    i.vTaskPlaceOnEventList  tasks.o
    0x08004750   0x08004750   0x00000038   Code   RO         4576    i.vTaskPlaceOnEventListRestricted  tasks.o
    0x08004788   0x08004788   0x00000088   Code   RO         4584    i.vTaskStartScheduler  tasks.o
    0x08004810   0x08004810   0x00000010   Code   RO         4586    i.vTaskSuspendAll   tasks.o
    0x08004820   0x08004820   0x00000064   Code   RO         4587    i.vTaskSwitchContext  tasks.o
    0x08004884   0x08004884   0x000000f4   Code   RO         5663    i.xPortStartScheduler  port.o
    0x08004978   0x08004978   0x0000002c   Code   RO         5664    i.xPortSysTickHandler  port.o
    0x080049a4   0x080049a4   0x00000066   Code   RO         4166    i.xQueueGenericCreateStatic  queue.o
    0x08004a0a   0x08004a0a   0x00000002   PAD
    0x08004a0c   0x08004a0c   0x00000088   Code   RO         4167    i.xQueueGenericReset  queue.o
    0x08004a94   0x08004a94   0x00000160   Code   RO         4168    i.xQueueGenericSend  queue.o
    0x08004bf4   0x08004bf4   0x000000be   Code   RO         4169    i.xQueueGenericSendFromISR  queue.o
    0x08004cb2   0x08004cb2   0x00000002   PAD
    0x08004cb4   0x08004cb4   0x00000138   Code   RO         4178    i.xQueueReceive     queue.o
    0x08004dec   0x08004dec   0x00000074   Code   RO         4589    i.xTaskCheckForTimeOut  tasks.o
    0x08004e60   0x08004e60   0x0000005a   Code   RO         4590    i.xTaskCreate       tasks.o
    0x08004eba   0x08004eba   0x00000056   Code   RO         4591    i.xTaskCreateStatic  tasks.o
    0x08004f10   0x08004f10   0x0000001c   Code   RO         4595    i.xTaskGetSchedulerState  tasks.o
    0x08004f2c   0x08004f2c   0x0000000c   Code   RO         4596    i.xTaskGetTickCount  tasks.o
    0x08004f38   0x08004f38   0x000000c8   Code   RO         4598    i.xTaskIncrementTick  tasks.o
    0x08005000   0x08005000   0x00000080   Code   RO         4601    i.xTaskPriorityDisinherit  tasks.o
    0x08005080   0x08005080   0x00000070   Code   RO         4603    i.xTaskRemoveFromEventList  tasks.o
    0x080050f0   0x080050f0   0x000000c4   Code   RO         4604    i.xTaskResumeAll    tasks.o
    0x080051b4   0x080051b4   0x00000060   Code   RO         4929    i.xTimerCreateTimerTask  timers.o
    0x08005214   0x08005214   0x00000068   Code   RO         4930    i.xTimerGenericCommand  timers.o
    0x0800527c   0x0800527c   0x00000024   Data   RO          279    .constdata          freertos.o
    0x080052a0   0x080052a0   0x00000008   Data   RO         1501    .constdata          stm32f4xx_hal_dma.o
    0x080052a8   0x080052a8   0x00000010   Data   RO         3941    .constdata          system_stm32f4xx.o
    0x080052b8   0x080052b8   0x00000008   Data   RO         3942    .constdata          system_stm32f4xx.o
    0x080052c0   0x080052c0   0x00001e30   Data   RO         5760    .constdata          oled.o
    0x080070f0   0x080070f0   0x0000000c   Data   RO          280    .conststring        freertos.o
    0x080070fc   0x080070fc   0x00000020   Data   RO         6433    Region$$Table       anon$$obj.o


    Execution Region RW_IRAM2 (Exec base: 0x10000000, Load base: 0x080071bc, Size: 0x00000000, Max: 0x00010000, ABSOLUTE)

    **** No section assigned to this execution region ****


    Execution Region RW_IRAM1 (Exec base: 0x20000000, Load base: 0x0800711c, Size: 0x00005828, Max: 0x00020000, ABSOLUTE)

    Exec Addr    Load Addr    Size         Type   Attr      Idx    E Section Name        Object

    0x20000000   0x0800711c   0x00000004   Data   RW          281    .data               freertos.o
    0x20000004   0x08007120   0x0000000c   Data   RW         1928    .data               stm32f4xx_hal.o
    0x20000010   0x0800712c   0x00000004   Data   RW         3943    .data               system_stm32f4xx.o
    0x20000014   0x08007130   0x0000003c   Data   RW         4607    .data               tasks.o
    0x20000050   0x0800716c   0x00000014   Data   RW         4938    .data               timers.o
    0x20000064   0x08007180   0x00000004   Data   RW         5163    .data               cmsis_os2.o
    0x20000068   0x08007184   0x00000020   Data   RW         5609    .data               heap_4.o
    0x20000088   0x080071a4   0x0000000c   Data   RW         5665    .data               port.o
    0x20000094   0x080071b0   0x00000008   Data   RW         5904    .data               am26c32.o
    0x2000009c   0x080071b8   0x00000004   Data   RW         6409    .data               mc_w.l(stdout.o)
    0x200000a0        -       0x000000a8   Zero   RW          327    .bss                adc.o
    0x20000148        -       0x000000a8   Zero   RW          394    .bss                i2c.o
    0x200001f0        -       0x00000090   Zero   RW          445    .bss                tim.o
    0x20000280        -       0x00000088   Zero   RW          510    .bss                usart.o
    0x20000308        -       0x00000048   Zero   RW          661    .bss                stm32f4xx_hal_timebase_tim.o
    0x20000350        -       0x00000040   Zero   RW         4182    .bss                queue.o
    0x20000390        -       0x000004c4   Zero   RW         4606    .bss                tasks.o
    0x20000854        -       0x00000118   Zero   RW         4937    .bss                timers.o
    0x2000096c        -       0x000006b8   Zero   RW         5162    .bss                cmsis_os2.o
    0x20001024        -       0x00003c00   Zero   RW         5608    .bss                heap_4.o
    0x20004c24        -       0x00000600   Zero   RW         5759    .bss                oled.o
    0x20005224   0x080071bc   0x00000004   PAD
    0x20005228        -       0x00000600   Zero   RW            1    STACK               startup_stm32f405xx.o


==============================================================================

Image component sizes


      Code (inc. data)   RO Data    RW Data    ZI Data      Debug   Object Name

       296         32          0          0        168       1823   adc.o
       180         32          0          8          0       2262   am26c32.o
       326         22          0          4       1720      65123   cmsis_os2.o
        44          4          0          0          0        778   dma.o
         0          0          0          0          0      19496   event_groups.o
       100         24         48          4          0       1909   freertos.o
       124          8          0          0          0        955   gpio.o
       472         24          0         32      15360       4883   heap_4.o
       300         46          0          0        168       2366   i2c.o
       138          0          0          0          0       3562   list.o
       252         22          0          0          0     678548   main.o
      1458         86       7728          0       1536      10822   oled.o
       786         82          0         12          0      11513   port.o
      1514         20          0          0         64      17444   queue.o
        36          8        392          0       1536        836   startup_stm32f405xx.o
       116         18          0         12          0       8730   stm32f4xx_hal.o
       712         28          0          0          0       2883   stm32f4xx_hal_adc.o
       158         14          0          0          0      33174   stm32f4xx_hal_cortex.o
       752         16          8          0          0       4080   stm32f4xx_hal_dma.o
       522         46          0          0          0       2837   stm32f4xx_hal_gpio.o
       392         16          0          0          0       3119   stm32f4xx_hal_i2c.o
        56          4          0          0          0        870   stm32f4xx_hal_msp.o
      1408         82          0          0          0       5901   stm32f4xx_hal_rcc.o
      1878        136          0          0          0      15456   stm32f4xx_hal_tim.o
       232         28          0          0          0       3277   stm32f4xx_hal_tim_ex.o
       116         16          0          0         72       1423   stm32f4xx_hal_timebase_tim.o
       664         10          0          0          0       4176   stm32f4xx_hal_uart.o
        36         12          0          0          0       3749   stm32f4xx_it.o
         0          0          0          0          0        416   stream_buffer.o
        16          4         24          4          0       1127   system_stm32f4xx.o
      2084        168          0         60       1220      26948   tasks.o
       520         48          0          0        144       3773   tim.o
       972         80          0         20        280      32179   timers.o
       292         38          0          0        136       2935   usart.o

    ----------------------------------------------------------------------
     16996       1174       8232        156      22408     979373   Object Totals
         0          0         32          0          0          0   (incl. Generated)
        44          0          0          0          4          0   (incl. Padding)

    ----------------------------------------------------------------------

      Code (inc. data)   RO Data    RW Data    ZI Data      Debug   Library Member Name

         0          0          0          0          0          0   entry.o
         0          0          0          0          0          0   entry10a.o
         0          0          0          0          0          0   entry11a.o
         4          0          0          0          0          0   entry12b.o
         8          4          0          0          0          0   entry2.o
         4          0          0          0          0          0   entry5.o
         0          0          0          0          0          0   entry7b.o
         0          0          0          0          0          0   entry8b.o
         8          4          0          0          0          0   entry9a.o
        30          0          0          0          0          0   handlers.o
        36          8          0          0          0         68   init.o
         0          0          0          0          0          0   iusefp.o
        30          0          0          0          0         68   llshl.o
        36          0          0          0          0         68   llsshr.o
        32          0          0          0          0         68   llushr.o
        36          0          0          0          0         68   memcpya.o
        36          0          0          0          0        108   memseta.o
      2218         90          0          0          0        464   printfa.o
         0          0          0          4          0          0   stdout.o
        44          0          0          0          0         80   uidiv.o
        98          0          0          0          0         92   uldiv.o
        48          0          0          0          0         68   cdrcmple.o
       334          0          0          0          0        148   dadd.o
       222          0          0          0          0        100   ddiv.o
       186          0          0          0          0        176   depilogue.o
        48          0          0          0          0         68   dfixul.o
       228          0          0          0          0         96   dmul.o
        38          0          0          0          0         68   f2d.o

    ----------------------------------------------------------------------
      3728        106          0          4          0       1808   Library Totals
         4          0          0          0          0          0   (incl. Padding)

    ----------------------------------------------------------------------

      Code (inc. data)   RO Data    RW Data    ZI Data      Debug   Library Name

      2620        106          0          4          0       1084   mc_w.l
      1104          0          0          0          0        724   mf_w.l

    ----------------------------------------------------------------------
      3728        106          0          4          0       1808   Library Totals

    ----------------------------------------------------------------------

==============================================================================


      Code (inc. data)   RO Data    RW Data    ZI Data      Debug   

     20724       1280       8232        160      22408     964301   Grand Totals
     20724       1280       8232        160      22408     964301   ELF Image Totals
     20724       1280       8232        160          0          0   ROM Totals

==============================================================================

    Total RO  Size (Code + RO Data)                28956 (  28.28kB)
    Total RW  Size (RW Data + ZI Data)             22568 (  22.04kB)
    Total ROM Size (Code + RO Data + RW Data)      29116 (  28.43kB)

==============================================================================

