Archive member included to satisfy reference by file (symbol)

d:/software/embededtools/drivers/gcc-arm-none-eabi/bin/../lib/gcc/arm-none-eabi/10.3.1/thumb/v7e-m+fp/hard\libgcc.a(_arm_muldf3.o)
                              CMakeFiles/CyberVCM_AIO.elf.dir/Control/MotorADC.c.obj (__aeabi_dmul)
d:/software/embededtools/drivers/gcc-arm-none-eabi/bin/../lib/gcc/arm-none-eabi/10.3.1/thumb/v7e-m+fp/hard\libgcc.a(_arm_addsubdf3.o)
                              CMakeFiles/CyberVCM_AIO.elf.dir/Control/MotorADC.c.obj (__aeabi_i2d)
d:/software/embededtools/drivers/gcc-arm-none-eabi/bin/../lib/gcc/arm-none-eabi/10.3.1/thumb/v7e-m+fp/hard\libgcc.a(_arm_fixdfsi.o)
                              CMakeFiles/CyberVCM_AIO.elf.dir/Core/Src/usart.c.obj (__aeabi_d2iz)
d:/software/embededtools/drivers/gcc-arm-none-eabi/bin/../lib/gcc/arm-none-eabi/10.3.1/thumb/v7e-m+fp/hard\libgcc.a(_arm_truncdfsf2.o)
                              CMakeFiles/CyberVCM_AIO.elf.dir/Control/MotorADC.c.obj (__aeabi_d2f)
d:/software/embededtools/drivers/gcc-arm-none-eabi/bin/../lib/gcc/arm-none-eabi/10.3.1/thumb/v7e-m+fp/hard\libgcc.a(_aeabi_uldivmod.o)
                              CMakeFiles/CyberVCM_AIO.elf.dir/Drivers/STM32F4xx_HAL_Driver/Src/stm32f4xx_hal_rcc.c.obj (__aeabi_uldivmod)
d:/software/embededtools/drivers/gcc-arm-none-eabi/bin/../lib/gcc/arm-none-eabi/10.3.1/thumb/v7e-m+fp/hard\libgcc.a(_udivmoddi4.o)
                              d:/software/embededtools/drivers/gcc-arm-none-eabi/bin/../lib/gcc/arm-none-eabi/10.3.1/thumb/v7e-m+fp/hard\libgcc.a(_aeabi_uldivmod.o) (__udivmoddi4)
d:/software/embededtools/drivers/gcc-arm-none-eabi/bin/../lib/gcc/arm-none-eabi/10.3.1/thumb/v7e-m+fp/hard\libgcc.a(_dvmd_tls.o)
                              d:/software/embededtools/drivers/gcc-arm-none-eabi/bin/../lib/gcc/arm-none-eabi/10.3.1/thumb/v7e-m+fp/hard\libgcc.a(_aeabi_uldivmod.o) (__aeabi_ldiv0)
d:/software/embededtools/drivers/gcc-arm-none-eabi/bin/../lib/gcc/arm-none-eabi/10.3.1/../../../../arm-none-eabi/lib/thumb/v7e-m+fp/hard\libg.a(lib_a-errno.o)
                              CMakeFiles/CyberVCM_AIO.elf.dir/Core/Src/retarget.c.obj (__errno)
d:/software/embededtools/drivers/gcc-arm-none-eabi/bin/../lib/gcc/arm-none-eabi/10.3.1/../../../../arm-none-eabi/lib/thumb/v7e-m+fp/hard\libg.a(lib_a-exit.o)
                              d:/software/embededtools/drivers/gcc-arm-none-eabi/bin/../lib/gcc/arm-none-eabi/10.3.1/../../../../arm-none-eabi/lib/thumb/v7e-m+fp/hard/crt0.o (exit)
d:/software/embededtools/drivers/gcc-arm-none-eabi/bin/../lib/gcc/arm-none-eabi/10.3.1/../../../../arm-none-eabi/lib/thumb/v7e-m+fp/hard\libg.a(lib_a-impure.o)
                              d:/software/embededtools/drivers/gcc-arm-none-eabi/bin/../lib/gcc/arm-none-eabi/10.3.1/../../../../arm-none-eabi/lib/thumb/v7e-m+fp/hard\libg.a(lib_a-exit.o) (_global_impure_ptr)
d:/software/embededtools/drivers/gcc-arm-none-eabi/bin/../lib/gcc/arm-none-eabi/10.3.1/../../../../arm-none-eabi/lib/thumb/v7e-m+fp/hard\libg.a(lib_a-init.o)
                              d:/software/embededtools/drivers/gcc-arm-none-eabi/bin/../lib/gcc/arm-none-eabi/10.3.1/../../../../arm-none-eabi/lib/thumb/v7e-m+fp/hard/crt0.o (__libc_init_array)
d:/software/embededtools/drivers/gcc-arm-none-eabi/bin/../lib/gcc/arm-none-eabi/10.3.1/../../../../arm-none-eabi/lib/thumb/v7e-m+fp/hard\libg.a(lib_a-malloc.o)
                              CMakeFiles/CyberVCM_AIO.elf.dir/Core/Src/usart.c.obj (malloc)
d:/software/embededtools/drivers/gcc-arm-none-eabi/bin/../lib/gcc/arm-none-eabi/10.3.1/../../../../arm-none-eabi/lib/thumb/v7e-m+fp/hard\libg.a(lib_a-mallocr.o)
                              d:/software/embededtools/drivers/gcc-arm-none-eabi/bin/../lib/gcc/arm-none-eabi/10.3.1/../../../../arm-none-eabi/lib/thumb/v7e-m+fp/hard\libg.a(lib_a-malloc.o) (_malloc_r)
d:/software/embededtools/drivers/gcc-arm-none-eabi/bin/../lib/gcc/arm-none-eabi/10.3.1/../../../../arm-none-eabi/lib/thumb/v7e-m+fp/hard\libg.a(lib_a-memcpy.o)
                              CMakeFiles/CyberVCM_AIO.elf.dir/Middlewares/Third_Party/FreeRTOS/Source/CMSIS_RTOS_V2/cmsis_os2.c.obj (memcpy)
d:/software/embededtools/drivers/gcc-arm-none-eabi/bin/../lib/gcc/arm-none-eabi/10.3.1/../../../../arm-none-eabi/lib/thumb/v7e-m+fp/hard\libg.a(lib_a-memset.o)
                              d:/software/embededtools/drivers/gcc-arm-none-eabi/bin/../lib/gcc/arm-none-eabi/10.3.1/../../../../arm-none-eabi/lib/thumb/v7e-m+fp/hard/crt0.o (memset)
d:/software/embededtools/drivers/gcc-arm-none-eabi/bin/../lib/gcc/arm-none-eabi/10.3.1/../../../../arm-none-eabi/lib/thumb/v7e-m+fp/hard\libg.a(lib_a-mlock.o)
                              d:/software/embededtools/drivers/gcc-arm-none-eabi/bin/../lib/gcc/arm-none-eabi/10.3.1/../../../../arm-none-eabi/lib/thumb/v7e-m+fp/hard\libg.a(lib_a-mallocr.o) (__malloc_lock)
d:/software/embededtools/drivers/gcc-arm-none-eabi/bin/../lib/gcc/arm-none-eabi/10.3.1/../../../../arm-none-eabi/lib/thumb/v7e-m+fp/hard\libg.a(lib_a-printf.o)
[...]
Memory Configuration

Name             Origin             Length             Attributes
RAM              0x20000000         0x00020000         xrw
CCMRAM           0x10000000         0x00010000         xrw
FLASH            0x08000000         0x00100000         xr
*default*        0x00000000         0xffffffff

Linker script and memory map

LOAD d:/software/embededtools/drivers/gcc-arm-none-eabi/bin/../lib/gcc/arm-none-eabi/10.3.1/thumb/v7e-m+fp/hard/crti.o
LOAD d:/software/embededtools/drivers/gcc-arm-none-eabi/bin/../lib/gcc/arm-none-eabi/10.3.1/thumb/v7e-m+fp/hard/crtbegin.o
LOAD d:/software/embededtools/drivers/gcc-arm-none-eabi/bin/../lib/gcc/arm-none-eabi/10.3.1/../../../../arm-none-eabi/lib/thumb/v7e-m+fp/hard/crt0.o
LOAD CMakeFiles/CyberVCM_AIO.elf.dir/Control/AM26C32.c.obj
LOAD CMakeFiles/CyberVCM_AIO.elf.dir/Control/Filter.c.obj
LOAD CMakeFiles/CyberVCM_AIO.elf.dir/Control/MotorADC.c.obj
LOAD CMakeFiles/CyberVCM_AIO.elf.dir/Control/PositionPID.c.obj
LOAD CMakeFiles/CyberVCM_AIO.elf.dir/Control/SpeedPID.c.obj
LOAD CMakeFiles/CyberVCM_AIO.elf.dir/Control/TOF200F.c.obj
LOAD CMakeFiles/CyberVCM_AIO.elf.dir/Control/VCMControl.c.obj
LOAD CMakeFiles/CyberVCM_AIO.elf.dir/Core/Src/adc.c.obj
LOAD CMakeFiles/CyberVCM_AIO.elf.dir/Core/Src/dma.c.obj
LOAD CMakeFiles/CyberVCM_AIO.elf.dir/Core/Src/freertos.c.obj
LOAD CMakeFiles/CyberVCM_AIO.elf.dir/Core/Src/gpio.c.obj
LOAD CMakeFiles/CyberVCM_AIO.elf.dir/Core/Src/i2c.c.obj
LOAD CMakeFiles/CyberVCM_AIO.elf.dir/Core/Src/main.c.obj
LOAD CMakeFiles/CyberVCM_AIO.elf.dir/Core/Src/retarget.c.obj
LOAD CMakeFiles/CyberVCM_AIO.elf.dir/Core/Src/stm32f4xx_hal_msp.c.obj
LOAD CMakeFiles/CyberVCM_AIO.elf.dir/Core/Src/stm32f4xx_hal_timebase_tim.c.obj
LOAD CMakeFiles/CyberVCM_AIO.elf.dir/Core/Src/stm32f4xx_it.c.obj
LOAD CMakeFiles/CyberVCM_AIO.elf.dir/Core/Src/syscalls.c.obj
LOAD CMakeFiles/CyberVCM_AIO.elf.dir/Core/Src/system_stm32f4xx.c.obj
LOAD CMakeFiles/CyberVCM_AIO.elf.dir/Core/Src/tim.c.obj
LOAD CMakeFiles/CyberVCM_AIO.elf.dir/Core/Src/tof200f_uart.c.obj
LOAD CMakeFiles/CyberVCM_AIO.elf.dir/Core/Src/usart.c.obj
LOAD CMakeFiles/CyberVCM_AIO.elf.dir/Display/oled.c.obj
LOAD CMakeFiles/CyberVCM_AIO.elf.dir/Drivers/STM32F4xx_HAL_Driver/Src/stm32f4xx_hal.c.obj
LOAD CMakeFiles/CyberVCM_AIO.elf.dir/Drivers/STM32F4xx_HAL_Driver/Src/stm32f4xx_hal_adc.c.obj
LOAD CMakeFiles/CyberVCM_AIO.elf.dir/Drivers/STM32F4xx_HAL_Driver/Src/stm32f4xx_hal_adc_ex.c.obj
LOAD CMakeFiles/CyberVCM_AIO.elf.dir/Drivers/STM32F4xx_HAL_Driver/Src/stm32f4xx_hal_cortex.c.obj
LOAD CMakeFiles/CyberVCM_AIO.elf.dir/Drivers/STM32F4xx_HAL_Driver/Src/stm32f4xx_hal_dma.c.obj
LOAD CMakeFiles/CyberVCM_AIO.elf.dir/Drivers/STM32F4xx_HAL_Driver/Src/stm32f4xx_hal_dma_ex.c.obj
LOAD CMakeFiles/CyberVCM_AIO.elf.dir/Drivers/STM32F4xx_HAL_Driver/Src/stm32f4xx_hal_exti.c.obj
LOAD CMakeFiles/CyberVCM_AIO.elf.dir/Drivers/STM32F4xx_HAL_Driver/Src/stm32f4xx_hal_flash.c.obj
LOAD CMakeFiles/CyberVCM_AIO.elf.dir/Drivers/STM32F4xx_HAL_Driver/Src/stm32f4xx_hal_flash_ex.c.obj
LOAD CMakeFiles/CyberVCM_AIO.elf.dir/Drivers/STM32F4xx_HAL_Driver/Src/stm32f4xx_hal_flash_ramfunc.c.obj
LOAD CMakeFiles/CyberVCM_AIO.elf.dir/Drivers/STM32F4xx_HAL_Driver/Src/stm32f4xx_hal_gpio.c.obj
LOAD CMakeFiles/CyberVCM_AIO.elf.dir/Drivers/STM32F4xx_HAL_Driver/Src/stm32f4xx_hal_i2c.c.obj
LOAD CMakeFiles/CyberVCM_AIO.elf.dir/Drivers/STM32F4xx_HAL_Driver/Src/stm32f4xx_hal_i2c_ex.c.obj
LOAD CMakeFiles/CyberVCM_AIO.elf.dir/Drivers/STM32F4xx_HAL_Driver/Src/stm32f4xx_hal_pwr.c.obj
LOAD CMakeFiles/CyberVCM_AIO.elf.dir/Drivers/STM32F4xx_HAL_Driver/Src/stm32f4xx_hal_pwr_ex.c.obj
LOAD CMakeFiles/CyberVCM_AIO.elf.dir/Drivers/STM32F4xx_HAL_Driver/Src/stm32f4xx_hal_rcc.c.obj
LOAD CMakeFiles/CyberVCM_AIO.elf.dir/Drivers/STM32F4xx_HAL_Driver/Src/stm32f4xx_hal_rcc_ex.c.obj
LOAD CMakeFiles/CyberVCM_AIO.elf.dir/Drivers/STM32F4xx_HAL_Driver/Src/stm32f4xx_hal_tim.c.obj
LOAD CMakeFiles/CyberVCM_AIO.elf.dir/Drivers/STM32F4xx_HAL_Driver/Src/stm32f4xx_hal_tim_ex.c.obj
LOAD CMakeFiles/CyberVCM_AIO.elf.dir/Drivers/STM32F4xx_HAL_Driver/Src/stm32f4xx_hal_uart.c.obj
LOAD CMakeFiles/CyberVCM_AIO.elf.dir/Drivers/STM32F4xx_HAL_Driver/Src/stm32f4xx_ll_adc.c.obj
LOAD CMakeFiles/CyberVCM_AIO.elf.dir/Middlewares/Third_Party/FreeRTOS/Source/CMSIS_RTOS_V2/cmsis_os2.c.obj
LOAD CMakeFiles/CyberVCM_AIO.elf.dir/Middlewares/Third_Party/FreeRTOS/Source/croutine.c.obj
LOAD CMakeFiles/CyberVCM_AIO.elf.dir/Middlewares/Third_Party/FreeRTOS/Source/event_groups.c.obj
LOAD CMakeFiles/CyberVCM_AIO.elf.dir/Middlewares/Third_Party/FreeRTOS/Source/list.c.obj
LOAD CMakeFiles/CyberVCM_AIO.elf.dir/Middlewares/Third_Party/FreeRTOS/Source/portable/GCC/ARM_CM4F/port.c.obj
LOAD CMakeFiles/CyberVCM_AIO.elf.dir/Middlewares/Third_Party/FreeRTOS/Source/portable/MemMang/heap_4.c.obj
LOAD CMakeFiles/CyberVCM_AIO.elf.dir/Middlewares/Third_Party/FreeRTOS/Source/queue.c.obj
LOAD CMakeFiles/CyberVCM_AIO.elf.dir/Middlewares/Third_Party/FreeRTOS/Source/stream_buffer.c.obj
LOAD CMakeFiles/CyberVCM_AIO.elf.dir/Middlewares/Third_Party/FreeRTOS/Source/tasks.c.obj
LOAD CMakeFiles/CyberVCM_AIO.elf.dir/Middlewares/Third_Party/FreeRTOS/Source/timers.c.obj
LOAD CMakeFiles/CyberVCM_AIO.elf.dir/startup/startup_stm32f405xx.s.obj
START GROUP
LOAD d:/software/embededtools/drivers/gcc-arm-none-eabi/bin/../lib/gcc/arm-none-eabi/10.3.1/thumb/v7e-m+fp/hard\libgcc.a
LOAD d:/software/embededtools/drivers/gcc-arm-none-eabi/bin/../lib/gcc/arm-none-eabi/10.3.1/../../../../arm-none-eabi/lib/thumb/v7e-m+fp/hard\libg.a
LOAD d:/software/embededtools/drivers/gcc-arm-none-eabi/bin/../lib/gcc/arm-none-eabi/10.3.1/../../../../arm-none-eabi/lib/thumb/v7e-m+fp/hard\libc.a
END GROUP
LOAD d:/software/embededtools/drivers/gcc-arm-none-eabi/bin/../lib/gcc/arm-none-eabi/10.3.1/thumb/v7e-m+fp/hard/crtend.o
LOAD d:/software/embededtools/drivers/gcc-arm-none-eabi/bin/../lib/gcc/arm-none-eabi/10.3.1/thumb/v7e-m+fp/hard/crtn.o
                0x20020000                _estack = 0x20020000
                0x00000600                _Min_Heap_Size = 0x600
                0x00000600                _Min_Stack_Size = 0x600

.isr_vector     0x08000000      0x188
                0x08000000                . = ALIGN (0x4)
 *(.isr_vector)
 .isr_vector    0x08000000      0x188 CMakeFiles/CyberVCM_AIO.elf.dir/startup/startup_stm32f405xx.s.obj
                0x08000000                g_pfnVectors
                0x08000188                . = ALIGN (0x4)

.text           0x080001c0     0xb8ac
                0x080001c0                . = ALIGN (0x4)
 *(.text)
 .text          0x080001c0       0x40 d:/software/embededtools/drivers/gcc-arm-none-eabi/bin/../lib/gcc/arm-none-eabi/10.3.1/thumb/v7e-m+fp/hard/crtbegin.o
 .text          0x08000200      0x378 d:/software/embededtools/drivers/gcc-arm-none-eabi/bin/../lib/gcc/arm-none-eabi/10.3.1/thumb/v7e-m+fp/hard\libgcc.a(_arm_addsubdf3.o)
                0x08000200                __aeabi_drsub
                0x08000208                __aeabi_dsub
                0x08000208                __subdf3
                0x0800020c                __aeabi_dadd
                0x0800020c                __adddf3
                0x08000484                __floatunsidf
                0x08000484                __aeabi_ui2d
                0x080004a4                __floatsidf
                0x080004a4                __aeabi_i2d
                0x080004c8                __aeabi_f2d
                0x080004c8                __extendsfdf2
                0x0800050c                __floatundidf
                0x0800050c                __aeabi_ul2d
                0x0800051c                __floatdidf
                0x0800051c                __aeabi_l2d
 .text          0x08000578       0x50 d:/software/embededtools/drivers/gcc-arm-none-eabi/bin/../lib/gcc/arm-none-eabi/10.3.1/thumb/v7e-m+fp/hard\libgcc.a(_arm_fixdfsi.o)
                0x08000578                __aeabi_d2iz
                0x08000578                __fixdfsi
 .text          0x080005c8       0x30 d:/software/embededtools/drivers/gcc-arm-none-eabi/bin/../lib/gcc/arm-none-eabi/10.3.1/thumb/v7e-m+fp/hard\libgcc.a(_aeabi_uldivmod.o)
                0x080005c8                __aeabi_uldivmod
 .text          0x080005f8      0x2d0 d:/software/embededtools/drivers/gcc-arm-none-eabi/bin/../lib/gcc/arm-none-eabi/10.3.1/thumb/v7e-m+fp/hard\libgcc.a(_udivmoddi4.o)
                0x080005f8                __udivmoddi4
 .text          0x080008c8        0x4 d:/software/embededtools/drivers/gcc-arm-none-eabi/bin/../lib/gcc/arm-none-eabi/10.3.1/thumb/v7e-m+fp/hard\libgcc.a(_dvmd_tls.o)
                0x080008c8                __aeabi_idiv0
                0x080008c8                __aeabi_ldiv0
 .text          0x080008cc      0x134 d:/software/embededtools/drivers/gcc-arm-none-eabi/bin/../lib/gcc/arm-none-eabi/10.3.1/../../../../arm-none-eabi/lib/thumb/v7e-m+fp/hard\libg.a(lib_a-memcpy.o)
                0x080008cc                memcpy
 .text          0x08000a00       0xdc d:/software/embededtools/drivers/gcc-arm-none-eabi/bin/../lib/gcc/arm-none-eabi/10.3.1/../../../../arm-none-eabi/lib/thumb/v7e-m+fp/hard\libg.a(lib_a-strlen.o)
                0x08000a00                strlen
 *fill*         0x08000adc        0x4 
 .text          0x08000ae0       0xa0 d:/software/embededtools/drivers/gcc-arm-none-eabi/bin/../lib/gcc/arm-none-eabi/10.3.1/../../../../arm-none-eabi/lib/thumb/v7e-m+fp/hard\libg.a(lib_a-memchr.o)
                0x08000ae0                memchr
 .text          0x08000b80      0x424 d:/software/embededtools/drivers/gcc-arm-none-eabi/bin/../lib/gcc/arm-none-eabi/10.3.1/thumb/v7e-m+fp/hard\libgcc.a(_arm_muldivdf3.o)
                0x08000b80                __aeabi_dmul
                0x08000b80                __muldf3
                0x08000dd4                __divdf3
                0x08000dd4                __aeabi_ddiv
 .text          0x08000fa4      0x110 d:/software/embededtools/drivers/gcc-arm-none-eabi/bin/../lib/gcc/arm-none-eabi/10.3.1/thumb/v7e-m+fp/hard\libgcc.a(_arm_cmpdf2.o)
                0x08000fa4                __gtdf2
                0x08000fa4                __gedf2
                0x08000fac                __ltdf2
                0x08000fac                __ledf2
                0x08000fb4                __nedf2
                0x08000fb4                __eqdf2
                0x08000fb4                __cmpdf2
                0x08001030                __aeabi_cdrcmple
                0x08001040                __aeabi_cdcmpeq
                0x08001040                __aeabi_cdcmple
                0x08001050                __aeabi_dcmpeq
                0x08001064                __aeabi_dcmplt
                0x08001078                __aeabi_dcmple
                0x0800108c                __aeabi_dcmpge
                0x080010a0                __aeabi_dcmpgt
 .text          0x080010b4       0x2c d:/software/embededtools/drivers/gcc-arm-none-eabi/bin/../lib/gcc/arm-none-eabi/10.3.1/thumb/v7e-m+fp/hard\libgcc.a(_arm_unorddf2.o)
                0x080010b4                __unorddf2
                0x080010b4                __aeabi_dcmpun
 *(.text*)
 .text.kalman_1
                0x080010e0       0x46 CMakeFiles/CyberVCM_AIO.elf.dir/Control/Filter.c.obj
                0x080010e0                kalman_1
 *fill*         0x08001126        0x2 
 .text.TOF_OriData_Filter
                0x08001128       0x50 CMakeFiles/CyberVCM_AIO.elf.dir/Control/TOF200F.c.obj
                0x08001128                TOF_OriData_Filter
 .text.TOF_HEXConvertToEngineerValye
                0x08001178       0x1c CMakeFiles/CyberVCM_AIO.elf.dir/Control/TOF200F.c.obj
                0x08001178                TOF_HEXConvertToEngineerValye
 .text.MX_ADC1_Init
                0x08001194       0xa8 CMakeFiles/CyberVCM_AIO.elf.dir/Core/Src/adc.c.obj
                0x08001194                MX_ADC1_Init
 .text.HAL_ADC_MspInit
                0x0800123c       0xac CMakeFiles/CyberVCM_AIO.elf.dir/Core/Src/adc.c.obj
                0x0800123c                HAL_ADC_MspInit
 .text.MX_DMA_Init
                0x080012e8       0x34 CMakeFiles/CyberVCM_AIO.elf.dir/Core/Src/dma.c.obj
                0x080012e8                MX_DMA_Init
 .text.StartDefaultTask
                0x0800131c       0x40 CMakeFiles/CyberVCM_AIO.elf.dir/Core/Src/freertos.c.obj
                0x0800131c                StartDefaultTask
 .text.MX_FREERTOS_Init
                0x0800135c       0x20 CMakeFiles/CyberVCM_AIO.elf.dir/Core/Src/freertos.c.obj
                0x0800135c                MX_FREERTOS_Init
 .text.MX_GPIO_Init
                0x0800137c       0x90 CMakeFiles/CyberVCM_AIO.elf.dir/Core/Src/gpio.c.obj
                0x0800137c                MX_GPIO_Init
 .text.MX_I2C1_Init
                0x0800140c       0x3c CMakeFiles/CyberVCM_AIO.elf.dir/Core/Src/i2c.c.obj
                0x0800140c                MX_I2C1_Init
 .text.MX_I2C2_Init
                0x08001448       0x3c CMakeFiles/CyberVCM_AIO.elf.dir/Core/Src/i2c.c.obj
                0x08001448                MX_I2C2_Init
 .text.HAL_I2C_MspInit
                0x08001484       0xc0 CMakeFiles/CyberVCM_AIO.elf.dir/Core/Src/i2c.c.obj
                0x08001484                HAL_I2C_MspInit
 .text.HAL_TIM_PeriodElapsedCallback
                0x08001544       0x18 CMakeFiles/CyberVCM_AIO.elf.dir/Core/Src/main.c.obj
                0x08001544                HAL_TIM_PeriodElapsedCallback
 .text.Error_Handler
                0x0800155c        0x4 CMakeFiles/CyberVCM_AIO.elf.dir/Core/Src/main.c.obj
                0x0800155c                Error_Handler
 .text.SystemClock_Config
                0x08001560       0xa8 CMakeFiles/CyberVCM_AIO.elf.dir/Core/Src/main.c.obj
                0x08001560                SystemClock_Config
 .text.main     0x08001608       0x58 CMakeFiles/CyberVCM_AIO.elf.dir/Core/Src/main.c.obj
                0x08001608                main
 .text.RetargetInit
                0x08001660       0x20 CMakeFiles/CyberVCM_AIO.elf.dir/Core/Src/retarget.c.obj
                0x08001660                RetargetInit
 .text._isatty  0x08001680       0x16 CMakeFiles/CyberVCM_AIO.elf.dir/Core/Src/retarget.c.obj
                0x08001680                _isatty
 *fill*         0x08001696        0x2 
 .text._write   0x08001698       0x34 CMakeFiles/CyberVCM_AIO.elf.dir/Core/Src/retarget.c.obj
                0x08001698                _write
 .text._close   0x080016cc       0x18 CMakeFiles/CyberVCM_AIO.elf.dir/Core/Src/retarget.c.obj
                0x080016cc                _close
 .text._lseek   0x080016e4       0x10 CMakeFiles/CyberVCM_AIO.elf.dir/Core/Src/retarget.c.obj
                0x080016e4                _lseek
 .text._read    0x080016f4       0x30 CMakeFiles/CyberVCM_AIO.elf.dir/Core/Src/retarget.c.obj
                0x080016f4                _read
 .text._fstat   0x08001724       0x1a CMakeFiles/CyberVCM_AIO.elf.dir/Core/Src/retarget.c.obj
                0x08001724                _fstat
 *fill*         0x0800173e        0x2 
 .text.HAL_MspInit
                0x08001740       0x44 CMakeFiles/CyberVCM_AIO.elf.dir/Core/Src/stm32f4xx_hal_msp.c.obj
                0x08001740                HAL_MspInit
 .text.HAL_InitTick
                0x08001784       0x7c CMakeFiles/CyberVCM_AIO.elf.dir/Core/Src/stm32f4xx_hal_timebase_tim.c.obj
                0x08001784                HAL_InitTick
 .text.NMI_Handler
                0x08001800        0x2 CMakeFiles/CyberVCM_AIO.elf.dir/Core/Src/stm32f4xx_it.c.obj
                0x08001800                NMI_Handler
 .text.HardFault_Handler
                0x08001802        0x2 CMakeFiles/CyberVCM_AIO.elf.dir/Core/Src/stm32f4xx_it.c.obj
                0x08001802                HardFault_Handler
 .text.MemManage_Handler
                0x08001804        0x2 CMakeFiles/CyberVCM_AIO.elf.dir/Core/Src/stm32f4xx_it.c.obj
                0x08001804                MemManage_Handler
 .text.BusFault_Handler
                0x08001806        0x2 CMakeFiles/CyberVCM_AIO.elf.dir/Core/Src/stm32f4xx_it.c.obj
                0x08001806                BusFault_Handler
 .text.UsageFault_Handler
                0x08001808        0x2 CMakeFiles/CyberVCM_AIO.elf.dir/Core/Src/stm32f4xx_it.c.obj
                0x08001808                UsageFault_Handler
 .text.DebugMon_Handler
                0x0800180a        0x2 CMakeFiles/CyberVCM_AIO.elf.dir/Core/Src/stm32f4xx_it.c.obj
                0x0800180a                DebugMon_Handler
 .text.TIM6_DAC_IRQHandler
                0x0800180c       0x10 CMakeFiles/CyberVCM_AIO.elf.dir/Core/Src/stm32f4xx_it.c.obj
                0x0800180c                TIM6_DAC_IRQHandler
 .text.DMA2_Stream0_IRQHandler
                0x0800181c       0x10 CMakeFiles/CyberVCM_AIO.elf.dir/Core/Src/stm32f4xx_it.c.obj
                0x0800181c                DMA2_Stream0_IRQHandler
 .text._getpid  0x0800182c        0x4 CMakeFiles/CyberVCM_AIO.elf.dir/Core/Src/syscalls.c.obj
                0x0800182c                _getpid
 .text._kill    0x08001830       0x10 CMakeFiles/CyberVCM_AIO.elf.dir/Core/Src/syscalls.c.obj
                0x08001830                _kill
 .text._exit    0x08001840        0xc CMakeFiles/CyberVCM_AIO.elf.dir/Core/Src/syscalls.c.obj
                0x08001840                _exit
 .text._sbrk    0x0800184c       0x3c CMakeFiles/CyberVCM_AIO.elf.dir/Core/Src/syscalls.c.obj
                0x0800184c                _sbrk
 .text.SystemInit
                0x08001888       0x14 CMakeFiles/CyberVCM_AIO.elf.dir/Core/Src/system_stm32f4xx.c.obj
                0x08001888                SystemInit
 .text.MX_TIM2_Init
                0x0800189c       0x60 CMakeFiles/CyberVCM_AIO.elf.dir/Core/Src/tim.c.obj
                0x0800189c                MX_TIM2_Init
 .text.HAL_TIM_OC_MspInit
                0x080018fc       0x30 CMakeFiles/CyberVCM_AIO.elf.dir/Core/Src/tim.c.obj
                0x080018fc                HAL_TIM_OC_MspInit
 .text.HAL_TIM_Encoder_MspInit
                0x0800192c       0x90 CMakeFiles/CyberVCM_AIO.elf.dir/Core/Src/tim.c.obj
                0x0800192c                HAL_TIM_Encoder_MspInit
 .text.HAL_TIM_MspPostInit
                0x080019bc       0x5c CMakeFiles/CyberVCM_AIO.elf.dir/Core/Src/tim.c.obj
                0x080019bc                HAL_TIM_MspPostInit
 .text.MX_TIM1_Init
                0x08001a18       0xb4 CMakeFiles/CyberVCM_AIO.elf.dir/Core/Src/tim.c.obj
                0x08001a18                MX_TIM1_Init
 .text.crc16    0x08001acc       0x3c CMakeFiles/CyberVCM_AIO.elf.dir/Core/Src/tof200f_uart.c.obj
                0x08001acc                crc16
 .text.uart1_transact
                0x08001b08       0x20 CMakeFiles/CyberVCM_AIO.elf.dir/Core/Src/tof200f_uart.c.obj
                0x08001b08                uart1_transact
 .text.tof200f_init
                0x08001b28       0x28 CMakeFiles/CyberVCM_AIO.elf.dir/Core/Src/tof200f_uart.c.obj
                0x08001b28                tof200f_init
 .text.tof200f_trans
                0x08001b50       0x50 CMakeFiles/CyberVCM_AIO.elf.dir/Core/Src/tof200f_uart.c.obj
                0x08001b50                tof200f_trans
 .text.MX_USART1_UART_Init
                0x08001ba0       0x34 CMakeFiles/CyberVCM_AIO.elf.dir/Core/Src/usart.c.obj
                0x08001ba0                MX_USART1_UART_Init
 .text.MX_USART2_UART_Init
                0x08001bd4       0x34 CMakeFiles/CyberVCM_AIO.elf.dir/Core/Src/usart.c.obj
                0x08001bd4                MX_USART2_UART_Init
 .text.HAL_UART_MspInit
                0x08001c08       0xc4 CMakeFiles/CyberVCM_AIO.elf.dir/Core/Src/usart.c.obj
                0x08001c08                HAL_UART_MspInit
 .text.HAL_Init
                0x08001ccc       0x34 CMakeFiles/CyberVCM_AIO.elf.dir/Drivers/STM32F4xx_HAL_Driver/Src/stm32f4xx_hal.c.obj
                0x08001ccc                HAL_Init
 .text.HAL_IncTick
                0x08001d00       0x18 CMakeFiles/CyberVCM_AIO.elf.dir/Drivers/STM32F4xx_HAL_Driver/Src/stm32f4xx_hal.c.obj
                0x08001d00                HAL_IncTick
 .text.HAL_GetTick
                0x08001d18        0xc CMakeFiles/CyberVCM_AIO.elf.dir/Drivers/STM32F4xx_HAL_Driver/Src/stm32f4xx_hal.c.obj
                0x08001d18                HAL_GetTick
 .text.HAL_Delay
                0x08001d24       0x28 CMakeFiles/CyberVCM_AIO.elf.dir/Drivers/STM32F4xx_HAL_Driver/Src/stm32f4xx_hal.c.obj
                0x08001d24                HAL_Delay
 .text.ADC_Init
                0x08001d4c      0x134 CMakeFiles/CyberVCM_AIO.elf.dir/Drivers/STM32F4xx_HAL_Driver/Src/stm32f4xx_hal_adc.c.obj
 .text.HAL_ADC_Init
                0x08001e80       0x56 CMakeFiles/CyberVCM_AIO.elf.dir/Drivers/STM32F4xx_HAL_Driver/Src/stm32f4xx_hal_adc.c.obj
                0x08001e80                HAL_ADC_Init
 *fill*         0x08001ed6        0x2 
 .text.HAL_ADC_ConfigChannel
                0x08001ed8      0x198 CMakeFiles/CyberVCM_AIO.elf.dir/Drivers/STM32F4xx_HAL_Driver/Src/stm32f4xx_hal_adc.c.obj
                0x08001ed8                HAL_ADC_ConfigChannel
 .text.HAL_NVIC_SetPriorityGrouping
                0x08002070       0x24 CMakeFiles/CyberVCM_AIO.elf.dir/Drivers/STM32F4xx_HAL_Driver/Src/stm32f4xx_hal_cortex.c.obj
                0x08002070                HAL_NVIC_SetPriorityGrouping
 .text.HAL_NVIC_SetPriority
                0x08002094       0x70 CMakeFiles/CyberVCM_AIO.elf.dir/Drivers/STM32F4xx_HAL_Driver/Src/stm32f4xx_hal_cortex.c.obj
                0x08002094                HAL_NVIC_SetPriority
 .text.HAL_NVIC_EnableIRQ
                0x08002104       0x1c CMakeFiles/CyberVCM_AIO.elf.dir/Drivers/STM32F4xx_HAL_Driver/Src/stm32f4xx_hal_cortex.c.obj
                0x08002104                HAL_NVIC_EnableIRQ
 .text.DMA_CalcBaseAndBitshift
                0x08002120       0x44 CMakeFiles/CyberVCM_AIO.elf.dir/Drivers/STM32F4xx_HAL_Driver/Src/stm32f4xx_hal_dma.c.obj
 .text.DMA_CheckFifoParam
                0x08002164       0x8e CMakeFiles/CyberVCM_AIO.elf.dir/Drivers/STM32F4xx_HAL_Driver/Src/stm32f4xx_hal_dma.c.obj
 *fill*         0x080021f2        0x2 
 .text.HAL_DMA_Init
                0x080021f4       0xcc CMakeFiles/CyberVCM_AIO.elf.dir/Drivers/STM32F4xx_HAL_Driver/Src/stm32f4xx_hal_dma.c.obj
                0x080021f4                HAL_DMA_Init
 .text.HAL_DMA_IRQHandler
                0x080022c0      0x1dc CMakeFiles/CyberVCM_AIO.elf.dir/Drivers/STM32F4xx_HAL_Driver/Src/stm32f4xx_hal_dma.c.obj
                0x080022c0                HAL_DMA_IRQHandler
 .text.HAL_GPIO_Init
                0x0800249c      0x1e4 CMakeFiles/CyberVCM_AIO.elf.dir/Drivers/STM32F4xx_HAL_Driver/Src/stm32f4xx_hal_gpio.c.obj
                0x0800249c                HAL_GPIO_Init
 .text.HAL_GPIO_WritePin
                0x08002680        0xc CMakeFiles/CyberVCM_AIO.elf.dir/Drivers/STM32F4xx_HAL_Driver/Src/stm32f4xx_hal_gpio.c.obj
                0x08002680                HAL_GPIO_WritePin
 .text.HAL_GPIO_TogglePin
                0x0800268c       0x12 CMakeFiles/CyberVCM_AIO.elf.dir/Drivers/STM32F4xx_HAL_Driver/Src/stm32f4xx_hal_gpio.c.obj
                0x0800268c                HAL_GPIO_TogglePin
 *fill*         0x0800269e        0x2 
 .text.HAL_I2C_Init
                0x080026a0      0x1bc CMakeFiles/CyberVCM_AIO.elf.dir/Drivers/STM32F4xx_HAL_Driver/Src/stm32f4xx_hal_i2c.c.obj
                0x080026a0                HAL_I2C_Init
 .text.HAL_RCC_OscConfig
                0x0800285c      0x3f8 CMakeFiles/CyberVCM_AIO.elf.dir/Drivers/STM32F4xx_HAL_Driver/Src/stm32f4xx_hal_rcc.c.obj
                0x0800285c                HAL_RCC_OscConfig
 .text.HAL_RCC_GetSysClockFreq
                0x08002c54       0xd4 CMakeFiles/CyberVCM_AIO.elf.dir/Drivers/STM32F4xx_HAL_Driver/Src/stm32f4xx_hal_rcc.c.obj
                0x08002c54                HAL_RCC_GetSysClockFreq
 .text.HAL_RCC_ClockConfig
                0x08002d28      0x160 CMakeFiles/CyberVCM_AIO.elf.dir/Drivers/STM32F4xx_HAL_Driver/Src/stm32f4xx_hal_rcc.c.obj
                0x08002d28                HAL_RCC_ClockConfig
 .text.HAL_RCC_GetHCLKFreq
                0x08002e88        0xc CMakeFiles/CyberVCM_AIO.elf.dir/Drivers/STM32F4xx_HAL_Driver/Src/stm32f4xx_hal_rcc.c.obj
                0x08002e88                HAL_RCC_GetHCLKFreq
 .text.HAL_RCC_GetPCLK1Freq
                0x08002e94       0x20 CMakeFiles/CyberVCM_AIO.elf.dir/Drivers/STM32F4xx_HAL_Driver/Src/stm32f4xx_hal_rcc.c.obj
                0x08002e94                HAL_RCC_GetPCLK1Freq
 .text.HAL_RCC_GetPCLK2Freq
                0x08002eb4       0x20 CMakeFiles/CyberVCM_AIO.elf.dir/Drivers/STM32F4xx_HAL_Driver/Src/stm32f4xx_hal_rcc.c.obj
                0x08002eb4                HAL_RCC_GetPCLK2Freq
 .text.HAL_RCC_GetClockConfig
                0x08002ed4       0x3c CMakeFiles/CyberVCM_AIO.elf.dir/Drivers/STM32F4xx_HAL_Driver/Src/stm32f4xx_hal_rcc.c.obj
                0x08002ed4                HAL_RCC_GetClockConfig
 .text.TIM_OC1_SetConfig
                0x08002f10       0x68 CMakeFiles/CyberVCM_AIO.elf.dir/Drivers/STM32F4xx_HAL_Driver/Src/stm32f4xx_hal_tim.c.obj
 .text.TIM_OC3_SetConfig
                0x08002f78       0x70 CMakeFiles/CyberVCM_AIO.elf.dir/Drivers/STM32F4xx_HAL_Driver/Src/stm32f4xx_hal_tim.c.obj
 .text.TIM_OC4_SetConfig
                0x08002fe8       0x50 CMakeFiles/CyberVCM_AIO.elf.dir/Drivers/STM32F4xx_HAL_Driver/Src/stm32f4xx_hal_tim.c.obj
 .text.HAL_TIM_Base_MspInit
                0x08003038        0x2 CMakeFiles/CyberVCM_AIO.elf.dir/Drivers/STM32F4xx_HAL_Driver/Src/stm32f4xx_hal_tim.c.obj
                0x08003038                HAL_TIM_Base_MspInit
 *fill*         0x0800303a        0x2 
 .text.HAL_TIM_Base_Start_IT
                0x0800303c       0x88 CMakeFiles/CyberVCM_AIO.elf.dir/Drivers/STM32F4xx_HAL_Driver/Src/stm32f4xx_hal_tim.c.obj
                0x0800303c                HAL_TIM_Base_Start_IT
 .text.HAL_TIM_OC_DelayElapsedCallback
                0x080030c4        0x2 CMakeFiles/CyberVCM_AIO.elf.dir/Drivers/STM32F4xx_HAL_Driver/Src/stm32f4xx_hal_tim.c.obj
                0x080030c4                HAL_TIM_OC_DelayElapsedCallback
 .text.HAL_TIM_IC_CaptureCallback
                0x080030c6        0x2 CMakeFiles/CyberVCM_AIO.elf.dir/Drivers/STM32F4xx_HAL_Driver/Src/stm32f4xx_hal_tim.c.obj
                0x080030c6                HAL_TIM_IC_CaptureCallback
 .text.HAL_TIM_PWM_PulseFinishedCallback
                0x080030c8        0x2 CMakeFiles/CyberVCM_AIO.elf.dir/Drivers/STM32F4xx_HAL_Driver/Src/stm32f4xx_hal_tim.c.obj
                0x080030c8                HAL_TIM_PWM_PulseFinishedCallback
 .text.HAL_TIM_TriggerCallback
                0x080030ca        0x2 CMakeFiles/CyberVCM_AIO.elf.dir/Drivers/STM32F4xx_HAL_Driver/Src/stm32f4xx_hal_tim.c.obj
                0x080030ca                HAL_TIM_TriggerCallback
 .text.HAL_TIM_IRQHandler
                0x080030cc      0x17a CMakeFiles/CyberVCM_AIO.elf.dir/Drivers/STM32F4xx_HAL_Driver/Src/stm32f4xx_hal_tim.c.obj
                0x080030cc                HAL_TIM_IRQHandler
 *fill*         0x08003246        0x2 
 .text.TIM_Base_SetConfig
                0x08003248       0xc8 CMakeFiles/CyberVCM_AIO.elf.dir/Drivers/STM32F4xx_HAL_Driver/Src/stm32f4xx_hal_tim.c.obj
                0x08003248                TIM_Base_SetConfig
 .text.HAL_TIM_Base_Init
                0x08003310       0x58 CMakeFiles/CyberVCM_AIO.elf.dir/Drivers/STM32F4xx_HAL_Driver/Src/stm32f4xx_hal_tim.c.obj
                0x08003310                HAL_TIM_Base_Init
 .text.HAL_TIM_OC_Init
                0x08003368       0x58 CMakeFiles/CyberVCM_AIO.elf.dir/Drivers/STM32F4xx_HAL_Driver/Src/stm32f4xx_hal_tim.c.obj
                0x08003368                HAL_TIM_OC_Init
 .text.HAL_TIM_Encoder_Init
                0x080033c0       0xb6 CMakeFiles/CyberVCM_AIO.elf.dir/Drivers/STM32F4xx_HAL_Driver/Src/stm32f4xx_hal_tim.c.obj
                0x080033c0                HAL_TIM_Encoder_Init
 *fill*         0x08003476        0x2 
 .text.TIM_OC2_SetConfig
                0x08003478       0x70 CMakeFiles/CyberVCM_AIO.elf.dir/Drivers/STM32F4xx_HAL_Driver/Src/stm32f4xx_hal_tim.c.obj
                0x08003478                TIM_OC2_SetConfig
 .text.HAL_TIM_OC_ConfigChannel
                0x080034e8       0x5e CMakeFiles/CyberVCM_AIO.elf.dir/Drivers/STM32F4xx_HAL_Driver/Src/stm32f4xx_hal_tim.c.obj
                0x080034e8                HAL_TIM_OC_ConfigChannel
 *fill*         0x08003546        0x2 
 .text.HAL_TIMEx_MasterConfigSynchronization
                0x08003548       0x8c CMakeFiles/CyberVCM_AIO.elf.dir/Drivers/STM32F4xx_HAL_Driver/Src/stm32f4xx_hal_tim_ex.c.obj
                0x08003548                HAL_TIMEx_MasterConfigSynchronization
 .text.HAL_TIMEx_ConfigBreakDeadTime
                0x080035d4       0x52 CMakeFiles/CyberVCM_AIO.elf.dir/Drivers/STM32F4xx_HAL_Driver/Src/stm32f4xx_hal_tim_ex.c.obj
                0x080035d4                HAL_TIMEx_ConfigBreakDeadTime
 .text.HAL_TIMEx_CommutCallback
                0x08003626        0x2 CMakeFiles/CyberVCM_AIO.elf.dir/Drivers/STM32F4xx_HAL_Driver/Src/stm32f4xx_hal_tim_ex.c.obj
                0x08003626                HAL_TIMEx_CommutCallback
 .text.HAL_TIMEx_BreakCallback
                0x08003628        0x2 CMakeFiles/CyberVCM_AIO.elf.dir/Drivers/STM32F4xx_HAL_Driver/Src/stm32f4xx_hal_tim_ex.c.obj
                0x08003628                HAL_TIMEx_BreakCallback
 *fill*         0x0800362a        0x2 
 .text.UART_SetConfig
                0x0800362c      0x110 CMakeFiles/CyberVCM_AIO.elf.dir/Drivers/STM32F4xx_HAL_Driver/Src/stm32f4xx_hal_uart.c.obj
 .text.UART_WaitOnFlagUntilTimeout
                0x0800373c       0x88 CMakeFiles/CyberVCM_AIO.elf.dir/Drivers/STM32F4xx_HAL_Driver/Src/stm32f4xx_hal_uart.c.obj
 .text.HAL_UART_Init
                0x080037c4       0x5e CMakeFiles/CyberVCM_AIO.elf.dir/Drivers/STM32F4xx_HAL_Driver/Src/stm32f4xx_hal_uart.c.obj
                0x080037c4                HAL_UART_Init
 .text.HAL_UART_Transmit
                0x08003822       0xd8 CMakeFiles/CyberVCM_AIO.elf.dir/Drivers/STM32F4xx_HAL_Driver/Src/stm32f4xx_hal_uart.c.obj
                0x08003822                HAL_UART_Transmit
 .text.HAL_UART_Receive
                0x080038fa       0xe4 CMakeFiles/CyberVCM_AIO.elf.dir/Drivers/STM32F4xx_HAL_Driver/Src/stm32f4xx_hal_uart.c.obj
                0x080038fa                HAL_UART_Receive
 .text.UART_Start_Receive_IT
                0x080039de       0x36 CMakeFiles/CyberVCM_AIO.elf.dir/Drivers/STM32F4xx_HAL_Driver/Src/stm32f4xx_hal_uart.c.obj
                0x080039de                UART_Start_Receive_IT
 .text.HAL_UART_Receive_IT
                0x08003a14       0x38 CMakeFiles/CyberVCM_AIO.elf.dir/Drivers/STM32F4xx_HAL_Driver/Src/stm32f4xx_hal_uart.c.obj
                0x08003a14                HAL_UART_Receive_IT
 .text.SysTick_Handler
                0x08003a4c       0x18 CMakeFiles/CyberVCM_AIO.elf.dir/Middlewares/Third_Party/FreeRTOS/Source/CMSIS_RTOS_V2/cmsis_os2.c.obj
                0x08003a4c                SysTick_Handler
 .text.osKernelInitialize
                0x08003a64       0x24 CMakeFiles/CyberVCM_AIO.elf.dir/Middlewares/Third_Party/FreeRTOS/Source/CMSIS_RTOS_V2/cmsis_os2.c.obj
                0x08003a64                osKernelInitialize
 .text.osKernelStart
                0x08003a88       0x38 CMakeFiles/CyberVCM_AIO.elf.dir/Middlewares/Third_Party/FreeRTOS/Source/CMSIS_RTOS_V2/cmsis_os2.c.obj
                0x08003a88                osKernelStart
 .text.osThreadNew
                0x08003ac0       0xbc CMakeFiles/CyberVCM_AIO.elf.dir/Middlewares/Third_Party/FreeRTOS/Source/CMSIS_RTOS_V2/cmsis_os2.c.obj
                0x08003ac0                osThreadNew
 .text.vApplicationGetIdleTaskMemory
                0x08003b7c       0x18 CMakeFiles/CyberVCM_AIO.elf.dir/Middlewares/Third_Party/FreeRTOS/Source/CMSIS_RTOS_V2/cmsis_os2.c.obj
                0x08003b7c                vApplicationGetIdleTaskMemory
 .text.vApplicationGetTimerTaskMemory
                0x08003b94       0x18 CMakeFiles/CyberVCM_AIO.elf.dir/Middlewares/Third_Party/FreeRTOS/Source/CMSIS_RTOS_V2/cmsis_os2.c.obj
                0x08003b94                vApplicationGetTimerTaskMemory
 .text.vListInitialise
                0x08003bac       0x16 CMakeFiles/CyberVCM_AIO.elf.dir/Middlewares/Third_Party/FreeRTOS/Source/list.c.obj
                0x08003bac                vListInitialise
 .text.vListInitialiseItem
                0x08003bc2        0x6 CMakeFiles/CyberVCM_AIO.elf.dir/Middlewares/Third_Party/FreeRTOS/Source/list.c.obj
                0x08003bc2                vListInitialiseItem
 .text.vListInsertEnd
                0x08003bc8       0x16 CMakeFiles/CyberVCM_AIO.elf.dir/Middlewares/Third_Party/FreeRTOS/Source/list.c.obj
                0x08003bc8                vListInsertEnd
 .text.vListInsert
                0x08003bde       0x32 CMakeFiles/CyberVCM_AIO.elf.dir/Middlewares/Third_Party/FreeRTOS/Source/list.c.obj
                0x08003bde                vListInsert
 .text.uxListRemove
                0x08003c10       0x26 CMakeFiles/CyberVCM_AIO.elf.dir/Middlewares/Third_Party/FreeRTOS/Source/list.c.obj
                0x08003c10                uxListRemove
 *fill*         0x08003c36        0x2 
 .text.prvTaskExitError
                0x08003c38       0x40 CMakeFiles/CyberVCM_AIO.elf.dir/Middlewares/Third_Party/FreeRTOS/Source/portable/GCC/ARM_CM4F/port.c.obj
 .text.prvPortStartFirstTask
                0x08003c78       0x28 CMakeFiles/CyberVCM_AIO.elf.dir/Middlewares/Third_Party/FreeRTOS/Source/portable/GCC/ARM_CM4F/port.c.obj
 .text.vPortEnableVFP
                0x08003ca0       0x14 CMakeFiles/CyberVCM_AIO.elf.dir/Middlewares/Third_Party/FreeRTOS/Source/portable/GCC/ARM_CM4F/port.c.obj
 .text.pxPortInitialiseStack
                0x08003cb4       0x2c CMakeFiles/CyberVCM_AIO.elf.dir/Middlewares/Third_Party/FreeRTOS/Source/portable/GCC/ARM_CM4F/port.c.obj
                0x08003cb4                pxPortInitialiseStack
 .text.SVC_Handler
                0x08003ce0       0x24 CMakeFiles/CyberVCM_AIO.elf.dir/Middlewares/Third_Party/FreeRTOS/Source/portable/GCC/ARM_CM4F/port.c.obj
                0x08003ce0                SVC_Handler
 .text.vPortEnterCritical
                0x08003d04       0x44 CMakeFiles/CyberVCM_AIO.elf.dir/Middlewares/Third_Party/FreeRTOS/Source/portable/GCC/ARM_CM4F/port.c.obj
                0x08003d04                vPortEnterCritical
 .text.vPortExitCritical
                0x08003d48       0x2c CMakeFiles/CyberVCM_AIO.elf.dir/Middlewares/Third_Party/FreeRTOS/Source/portable/GCC/ARM_CM4F/port.c.obj
                0x08003d48                vPortExitCritical
 *fill*         0x08003d74        0xc 
 .text.PendSV_Handler
                0x08003d80       0x64 CMakeFiles/CyberVCM_AIO.elf.dir/Middlewares/Third_Party/FreeRTOS/Source/portable/GCC/ARM_CM4F/port.c.obj
                0x08003d80                PendSV_Handler
 .text.xPortSysTickHandler
                0x08003de4       0x2c CMakeFiles/CyberVCM_AIO.elf.dir/Middlewares/Third_Party/FreeRTOS/Source/portable/GCC/ARM_CM4F/port.c.obj
                0x08003de4                xPortSysTickHandler
 .text.vPortSetupTimerInterrupt
                0x08003e10       0x28 CMakeFiles/CyberVCM_AIO.elf.dir/Middlewares/Third_Party/FreeRTOS/Source/portable/GCC/ARM_CM4F/port.c.obj
                0x08003e10                vPortSetupTimerInterrupt
 .text.xPortStartScheduler
                0x08003e38      0x118 CMakeFiles/CyberVCM_AIO.elf.dir/Middlewares/Third_Party/FreeRTOS/Source/portable/GCC/ARM_CM4F/port.c.obj
                0x08003e38                xPortStartScheduler
 .text.vPortValidateInterruptPriority
                0x08003f50       0x5c CMakeFiles/CyberVCM_AIO.elf.dir/Middlewares/Third_Party/FreeRTOS/Source/portable/GCC/ARM_CM4F/port.c.obj
                0x08003f50                vPortValidateInterruptPriority
 .text.prvHeapInit
                0x08003fac       0x64 CMakeFiles/CyberVCM_AIO.elf.dir/Middlewares/Third_Party/FreeRTOS/Source/portable/MemMang/heap_4.c.obj
 .text.prvInsertBlockIntoFreeList
                0x08004010       0x64 CMakeFiles/CyberVCM_AIO.elf.dir/Middlewares/Third_Party/FreeRTOS/Source/portable/MemMang/heap_4.c.obj
 .text.pvPortMalloc
                0x08004074       0xfc CMakeFiles/CyberVCM_AIO.elf.dir/Middlewares/Third_Party/FreeRTOS/Source/portable/MemMang/heap_4.c.obj
                0x08004074                pvPortMalloc
 .text.vPortFree
                0x08004170       0x7c CMakeFiles/CyberVCM_AIO.elf.dir/Middlewares/Third_Party/FreeRTOS/Source/portable/MemMang/heap_4.c.obj
                0x08004170                vPortFree
 .text.prvIsQueueFull
                0x080041ec       0x1e CMakeFiles/CyberVCM_AIO.elf.dir/Middlewares/Third_Party/FreeRTOS/Source/queue.c.obj
 .text.prvIsQueueEmpty
                0x0800420a       0x1a CMakeFiles/CyberVCM_AIO.elf.dir/Middlewares/Third_Party/FreeRTOS/Source/queue.c.obj
 .text.prvCopyDataToQueue
                0x08004224       0x76 CMakeFiles/CyberVCM_AIO.elf.dir/Middlewares/Third_Party/FreeRTOS/Source/queue.c.obj
 .text.prvCopyDataFromQueue
                0x0800429a       0x24 CMakeFiles/CyberVCM_AIO.elf.dir/Middlewares/Third_Party/FreeRTOS/Source/queue.c.obj
 .text.prvUnlockQueue
                0x080042be       0x6e CMakeFiles/CyberVCM_AIO.elf.dir/Middlewares/Third_Party/FreeRTOS/Source/queue.c.obj
 .text.xQueueGenericReset
                0x0800432c       0x84 CMakeFiles/CyberVCM_AIO.elf.dir/Middlewares/Third_Party/FreeRTOS/Source/queue.c.obj
                0x0800432c                xQueueGenericReset
 .text.prvInitialiseNewQueue
                0x080043b0       0x22 CMakeFiles/CyberVCM_AIO.elf.dir/Middlewares/Third_Party/FreeRTOS/Source/queue.c.obj
 .text.xQueueGenericCreateStatic
                0x080043d2       0x94 CMakeFiles/CyberVCM_AIO.elf.dir/Middlewares/Third_Party/FreeRTOS/Source/queue.c.obj
                0x080043d2                xQueueGenericCreateStatic
 .text.xQueueGenericSend
                0x08004466      0x188 CMakeFiles/CyberVCM_AIO.elf.dir/Middlewares/Third_Party/FreeRTOS/Source/queue.c.obj
                0x08004466                xQueueGenericSend
 .text.xQueueGenericSendFromISR
                0x080045ee       0xce CMakeFiles/CyberVCM_AIO.elf.dir/Middlewares/Third_Party/FreeRTOS/Source/queue.c.obj
                0x080045ee                xQueueGenericSendFromISR
 .text.xQueueReceive
                0x080046bc      0x15e CMakeFiles/CyberVCM_AIO.elf.dir/Middlewares/Third_Party/FreeRTOS/Source/queue.c.obj
                0x080046bc                xQueueReceive
 *fill*         0x0800481a        0x2 
 .text.vQueueAddToRegistry
                0x0800481c       0x28 CMakeFiles/CyberVCM_AIO.elf.dir/Middlewares/Third_Party/FreeRTOS/Source/queue.c.obj
                0x0800481c                vQueueAddToRegistry
 .text.vQueueWaitForMessageRestricted
                0x08004844       0x52 CMakeFiles/CyberVCM_AIO.elf.dir/Middlewares/Third_Party/FreeRTOS/Source/queue.c.obj
                0x08004844                vQueueWaitForMessageRestricted
 *fill*         0x08004896        0x2 
 .text.prvResetNextTaskUnblockTime
                0x08004898       0x2c CMakeFiles/CyberVCM_AIO.elf.dir/Middlewares/Third_Party/FreeRTOS/Source/tasks.c.obj
 .text.prvInitialiseNewTask
                0x080048c4       0xa6 CMakeFiles/CyberVCM_AIO.elf.dir/Middlewares/Third_Party/FreeRTOS/Source/tasks.c.obj
 *fill*         0x0800496a        0x2 
 .text.prvInitialiseTaskLists
                0x0800496c       0x68 CMakeFiles/CyberVCM_AIO.elf.dir/Middlewares/Third_Party/FreeRTOS/Source/tasks.c.obj
 .text.prvAddNewTaskToReadyList
                0x080049d4       0xac CMakeFiles/CyberVCM_AIO.elf.dir/Middlewares/Third_Party/FreeRTOS/Source/tasks.c.obj
 .text.prvDeleteTCB
                0x08004a80       0x38 CMakeFiles/CyberVCM_AIO.elf.dir/Middlewares/Third_Party/FreeRTOS/Source/tasks.c.obj
 .text.prvCheckTasksWaitingTermination
                0x08004ab8       0x4c CMakeFiles/CyberVCM_AIO.elf.dir/Middlewares/Third_Party/FreeRTOS/Source/tasks.c.obj
 .text.prvIdleTask
                0x08004b04       0x28 CMakeFiles/CyberVCM_AIO.elf.dir/Middlewares/Third_Party/FreeRTOS/Source/tasks.c.obj
 .text.prvAddCurrentTaskToDelayedList
                0x08004b2c       0x7c CMakeFiles/CyberVCM_AIO.elf.dir/Middlewares/Third_Party/FreeRTOS/Source/tasks.c.obj
 .text.xTaskCreateStatic
                0x08004ba8       0x76 CMakeFiles/CyberVCM_AIO.elf.dir/Middlewares/Third_Party/FreeRTOS/Source/tasks.c.obj
                0x08004ba8                xTaskCreateStatic
 .text.xTaskCreate
                0x08004c1e       0x68 CMakeFiles/CyberVCM_AIO.elf.dir/Middlewares/Third_Party/FreeRTOS/Source/tasks.c.obj
                0x08004c1e                xTaskCreate
 *fill*         0x08004c86        0x2 
 .text.vTaskStartScheduler
                0x08004c88       0x9c CMakeFiles/CyberVCM_AIO.elf.dir/Middlewares/Third_Party/FreeRTOS/Source/tasks.c.obj
                0x08004c88                vTaskStartScheduler
 .text.vTaskSuspendAll
                0x08004d24       0x10 CMakeFiles/CyberVCM_AIO.elf.dir/Middlewares/Third_Party/FreeRTOS/Source/tasks.c.obj
                0x08004d24                vTaskSuspendAll
 .text.xTaskGetTickCount
                0x08004d34        0xc CMakeFiles/CyberVCM_AIO.elf.dir/Middlewares/Third_Party/FreeRTOS/Source/tasks.c.obj
                0x08004d34                xTaskGetTickCount
 .text.xTaskIncrementTick
                0x08004d40      0x118 CMakeFiles/CyberVCM_AIO.elf.dir/Middlewares/Third_Party/FreeRTOS/Source/tasks.c.obj
                0x08004d40                xTaskIncrementTick
 .text.xTaskResumeAll
                0x08004e58       0xf8 CMakeFiles/CyberVCM_AIO.elf.dir/Middlewares/Third_Party/FreeRTOS/Source/tasks.c.obj
                0x08004e58                xTaskResumeAll
 .text.vTaskSwitchContext
                0x08004f50       0x94 CMakeFiles/CyberVCM_AIO.elf.dir/Middlewares/Third_Party/FreeRTOS/Source/tasks.c.obj
                0x08004f50                vTaskSwitchContext
 .text.vTaskPlaceOnEventList
                0x08004fe4       0x30 CMakeFiles/CyberVCM_AIO.elf.dir/Middlewares/Third_Party/FreeRTOS/Source/tasks.c.obj
                0x08004fe4                vTaskPlaceOnEventList
 .text.vTaskPlaceOnEventListRestricted
                0x08005014       0x38 CMakeFiles/CyberVCM_AIO.elf.dir/Middlewares/Third_Party/FreeRTOS/Source/tasks.c.obj
                0x08005014                vTaskPlaceOnEventListRestricted
 .text.xTaskRemoveFromEventList
                0x0800504c       0x8c CMakeFiles/CyberVCM_AIO.elf.dir/Middlewares/Third_Party/FreeRTOS/Source/tasks.c.obj
                0x0800504c                xTaskRemoveFromEventList
 .text.vTaskInternalSetTimeOutState
                0x080050d8       0x18 CMakeFiles/CyberVCM_AIO.elf.dir/Middlewares/Third_Party/FreeRTOS/Source/tasks.c.obj
                0x080050d8                vTaskInternalSetTimeOutState
 .text.xTaskCheckForTimeOut
                0x080050f0       0x84 CMakeFiles/CyberVCM_AIO.elf.dir/Middlewares/Third_Party/FreeRTOS/Source/tasks.c.obj
                0x080050f0                xTaskCheckForTimeOut
 .text.vTaskMissedYield
                0x08005174        0xc CMakeFiles/CyberVCM_AIO.elf.dir/Middlewares/Third_Party/FreeRTOS/Source/tasks.c.obj
                0x08005174                vTaskMissedYield
 .text.xTaskGetSchedulerState
                0x08005180       0x20 CMakeFiles/CyberVCM_AIO.elf.dir/Middlewares/Third_Party/FreeRTOS/Source/tasks.c.obj
                0x08005180                xTaskGetSchedulerState
 .text.xTaskPriorityDisinherit
                0x080051a0       0x90 CMakeFiles/CyberVCM_AIO.elf.dir/Middlewares/Third_Party/FreeRTOS/Source/tasks.c.obj
                0x080051a0                xTaskPriorityDisinherit
 .text.prvGetNextExpireTime
                0x08005230       0x20 CMakeFiles/CyberVCM_AIO.elf.dir/Middlewares/Third_Party/FreeRTOS/Source/timers.c.obj
 .text.prvInsertTimerInActiveList
                0x08005250       0x48 CMakeFiles/CyberVCM_AIO.elf.dir/Middlewares/Third_Party/FreeRTOS/Source/timers.c.obj
 .text.prvCheckForValidListAndQueue
                0x08005298       0x70 CMakeFiles/CyberVCM_AIO.elf.dir/Middlewares/Third_Party/FreeRTOS/Source/timers.c.obj
 .text.xTimerCreateTimerTask
                0x08005308       0x64 CMakeFiles/CyberVCM_AIO.elf.dir/Middlewares/Third_Party/FreeRTOS/Source/timers.c.obj
                0x08005308                xTimerCreateTimerTask
 .text.xTimerGenericCommand
                0x0800536c       0x6c CMakeFiles/CyberVCM_AIO.elf.dir/Middlewares/Third_Party/FreeRTOS/Source/timers.c.obj
                0x0800536c                xTimerGenericCommand
 .text.prvSwitchTimerLists
                0x080053d8       0x7c CMakeFiles/CyberVCM_AIO.elf.dir/Middlewares/Third_Party/FreeRTOS/Source/timers.c.obj
 .text.prvSampleTimeNow
                0x08005454       0x2c CMakeFiles/CyberVCM_AIO.elf.dir/Middlewares/Third_Party/FreeRTOS/Source/timers.c.obj
 .text.prvProcessExpiredTimer
                0x08005480       0x6c CMakeFiles/CyberVCM_AIO.elf.dir/Middlewares/Third_Party/FreeRTOS/Source/timers.c.obj
 .text.prvProcessTimerOrBlockTask
                0x080054ec       0x74 CMakeFiles/CyberVCM_AIO.elf.dir/Middlewares/Third_Party/FreeRTOS/Source/timers.c.obj
 .text.prvProcessReceivedCommands
                0x08005560      0x10c CMakeFiles/CyberVCM_AIO.elf.dir/Middlewares/Third_Party/FreeRTOS/Source/timers.c.obj
 .text.prvTimerTask
                0x0800566c       0x16 CMakeFiles/CyberVCM_AIO.elf.dir/Middlewares/Third_Party/FreeRTOS/Source/timers.c.obj
 *fill*         0x08005682        0x2 
 .text.Reset_Handler
                0x08005684       0x50 CMakeFiles/CyberVCM_AIO.elf.dir/startup/startup_stm32f405xx.s.obj
                0x08005684                Reset_Handler
 .text.Default_Handler
                0x080056d4        0x2 CMakeFiles/CyberVCM_AIO.elf.dir/startup/startup_stm32f405xx.s.obj
                0x080056d4                RTC_Alarm_IRQHandler
                0x080056d4                HASH_RNG_IRQHandler
                0x080056d4                EXTI2_IRQHandler
                0x080056d4                TIM8_CC_IRQHandler
                0x080056d4                TIM1_CC_IRQHandler
                0x080056d4                DMA2_Stream5_IRQHandler
                0x080056d4                DMA1_Stream5_IRQHandler
                0x080056d4                PVD_IRQHandler
                0x080056d4                SDIO_IRQHandler
                0x080056d4                TAMP_STAMP_IRQHandler
                0x080056d4                CAN2_RX1_IRQHandler
                0x080056d4                EXTI3_IRQHandler
                0x080056d4                TIM8_TRG_COM_TIM14_IRQHandler
                0x080056d4                TIM1_UP_TIM10_IRQHandler
                0x080056d4                TIM8_UP_TIM13_IRQHandler
                0x080056d4                I2C3_ER_IRQHandler
                0x080056d4                EXTI0_IRQHandler
                0x080056d4                I2C2_EV_IRQHandler
                0x080056d4                DMA1_Stream2_IRQHandler
                0x080056d4                CAN1_RX0_IRQHandler
                0x080056d4                FPU_IRQHandler
                0x080056d4                OTG_HS_WKUP_IRQHandler
                0x080056d4                CAN2_SCE_IRQHandler
                0x080056d4                DMA2_Stream2_IRQHandler
                0x080056d4                SPI1_IRQHandler
                0x080056d4                TIM1_BRK_TIM9_IRQHandler
                0x080056d4                CAN2_RX0_IRQHandler
                0x080056d4                DMA2_Stream3_IRQHandler
                0x080056d4                USART6_IRQHandler
                0x080056d4                USART3_IRQHandler
                0x080056d4                CAN1_RX1_IRQHandler
                0x080056d4                UART5_IRQHandler
                0x080056d4                TIM4_IRQHandler
                0x080056d4                I2C1_EV_IRQHandler
                0x080056d4                DMA1_Stream6_IRQHandler
                0x080056d4                DMA1_Stream1_IRQHandler
                0x080056d4                UART4_IRQHandler
                0x080056d4                TIM3_IRQHandler
                0x080056d4                RCC_IRQHandler
                0x080056d4                TIM8_BRK_TIM12_IRQHandler
                0x080056d4                Default_Handler
                0x080056d4                EXTI15_10_IRQHandler
                0x080056d4                ADC_IRQHandler
                0x080056d4                DMA1_Stream7_IRQHandler
                0x080056d4                TIM7_IRQHandler
                0x080056d4                CAN2_TX_IRQHandler
                0x080056d4                TIM5_IRQHandler
                0x080056d4                DMA2_Stream7_IRQHandler
                0x080056d4                I2C3_EV_IRQHandler
                0x080056d4                EXTI9_5_IRQHandler
                0x080056d4                RTC_WKUP_IRQHandler
                0x080056d4                SPI2_IRQHandler
                0x080056d4                OTG_HS_EP1_IN_IRQHandler
                0x080056d4                DMA1_Stream0_IRQHandler
                0x080056d4                CAN1_TX_IRQHandler
                0x080056d4                EXTI4_IRQHandler
                0x080056d4                FSMC_IRQHandler
                0x080056d4                OTG_HS_EP1_OUT_IRQHandler
                0x080056d4                WWDG_IRQHandler
                0x080056d4                TIM2_IRQHandler
                0x080056d4                OTG_FS_WKUP_IRQHandler
                0x080056d4                TIM1_TRG_COM_TIM11_IRQHandler
                0x080056d4                OTG_HS_IRQHandler
                0x080056d4                EXTI1_IRQHandler
                0x080056d4                USART2_IRQHandler
                0x080056d4                I2C2_ER_IRQHandler
                0x080056d4                DMA2_Stream1_IRQHandler
                0x080056d4                CAN1_SCE_IRQHandler
                0x080056d4                FLASH_IRQHandler
                0x080056d4                DMA2_Stream4_IRQHandler
                0x080056d4                USART1_IRQHandler
                0x080056d4                OTG_FS_IRQHandler
                0x080056d4                SPI3_IRQHandler
                0x080056d4                DMA1_Stream4_IRQHandler
                0x080056d4                I2C1_ER_IRQHandler
                0x080056d4                DMA2_Stream6_IRQHandler
                0x080056d4                DMA1_Stream3_IRQHandler
 *fill*         0x080056d6        0x2 
 .text.__errno  0x080056d8        0xc d:/software/embededtools/drivers/gcc-arm-none-eabi/bin/../lib/gcc/arm-none-eabi/10.3.1/../../../../arm-none-eabi/lib/thumb/v7e-m+fp/hard\libg.a(lib_a-errno.o)
                0x080056d8                __errno
 .text.__libc_init_array
                0x080056e4       0x48 d:/software/embededtools/drivers/gcc-arm-none-eabi/bin/../lib/gcc/arm-none-eabi/10.3.1/../../../../arm-none-eabi/lib/thumb/v7e-m+fp/hard\libg.a(lib_a-init.o)
                0x080056e4                __libc_init_array
 .text.malloc   0x0800572c       0x10 d:/software/embededtools/drivers/gcc-arm-none-eabi/bin/../lib/gcc/arm-none-eabi/10.3.1/../../../../arm-none-eabi/lib/thumb/v7e-m+fp/hard\libg.a(lib_a-malloc.o)
                0x0800572c                malloc
 .text._malloc_r
                0x0800573c      0x560 d:/software/embededtools/drivers/gcc-arm-none-eabi/bin/../lib/gcc/arm-none-eabi/10.3.1/../../../../arm-none-eabi/lib/thumb/v7e-m+fp/hard\libg.a(lib_a-mallocr.o)
                0x0800573c                _malloc_r
 .text.memset   0x08005c9c       0xa4 d:/software/embededtools/drivers/gcc-arm-none-eabi/bin/../lib/gcc/arm-none-eabi/10.3.1/../../../../arm-none-eabi/lib/thumb/v7e-m+fp/hard\libg.a(lib_a-memset.o)
                0x08005c9c                memset
 .text.__malloc_lock
                0x08005d40        0xc d:/software/embededtools/drivers/gcc-arm-none-eabi/bin/../lib/gcc/arm-none-eabi/10.3.1/../../../../arm-none-eabi/lib/thumb/v7e-m+fp/hard\libg.a(lib_a-mlock.o)
                0x08005d40                __malloc_lock
 .text.__malloc_unlock
                0x08005d4c        0xc d:/software/embededtools/drivers/gcc-arm-none-eabi/bin/../lib/gcc/arm-none-eabi/10.3.1/../../../../arm-none-eabi/lib/thumb/v7e-m+fp/hard\libg.a(lib_a-mlock.o)
                0x08005d4c                __malloc_unlock
 .text.printf   0x08005d58       0x28 d:/software/embededtools/drivers/gcc-arm-none-eabi/bin/../lib/gcc/arm-none-eabi/10.3.1/../../../../arm-none-eabi/lib/thumb/v7e-m+fp/hard\libg.a(lib_a-printf.o)
                0x08005d58                printf
 .text._puts_r  0x08005d80       0x9c d:/software/embededtools/drivers/gcc-arm-none-eabi/bin/../lib/gcc/arm-none-eabi/10.3.1/../../../../arm-none-eabi/lib/thumb/v7e-m+fp/hard\libg.a(lib_a-puts.o)
                0x08005d80                _puts_r
 .text.puts     0x08005e1c       0x10 d:/software/embededtools/drivers/gcc-arm-none-eabi/bin/../lib/gcc/arm-none-eabi/10.3.1/../../../../arm-none-eabi/lib/thumb/v7e-m+fp/hard\libg.a(lib_a-puts.o)
                0x08005e1c                puts
 .text._sbrk_r  0x08005e2c       0x24 d:/software/embededtools/drivers/gcc-arm-none-eabi/bin/../lib/gcc/arm-none-eabi/10.3.1/../../../../arm-none-eabi/lib/thumb/v7e-m+fp/hard\libg.a(lib_a-sbrkr.o)
                0x08005e2c                _sbrk_r
 .text.setvbuf  0x08005e50      0x1b0 d:/software/embededtools/drivers/gcc-arm-none-eabi/bin/../lib/gcc/arm-none-eabi/10.3.1/../../../../arm-none-eabi/lib/thumb/v7e-m+fp/hard\libg.a(lib_a-setvbuf.o)
                0x08005e50                setvbuf
 .text._vfprintf_r
                0x08006000     0x1b90 d:/software/embededtools/drivers/gcc-arm-none-eabi/bin/../lib/gcc/arm-none-eabi/10.3.1/../../../../arm-none-eabi/lib/thumb/v7e-m+fp/hard\libg.a(lib_a-vfprintf.o)
                0x08006000                _vfprintf_r
 .text.__sbprintf
                0x08007b90       0x80 d:/software/embededtools/drivers/gcc-arm-none-eabi/bin/../lib/gcc/arm-none-eabi/10.3.1/../../../../arm-none-eabi/lib/thumb/v7e-m+fp/hard\libg.a(lib_a-vfprintf.o)
 .text.__swsetup_r
                0x08007c10       0xd4 d:/software/embededtools/drivers/gcc-arm-none-eabi/bin/../lib/gcc/arm-none-eabi/10.3.1/../../../../arm-none-eabi/lib/thumb/v7e-m+fp/hard\libg.a(lib_a-wsetup.o)
                0x08007c10                __swsetup_r
 .text.startup.register_fini
                0x08007ce4       0x14 d:/software/embededtools/drivers/gcc-arm-none-eabi/bin/../lib/gcc/arm-none-eabi/10.3.1/../../../../arm-none-eabi/lib/thumb/v7e-m+fp/hard\libg.a(lib_a-__call_atexit.o)
 .text.atexit   0x08007cf8        0xc d:/software/embededtools/drivers/gcc-arm-none-eabi/bin/../lib/gcc/arm-none-eabi/10.3.1/../../../../arm-none-eabi/lib/thumb/v7e-m+fp/hard\libg.a(lib_a-atexit.o)
                0x08007cf8                atexit
 .text.quorem   0x08007d04      0x128 d:/software/embededtools/drivers/gcc-arm-none-eabi/bin/../lib/gcc/arm-none-eabi/10.3.1/../../../../arm-none-eabi/lib/thumb/v7e-m+fp/hard\libg.a(lib_a-dtoa.o)
 *fill*         0x08007e2c        0x4 
 .text._dtoa_r  0x08007e30      0xf3c d:/software/embededtools/drivers/gcc-arm-none-eabi/bin/../lib/gcc/arm-none-eabi/10.3.1/../../../../arm-none-eabi/lib/thumb/v7e-m+fp/hard\libg.a(lib_a-dtoa.o)
                0x08007e30                _dtoa_r
 .text.__sflush_r
                0x08008d6c      0x130 d:/software/embededtools/drivers/gcc-arm-none-eabi/bin/../lib/gcc/arm-none-eabi/10.3.1/../../../../arm-none-eabi/lib/thumb/v7e-m+fp/hard\libg.a(lib_a-fflush.o)
                0x08008d6c                __sflush_r
 .text._fflush_r
                0x08008e9c       0x5c d:/software/embededtools/drivers/gcc-arm-none-eabi/bin/../lib/gcc/arm-none-eabi/10.3.1/../../../../arm-none-eabi/lib/thumb/v7e-m+fp/hard\libg.a(lib_a-fflush.o)
                0x08008e9c                _fflush_r
 .text._cleanup_r
                0x08008ef8        0xc d:/software/embededtools/drivers/gcc-arm-none-eabi/bin/../lib/gcc/arm-none-eabi/10.3.1/../../../../arm-none-eabi/lib/thumb/v7e-m+fp/hard\libg.a(lib_a-findfp.o)
                0x08008ef8                _cleanup_r
 .text.__sinit  0x08008f04      0x10c d:/software/embededtools/drivers/gcc-arm-none-eabi/bin/../lib/gcc/arm-none-eabi/10.3.1/../../../../arm-none-eabi/lib/thumb/v7e-m+fp/hard\libg.a(lib_a-findfp.o)
                0x08008f04                __sinit
 .text.__sfp_lock_acquire
                0x08009010        0xc d:/software/embededtools/drivers/gcc-arm-none-eabi/bin/../lib/gcc/arm-none-eabi/10.3.1/../../../../arm-none-eabi/lib/thumb/v7e-m+fp/hard\libg.a(lib_a-findfp.o)
                0x08009010                __sfp_lock_acquire
 .text.__sfp_lock_release
                0x0800901c        0xc d:/software/embededtools/drivers/gcc-arm-none-eabi/bin/../lib/gcc/arm-none-eabi/10.3.1/../../../../arm-none-eabi/lib/thumb/v7e-m+fp/hard\libg.a(lib_a-findfp.o)
                0x0800901c                __sfp_lock_release
 .text.__libc_fini_array
                0x08009028       0x2c d:/software/embededtools/drivers/gcc-arm-none-eabi/bin/../lib/gcc/arm-none-eabi/10.3.1/../../../../arm-none-eabi/lib/thumb/v7e-m+fp/hard\libg.a(lib_a-fini.o)
                0x08009028                __libc_fini_array
 .text._malloc_trim_r
                0x08009054       0xa0 d:/software/embededtools/drivers/gcc-arm-none-eabi/bin/../lib/gcc/arm-none-eabi/10.3.1/../../../../arm-none-eabi/lib/thumb/v7e-m+fp/hard\libg.a(lib_a-freer.o)
                0x08009054                _malloc_trim_r
 .text._free_r  0x080090f4      0x20c d:/software/embededtools/drivers/gcc-arm-none-eabi/bin/../lib/gcc/arm-none-eabi/10.3.1/../../../../arm-none-eabi/lib/thumb/v7e-m+fp/hard\libg.a(lib_a-freer.o)
                0x080090f4                _free_r
 .text.__sfvwrite_r
                0x08009300      0x2f0 d:/software/embededtools/drivers/gcc-arm-none-eabi/bin/../lib/gcc/arm-none-eabi/10.3.1/../../../../arm-none-eabi/lib/thumb/v7e-m+fp/hard\libg.a(lib_a-fvwrite.o)
                0x08009300                __sfvwrite_r
 .text._fwalk_reent
                0x080095f0       0x48 d:/software/embededtools/drivers/gcc-arm-none-eabi/bin/../lib/gcc/arm-none-eabi/10.3.1/../../../../arm-none-eabi/lib/thumb/v7e-m+fp/hard\libg.a(lib_a-fwalk.o)
                0x080095f0                _fwalk_reent
 .text._localeconv_r
                0x08009638        0x8 d:/software/embededtools/drivers/gcc-arm-none-eabi/bin/../lib/gcc/arm-none-eabi/10.3.1/../../../../arm-none-eabi/lib/thumb/v7e-m+fp/hard\libg.a(lib_a-localeconv.o)
                0x08009638                _localeconv_r
 .text.__retarget_lock_init_recursive
                0x08009640        0x4 d:/software/embededtools/drivers/gcc-arm-none-eabi/bin/../lib/gcc/arm-none-eabi/10.3.1/../../../../arm-none-eabi/lib/thumb/v7e-m+fp/hard\libg.a(lib_a-lock.o)
                0x08009640                __retarget_lock_init_recursive
 .text.__retarget_lock_close_recursive
                0x08009644        0x4 d:/software/embededtools/drivers/gcc-arm-none-eabi/bin/../lib/gcc/arm-none-eabi/10.3.1/../../../../arm-none-eabi/lib/thumb/v7e-m+fp/hard\libg.a(lib_a-lock.o)
                0x08009644                __retarget_lock_close_recursive
 .text.__retarget_lock_acquire_recursive
                0x08009648        0x4 d:/software/embededtools/drivers/gcc-arm-none-eabi/bin/../lib/gcc/arm-none-eabi/10.3.1/../../../../arm-none-eabi/lib/thumb/v7e-m+fp/hard\libg.a(lib_a-lock.o)
                0x08009648                __retarget_lock_acquire_recursive
 .text.__retarget_lock_release_recursive
                0x0800964c        0x4 d:/software/embededtools/drivers/gcc-arm-none-eabi/bin/../lib/gcc/arm-none-eabi/10.3.1/../../../../arm-none-eabi/lib/thumb/v7e-m+fp/hard\libg.a(lib_a-lock.o)
                0x0800964c                __retarget_lock_release_recursive
 .text.__smakebuf_r
                0x08009650       0xe0 d:/software/embededtools/drivers/gcc-arm-none-eabi/bin/../lib/gcc/arm-none-eabi/10.3.1/../../../../arm-none-eabi/lib/thumb/v7e-m+fp/hard\libg.a(lib_a-makebuf.o)
                0x08009650                __smakebuf_r
 .text.__swhatbuf_r
                0x08009730       0x60 d:/software/embededtools/drivers/gcc-arm-none-eabi/bin/../lib/gcc/arm-none-eabi/10.3.1/../../../../arm-none-eabi/lib/thumb/v7e-m+fp/hard\libg.a(lib_a-makebuf.o)
                0x08009730                __swhatbuf_r
 .text.memmove  0x08009790       0xf8 d:/software/embededtools/drivers/gcc-arm-none-eabi/bin/../lib/gcc/arm-none-eabi/10.3.1/../../../../arm-none-eabi/lib/thumb/v7e-m+fp/hard\libg.a(lib_a-memmove.o)
                0x08009790                memmove
 .text._Balloc  0x08009888       0x4c d:/software/embededtools/drivers/gcc-arm-none-eabi/bin/../lib/gcc/arm-none-eabi/10.3.1/../../../../arm-none-eabi/lib/thumb/v7e-m+fp/hard\libg.a(lib_a-mprec.o)
                0x08009888                _Balloc
 .text._Bfree   0x080098d4       0x14 d:/software/embededtools/drivers/gcc-arm-none-eabi/bin/../lib/gcc/arm-none-eabi/10.3.1/../../../../arm-none-eabi/lib/thumb/v7e-m+fp/hard\libg.a(lib_a-mprec.o)
                0x080098d4                _Bfree
 .text.__multadd
                0x080098e8       0xa8 d:/software/embededtools/drivers/gcc-arm-none-eabi/bin/../lib/gcc/arm-none-eabi/10.3.1/../../../../arm-none-eabi/lib/thumb/v7e-m+fp/hard\libg.a(lib_a-mprec.o)
                0x080098e8                __multadd
 .text.__hi0bits
                0x08009990       0x40 d:/software/embededtools/drivers/gcc-arm-none-eabi/bin/../lib/gcc/arm-none-eabi/10.3.1/../../../../arm-none-eabi/lib/thumb/v7e-m+fp/hard\libg.a(lib_a-mprec.o)
                0x08009990                __hi0bits
 .text.__lo0bits
                0x080099d0       0x60 d:/software/embededtools/drivers/gcc-arm-none-eabi/bin/../lib/gcc/arm-none-eabi/10.3.1/../../../../arm-none-eabi/lib/thumb/v7e-m+fp/hard\libg.a(lib_a-mprec.o)
                0x080099d0                __lo0bits
 .text.__i2b    0x08009a30       0x5c d:/software/embededtools/drivers/gcc-arm-none-eabi/bin/../lib/gcc/arm-none-eabi/10.3.1/../../../../arm-none-eabi/lib/thumb/v7e-m+fp/hard\libg.a(lib_a-mprec.o)
                0x08009a30                __i2b
 .text.__multiply
                0x08009a8c      0x15c d:/software/embededtools/drivers/gcc-arm-none-eabi/bin/../lib/gcc/arm-none-eabi/10.3.1/../../../../arm-none-eabi/lib/thumb/v7e-m+fp/hard\libg.a(lib_a-mprec.o)
                0x08009a8c                __multiply
 .text.__pow5mult
                0x08009be8       0xc0 d:/software/embededtools/drivers/gcc-arm-none-eabi/bin/../lib/gcc/arm-none-eabi/10.3.1/../../../../arm-none-eabi/lib/thumb/v7e-m+fp/hard\libg.a(lib_a-mprec.o)
                0x08009be8                __pow5mult
 .text.__lshift
                0x08009ca8       0xf0 d:/software/embededtools/drivers/gcc-arm-none-eabi/bin/../lib/gcc/arm-none-eabi/10.3.1/../../../../arm-none-eabi/lib/thumb/v7e-m+fp/hard\libg.a(lib_a-mprec.o)
                0x08009ca8                __lshift
 .text.__mcmp   0x08009d98       0x44 d:/software/embededtools/drivers/gcc-arm-none-eabi/bin/../lib/gcc/arm-none-eabi/10.3.1/../../../../arm-none-eabi/lib/thumb/v7e-m+fp/hard\libg.a(lib_a-mprec.o)
                0x08009d98                __mcmp
 .text.__mdiff  0x08009ddc      0x14c d:/software/embededtools/drivers/gcc-arm-none-eabi/bin/../lib/gcc/arm-none-eabi/10.3.1/../../../../arm-none-eabi/lib/thumb/v7e-m+fp/hard\libg.a(lib_a-mprec.o)
                0x08009ddc                __mdiff
 .text.__d2b    0x08009f28       0xd0 d:/software/embededtools/drivers/gcc-arm-none-eabi/bin/../lib/gcc/arm-none-eabi/10.3.1/../../../../arm-none-eabi/lib/thumb/v7e-m+fp/hard\libg.a(lib_a-mprec.o)
                0x08009f28                __d2b
 .text._realloc_r
                0x08009ff8      0x3d8 d:/software/embededtools/drivers/gcc-arm-none-eabi/bin/../lib/gcc/arm-none-eabi/10.3.1/../../../../arm-none-eabi/lib/thumb/v7e-m+fp/hard\libg.a(lib_a-reallocr.o)
                0x08009ff8                _realloc_r
 .text.frexp    0x0800a3d0       0x6c d:/software/embededtools/drivers/gcc-arm-none-eabi/bin/../lib/gcc/arm-none-eabi/10.3.1/../../../../arm-none-eabi/lib/thumb/v7e-m+fp/hard\libg.a(lib_a-s_frexp.o)
                0x0800a3d0                frexp
 .text.__sread  0x0800a43c       0x24 d:/software/embededtools/drivers/gcc-arm-none-eabi/bin/../lib/gcc/arm-none-eabi/10.3.1/../../../../arm-none-eabi/lib/thumb/v7e-m+fp/hard\libg.a(lib_a-stdio.o)
                0x0800a43c                __sread
 .text.__swrite
                0x0800a460       0x40 d:/software/embededtools/drivers/gcc-arm-none-eabi/bin/../lib/gcc/arm-none-eabi/10.3.1/../../../../arm-none-eabi/lib/thumb/v7e-m+fp/hard\libg.a(lib_a-stdio.o)
                0x0800a460                __swrite
 .text.__sseek  0x0800a4a0       0x20 d:/software/embededtools/drivers/gcc-arm-none-eabi/bin/../lib/gcc/arm-none-eabi/10.3.1/../../../../arm-none-eabi/lib/thumb/v7e-m+fp/hard\libg.a(lib_a-stdio.o)
                0x0800a4a0                __sseek
 .text.__sclose
                0x0800a4c0        0x8 d:/software/embededtools/drivers/gcc-arm-none-eabi/bin/../lib/gcc/arm-none-eabi/10.3.1/../../../../arm-none-eabi/lib/thumb/v7e-m+fp/hard\libg.a(lib_a-stdio.o)
                0x0800a4c0                __sclose
 .text.strncpy  0x0800a4c8       0x64 d:/software/embededtools/drivers/gcc-arm-none-eabi/bin/../lib/gcc/arm-none-eabi/10.3.1/../../../../arm-none-eabi/lib/thumb/v7e-m+fp/hard\libg.a(lib_a-strncpy.o)
                0x0800a4c8                strncpy
 .text.__sprint_r.part.0
                0x0800a52c       0x78 d:/software/embededtools/drivers/gcc-arm-none-eabi/bin/../lib/gcc/arm-none-eabi/10.3.1/../../../../arm-none-eabi/lib/thumb/v7e-m+fp/hard\libg.a(lib_a-vfiprintf.o)
 .text.__sprint_r
                0x0800a5a4       0x18 d:/software/embededtools/drivers/gcc-arm-none-eabi/bin/../lib/gcc/arm-none-eabi/10.3.1/../../../../arm-none-eabi/lib/thumb/v7e-m+fp/hard\libg.a(lib_a-vfiprintf.o)
                0x0800a5a4                __sprint_r
 .text._vfiprintf_r
                0x0800a5bc      0xdfc d:/software/embededtools/drivers/gcc-arm-none-eabi/bin/../lib/gcc/arm-none-eabi/10.3.1/../../../../arm-none-eabi/lib/thumb/v7e-m+fp/hard\libg.a(lib_a-vfiprintf.o)
                0x0800a5bc                _vfiprintf_r
 .text.__sbprintf
                0x0800b3b8       0x80 d:/software/embededtools/drivers/gcc-arm-none-eabi/bin/../lib/gcc/arm-none-eabi/10.3.1/../../../../arm-none-eabi/lib/thumb/v7e-m+fp/hard\libg.a(lib_a-vfiprintf.o)
 .text._write_r
                0x0800b438       0x2c d:/software/embededtools/drivers/gcc-arm-none-eabi/bin/../lib/gcc/arm-none-eabi/10.3.1/../../../../arm-none-eabi/lib/thumb/v7e-m+fp/hard\libg.a(lib_a-writer.o)
                0x0800b438                _write_r
 .text.__register_exitproc
                0x0800b464       0x8c d:/software/embededtools/drivers/gcc-arm-none-eabi/bin/../lib/gcc/arm-none-eabi/10.3.1/../../../../arm-none-eabi/lib/thumb/v7e-m+fp/hard\libg.a(lib_a-__atexit.o)
                0x0800b464                __register_exitproc
 .text.__assert_func
                0x0800b4f0       0x40 d:/software/embededtools/drivers/gcc-arm-none-eabi/bin/../lib/gcc/arm-none-eabi/10.3.1/../../../../arm-none-eabi/lib/thumb/v7e-m+fp/hard\libg.a(lib_a-assert.o)
                0x0800b4f0                __assert_func
 .text._calloc_r
                0x0800b530       0x78 d:/software/embededtools/drivers/gcc-arm-none-eabi/bin/../lib/gcc/arm-none-eabi/10.3.1/../../../../arm-none-eabi/lib/thumb/v7e-m+fp/hard\libg.a(lib_a-callocr.o)
                0x0800b530                _calloc_r
 .text._close_r
                0x0800b5a8       0x24 d:/software/embededtools/drivers/gcc-arm-none-eabi/bin/../lib/gcc/arm-none-eabi/10.3.1/../../../../arm-none-eabi/lib/thumb/v7e-m+fp/hard\libg.a(lib_a-closer.o)
                0x0800b5a8                _close_r
 .text._fclose_r
                0x0800b5cc       0xcc d:/software/embededtools/drivers/gcc-arm-none-eabi/bin/../lib/gcc/arm-none-eabi/10.3.1/../../../../arm-none-eabi/lib/thumb/v7e-m+fp/hard\libg.a(lib_a-fclose.o)
                0x0800b5cc                _fclose_r
 .text.fiprintf
                0x0800b698       0x28 d:/software/embededtools/drivers/gcc-arm-none-eabi/bin/../lib/gcc/arm-none-eabi/10.3.1/../../../../arm-none-eabi/lib/thumb/v7e-m+fp/hard\libg.a(lib_a-fiprintf.o)
                0x0800b698                fiprintf
 .text.__fputwc
                0x0800b6c0       0xa8 d:/software/embededtools/drivers/gcc-arm-none-eabi/bin/../lib/gcc/arm-none-eabi/10.3.1/../../../../arm-none-eabi/lib/thumb/v7e-m+fp/hard\libg.a(lib_a-fputwc.o)
                0x0800b6c0                __fputwc
 .text._fputwc_r
                0x0800b768       0x68 d:/software/embededtools/drivers/gcc-arm-none-eabi/bin/../lib/gcc/arm-none-eabi/10.3.1/../../../../arm-none-eabi/lib/thumb/v7e-m+fp/hard\libg.a(lib_a-fputwc.o)
                0x0800b768                _fputwc_r
 .text._fstat_r
                0x0800b7d0       0x2c d:/software/embededtools/drivers/gcc-arm-none-eabi/bin/../lib/gcc/arm-none-eabi/10.3.1/../../../../arm-none-eabi/lib/thumb/v7e-m+fp/hard\libg.a(lib_a-fstatr.o)
                0x0800b7d0                _fstat_r
 .text._isatty_r
                0x0800b7fc       0x24 d:/software/embededtools/drivers/gcc-arm-none-eabi/bin/../lib/gcc/arm-none-eabi/10.3.1/../../../../arm-none-eabi/lib/thumb/v7e-m+fp/hard\libg.a(lib_a-isattyr.o)
                0x0800b7fc                _isatty_r
 .text.__locale_mb_cur_max
                0x0800b820        0xc d:/software/embededtools/drivers/gcc-arm-none-eabi/bin/../lib/gcc/arm-none-eabi/10.3.1/../../../../arm-none-eabi/lib/thumb/v7e-m+fp/hard\libg.a(lib_a-locale.o)
                0x0800b820                __locale_mb_cur_max
 .text._lseek_r
                0x0800b82c       0x2c d:/software/embededtools/drivers/gcc-arm-none-eabi/bin/../lib/gcc/arm-none-eabi/10.3.1/../../../../arm-none-eabi/lib/thumb/v7e-m+fp/hard\libg.a(lib_a-lseekr.o)
                0x0800b82c                _lseek_r
 .text.__ascii_mbtowc
                0x0800b858       0x2c d:/software/embededtools/drivers/gcc-arm-none-eabi/bin/../lib/gcc/arm-none-eabi/10.3.1/../../../../arm-none-eabi/lib/thumb/v7e-m+fp/hard\libg.a(lib_a-mbtowc_r.o)
                0x0800b858                __ascii_mbtowc
 .text._read_r  0x0800b884       0x2c d:/software/embededtools/drivers/gcc-arm-none-eabi/bin/../lib/gcc/arm-none-eabi/10.3.1/../../../../arm-none-eabi/lib/thumb/v7e-m+fp/hard\libg.a(lib_a-readr.o)
                0x0800b884                _read_r
 .text.__swbuf_r
                0x0800b8b0       0xb0 d:/software/embededtools/drivers/gcc-arm-none-eabi/bin/../lib/gcc/arm-none-eabi/10.3.1/../../../../arm-none-eabi/lib/thumb/v7e-m+fp/hard\libg.a(lib_a-wbuf.o)
                0x0800b8b0                __swbuf_r
 .text._wcrtomb_r
                0x0800b960       0x3c d:/software/embededtools/drivers/gcc-arm-none-eabi/bin/../lib/gcc/arm-none-eabi/10.3.1/../../../../arm-none-eabi/lib/thumb/v7e-m+fp/hard\libg.a(lib_a-wcrtomb.o)
                0x0800b960                _wcrtomb_r
 .text.__ascii_wctomb
                0x0800b99c       0x1c d:/software/embededtools/drivers/gcc-arm-none-eabi/bin/../lib/gcc/arm-none-eabi/10.3.1/../../../../arm-none-eabi/lib/thumb/v7e-m+fp/hard\libg.a(lib_a-wctomb_r.o)
                0x0800b99c                __ascii_wctomb
 .text.abort    0x0800b9b8       0x10 d:/software/embededtools/drivers/gcc-arm-none-eabi/bin/../lib/gcc/arm-none-eabi/10.3.1/../../../../arm-none-eabi/lib/thumb/v7e-m+fp/hard\libg.a(lib_a-abort.o)
                0x0800b9b8                abort
 .text.raise    0x0800b9c8       0x5c d:/software/embededtools/drivers/gcc-arm-none-eabi/bin/../lib/gcc/arm-none-eabi/10.3.1/../../../../arm-none-eabi/lib/thumb/v7e-m+fp/hard\libg.a(lib_a-signal.o)
                0x0800b9c8                raise
 .text._kill_r  0x0800ba24       0x2c d:/software/embededtools/drivers/gcc-arm-none-eabi/bin/../lib/gcc/arm-none-eabi/10.3.1/../../../../arm-none-eabi/lib/thumb/v7e-m+fp/hard\libg.a(lib_a-signalr.o)
                0x0800ba24                _kill_r
 .text._getpid_r
                0x0800ba50        0x4 d:/software/embededtools/drivers/gcc-arm-none-eabi/bin/../lib/gcc/arm-none-eabi/10.3.1/../../../../arm-none-eabi/lib/thumb/v7e-m+fp/hard\libg.a(lib_a-signalr.o)
                0x0800ba50                _getpid_r
 *(.glue_7)
 .glue_7        0x0800ba54        0x0 linker stubs
 *(.glue_7t)
 .glue_7t       0x0800ba54        0x0 linker stubs
 *(.eh_frame)
 .eh_frame      0x0800ba54        0x0 d:/software/embededtools/drivers/gcc-arm-none-eabi/bin/../lib/gcc/arm-none-eabi/10.3.1/thumb/v7e-m+fp/hard/crtbegin.o
 *(.init)
 .init          0x0800ba54        0x4 d:/software/embededtools/drivers/gcc-arm-none-eabi/bin/../lib/gcc/arm-none-eabi/10.3.1/thumb/v7e-m+fp/hard/crti.o
                0x0800ba54                _init
 .init          0x0800ba58        0x8 d:/software/embededtools/drivers/gcc-arm-none-eabi/bin/../lib/gcc/arm-none-eabi/10.3.1/thumb/v7e-m+fp/hard/crtn.o
 *(.fini)
 .fini          0x0800ba60        0x4 d:/software/embededtools/drivers/gcc-arm-none-eabi/bin/../lib/gcc/arm-none-eabi/10.3.1/thumb/v7e-m+fp/hard/crti.o
                0x0800ba60                _fini
 .fini          0x0800ba64        0x8 d:/software/embededtools/drivers/gcc-arm-none-eabi/bin/../lib/gcc/arm-none-eabi/10.3.1/thumb/v7e-m+fp/hard/crtn.o
                0x0800ba6c                . = ALIGN (0x4)
                0x0800ba6c                _etext = .

.vfp11_veneer   0x0800ba6c        0x0
 .vfp11_veneer  0x0800ba6c        0x0 linker stubs

.v4_bx          0x0800ba6c        0x0
 .v4_bx         0x0800ba6c        0x0 linker stubs

.iplt           0x0800ba6c        0x0
 .iplt          0x0800ba6c        0x0 d:/software/embededtools/drivers/gcc-arm-none-eabi/bin/../lib/gcc/arm-none-eabi/10.3.1/thumb/v7e-m+fp/hard/crtbegin.o

.rodata         0x0800ba70      0x688
                0x0800ba70                . = ALIGN (0x4)
 *(.rodata)
 *(.rodata*)
 .rodata.TOF_OriData_Filter.str1.4
                0x0800ba70       0x10 CMakeFiles/CyberVCM_AIO.elf.dir/Control/TOF200F.c.obj
 .rodata.StartDefaultTask.str1.4
                0x0800ba80        0x4 CMakeFiles/CyberVCM_AIO.elf.dir/Core/Src/freertos.c.obj
 .rodata.str1.4
                0x0800ba84        0xc CMakeFiles/CyberVCM_AIO.elf.dir/Core/Src/freertos.c.obj
 .rodata.defaultTask_attributes
                0x0800ba90       0x24 CMakeFiles/CyberVCM_AIO.elf.dir/Core/Src/freertos.c.obj
                0x0800ba90                defaultTask_attributes
 .rodata.main.str1.4
                0x0800bab4        0xc CMakeFiles/CyberVCM_AIO.elf.dir/Core/Src/main.c.obj
 .rodata.AHBPrescTable
                0x0800bac0       0x10 CMakeFiles/CyberVCM_AIO.elf.dir/Core/Src/system_stm32f4xx.c.obj
                0x0800bac0                AHBPrescTable
 .rodata.APBPrescTable
                0x0800bad0        0x8 CMakeFiles/CyberVCM_AIO.elf.dir/Core/Src/system_stm32f4xx.c.obj
                0x0800bad0                APBPrescTable
 .rodata.auchCRCHi
                0x0800bad8      0x100 CMakeFiles/CyberVCM_AIO.elf.dir/Core/Src/tof200f_uart.c.obj
                0x0800bad8                auchCRCHi
 .rodata.auchCRCLo
                0x0800bbd8      0x100 CMakeFiles/CyberVCM_AIO.elf.dir/Core/Src/tof200f_uart.c.obj
                0x0800bbd8                auchCRCLo
 .rodata.flagBitshiftOffset.0
                0x0800bcd8        0x8 CMakeFiles/CyberVCM_AIO.elf.dir/Drivers/STM32F4xx_HAL_Driver/Src/stm32f4xx_hal_dma.c.obj
 .rodata.vTaskStartScheduler.str1.4
                0x0800bce0        0x5 CMakeFiles/CyberVCM_AIO.elf.dir/Middlewares/Third_Party/FreeRTOS/Source/tasks.c.obj
 *fill*         0x0800bce5        0x3 
 .rodata.prvCheckForValidListAndQueue.str1.4
                0x0800bce8        0x5 CMakeFiles/CyberVCM_AIO.elf.dir/Middlewares/Third_Party/FreeRTOS/Source/timers.c.obj
 *fill*         0x0800bced        0x3 
 .rodata.xTimerCreateTimerTask.str1.4
                0x0800bcf0        0x8 CMakeFiles/CyberVCM_AIO.elf.dir/Middlewares/Third_Party/FreeRTOS/Source/timers.c.obj
 .rodata._global_impure_ptr
                0x0800bcf8        0x4 d:/software/embededtools/drivers/gcc-arm-none-eabi/bin/../lib/gcc/arm-none-eabi/10.3.1/../../../../arm-none-eabi/lib/thumb/v7e-m+fp/hard\libg.a(lib_a-impure.o)
                0x0800bcf8                _global_impure_ptr
 .rodata._puts_r.str1.4
                0x0800bcfc        0x2 d:/software/embededtools/drivers/gcc-arm-none-eabi/bin/../lib/gcc/arm-none-eabi/10.3.1/../../../../arm-none-eabi/lib/thumb/v7e-m+fp/hard\libg.a(lib_a-puts.o)
 *fill*         0x0800bcfe        0x2 
 .rodata._vfprintf_r.str1.4
                0x0800bd00       0x42 d:/software/embededtools/drivers/gcc-arm-none-eabi/bin/../lib/gcc/arm-none-eabi/10.3.1/../../../../arm-none-eabi/lib/thumb/v7e-m+fp/hard\libg.a(lib_a-vfprintf.o)
 *fill*         0x0800bd42        0x2 
 .rodata.blanks.1
                0x0800bd44       0x10 d:/software/embededtools/drivers/gcc-arm-none-eabi/bin/../lib/gcc/arm-none-eabi/10.3.1/../../../../arm-none-eabi/lib/thumb/v7e-m+fp/hard\libg.a(lib_a-vfprintf.o)
 .rodata.zeroes.0
                0x0800bd54       0x10 d:/software/embededtools/drivers/gcc-arm-none-eabi/bin/../lib/gcc/arm-none-eabi/10.3.1/../../../../arm-none-eabi/lib/thumb/v7e-m+fp/hard\libg.a(lib_a-vfprintf.o)
 .rodata._dtoa_r.str1.4
                0x0800bd64       0xa2 d:/software/embededtools/drivers/gcc-arm-none-eabi/bin/../lib/gcc/arm-none-eabi/10.3.1/../../../../arm-none-eabi/lib/thumb/v7e-m+fp/hard\libg.a(lib_a-dtoa.o)
                                 0xa6 (size before relaxing)
 *fill*         0x0800be06        0x2 
 .rodata.__multadd.str1.4
                0x0800be08       0x7f d:/software/embededtools/drivers/gcc-arm-none-eabi/bin/../lib/gcc/arm-none-eabi/10.3.1/../../../../arm-none-eabi/lib/thumb/v7e-m+fp/hard\libg.a(lib_a-mprec.o)
                                 0x93 (size before relaxing)
 *fill*         0x0800be87        0x1 
 .rodata.__mprec_bigtens
                0x0800be88       0x28 d:/software/embededtools/drivers/gcc-arm-none-eabi/bin/../lib/gcc/arm-none-eabi/10.3.1/../../../../arm-none-eabi/lib/thumb/v7e-m+fp/hard\libg.a(lib_a-mprec.o)
                0x0800be88                __mprec_bigtens
 .rodata.__mprec_tens
                0x0800beb0       0xc8 d:/software/embededtools/drivers/gcc-arm-none-eabi/bin/../lib/gcc/arm-none-eabi/10.3.1/../../../../arm-none-eabi/lib/thumb/v7e-m+fp/hard\libg.a(lib_a-mprec.o)
                0x0800beb0                __mprec_tens
 .rodata.p05.0  0x0800bf78        0xc d:/software/embededtools/drivers/gcc-arm-none-eabi/bin/../lib/gcc/arm-none-eabi/10.3.1/../../../../arm-none-eabi/lib/thumb/v7e-m+fp/hard\libg.a(lib_a-mprec.o)
 .rodata._vfiprintf_r.str1.4
                0x0800bf84       0x2f d:/software/embededtools/drivers/gcc-arm-none-eabi/bin/../lib/gcc/arm-none-eabi/10.3.1/../../../../arm-none-eabi/lib/thumb/v7e-m+fp/hard\libg.a(lib_a-vfiprintf.o)
 .rodata.blanks.1
                0x0800bf84       0x10 d:/software/embededtools/drivers/gcc-arm-none-eabi/bin/../lib/gcc/arm-none-eabi/10.3.1/../../../../arm-none-eabi/lib/thumb/v7e-m+fp/hard\libg.a(lib_a-vfiprintf.o)
 .rodata.zeroes.0
                0x0800bf94       0x10 d:/software/embededtools/drivers/gcc-arm-none-eabi/bin/../lib/gcc/arm-none-eabi/10.3.1/../../../../arm-none-eabi/lib/thumb/v7e-m+fp/hard\libg.a(lib_a-vfiprintf.o)
 .rodata.__assert_func.str1.4
                0x0800bfa4       0x3f d:/software/embededtools/drivers/gcc-arm-none-eabi/bin/../lib/gcc/arm-none-eabi/10.3.1/../../../../arm-none-eabi/lib/thumb/v7e-m+fp/hard\libg.a(lib_a-assert.o)
                                 0x43 (size before relaxing)
 *fill*         0x0800bfe3        0x1 
 .rodata._setlocale_r.str1.4
                0x0800bfe4        0xa d:/software/embededtools/drivers/gcc-arm-none-eabi/bin/../lib/gcc/arm-none-eabi/10.3.1/../../../../arm-none-eabi/lib/thumb/v7e-m+fp/hard\libg.a(lib_a-locale.o)
                                  0xd (size before relaxing)
 *fill*         0x0800bfee        0x2 
 .rodata.str1.4
                0x0800bff0        0x2 d:/software/embededtools/drivers/gcc-arm-none-eabi/bin/../lib/gcc/arm-none-eabi/10.3.1/../../../../arm-none-eabi/lib/thumb/v7e-m+fp/hard\libg.a(lib_a-locale.o)
 *fill*         0x0800bff2        0x2 
 .rodata._ctype_
                0x0800bff4      0x101 d:/software/embededtools/drivers/gcc-arm-none-eabi/bin/../lib/gcc/arm-none-eabi/10.3.1/../../../../arm-none-eabi/lib/thumb/v7e-m+fp/hard\libg.a(lib_a-ctype_.o)
                0x0800bff4                _ctype_
                0x0800c0f8                . = ALIGN (0x4)
 *fill*         0x0800c0f5        0x3 

.ARM.extab
 *(.ARM.extab* .gnu.linkonce.armextab.*)

.ARM            0x0800c0f8        0x8
                0x0800c0f8                __exidx_start = .
 *(.ARM.exidx*)
 .ARM.exidx     0x0800c0f8        0x8 d:/software/embededtools/drivers/gcc-arm-none-eabi/bin/../lib/gcc/arm-none-eabi/10.3.1/thumb/v7e-m+fp/hard\libgcc.a(_udivmoddi4.o)
                0x0800c100                __exidx_end = .

.rel.dyn        0x0800c100        0x0
 .rel.iplt      0x0800c100        0x0 d:/software/embededtools/drivers/gcc-arm-none-eabi/bin/../lib/gcc/arm-none-eabi/10.3.1/thumb/v7e-m+fp/hard/crtbegin.o

.preinit_array  0x0800c100        0x0
                0x0800c100                PROVIDE (__preinit_array_start = .)
 *(.preinit_array*)
                0x0800c100                PROVIDE (__preinit_array_end = .)

.init_array     0x0800c100        0x8
                0x0800c100                PROVIDE (__init_array_start = .)
 *(SORT_BY_NAME(.init_array.*))
 .init_array.00000
                0x0800c100        0x4 d:/software/embededtools/drivers/gcc-arm-none-eabi/bin/../lib/gcc/arm-none-eabi/10.3.1/../../../../arm-none-eabi/lib/thumb/v7e-m+fp/hard\libg.a(lib_a-__call_atexit.o)
 *(.init_array*)
 .init_array    0x0800c104        0x4 d:/software/embededtools/drivers/gcc-arm-none-eabi/bin/../lib/gcc/arm-none-eabi/10.3.1/thumb/v7e-m+fp/hard/crtbegin.o
                0x0800c108                PROVIDE (__init_array_end = .)

.fini_array     0x0800c108        0x4
                0x0800c108                PROVIDE (__fini_array_start = .)
 *(SORT_BY_NAME(.fini_array.*))
 *(.fini_array*)
 .fini_array    0x0800c108        0x4 d:/software/embededtools/drivers/gcc-arm-none-eabi/bin/../lib/gcc/arm-none-eabi/10.3.1/thumb/v7e-m+fp/hard/crtbegin.o
                0x0800c10c                PROVIDE (__fini_array_end = .)
                0x0800c10c                _sidata = LOADADDR (.data)

.data           0x20000000      0x9d8 load address 0x0800c10c
                0x20000000                . = ALIGN (0x4)
                0x20000000                _sdata = .
 *(.data)
 *(.data*)
 .data.ekf.0    0x20000000       0x18 CMakeFiles/CyberVCM_AIO.elf.dir/Control/TOF200F.c.obj
 .data.SystemCoreClock
                0x20000018        0x4 CMakeFiles/CyberVCM_AIO.elf.dir/Core/Src/system_stm32f4xx.c.obj
                0x20000018                SystemCoreClock
 .data.distance.0
                0x2000001c        0x2 CMakeFiles/CyberVCM_AIO.elf.dir/Core/Src/tof200f_uart.c.obj
 .data.uwTickFreq
                0x2000001e        0x1 CMakeFiles/CyberVCM_AIO.elf.dir/Drivers/STM32F4xx_HAL_Driver/Src/stm32f4xx_hal.c.obj
                0x2000001e                uwTickFreq
 *fill*         0x2000001f        0x1 
 .data.uwTickPrio
                0x20000020        0x4 CMakeFiles/CyberVCM_AIO.elf.dir/Drivers/STM32F4xx_HAL_Driver/Src/stm32f4xx_hal.c.obj
                0x20000020                uwTickPrio
 .data.uxCriticalNesting
                0x20000024        0x4 CMakeFiles/CyberVCM_AIO.elf.dir/Middlewares/Third_Party/FreeRTOS/Source/portable/GCC/ARM_CM4F/port.c.obj
 .data._impure_ptr
                0x20000028        0x4 d:/software/embededtools/drivers/gcc-arm-none-eabi/bin/../lib/gcc/arm-none-eabi/10.3.1/../../../../arm-none-eabi/lib/thumb/v7e-m+fp/hard\libg.a(lib_a-impure.o)
                0x20000028                _impure_ptr
 *fill*         0x2000002c        0x4 
 .data.impure_data
                0x20000030      0x428 d:/software/embededtools/drivers/gcc-arm-none-eabi/bin/../lib/gcc/arm-none-eabi/10.3.1/../../../../arm-none-eabi/lib/thumb/v7e-m+fp/hard\libg.a(lib_a-impure.o)
 .data.__malloc_av_
                0x20000458      0x408 d:/software/embededtools/drivers/gcc-arm-none-eabi/bin/../lib/gcc/arm-none-eabi/10.3.1/../../../../arm-none-eabi/lib/thumb/v7e-m+fp/hard\libg.a(lib_a-mallocr.o)
                0x20000458                __malloc_av_
 .data.__malloc_sbrk_base
                0x20000860        0x4 d:/software/embededtools/drivers/gcc-arm-none-eabi/bin/../lib/gcc/arm-none-eabi/10.3.1/../../../../arm-none-eabi/lib/thumb/v7e-m+fp/hard\libg.a(lib_a-mallocr.o)
                0x20000860                __malloc_sbrk_base
 .data.__malloc_trim_threshold
                0x20000864        0x4 d:/software/embededtools/drivers/gcc-arm-none-eabi/bin/../lib/gcc/arm-none-eabi/10.3.1/../../../../arm-none-eabi/lib/thumb/v7e-m+fp/hard\libg.a(lib_a-mallocr.o)
                0x20000864                __malloc_trim_threshold
 .data.__atexit_recursive_mutex
                0x20000868        0x4 d:/software/embededtools/drivers/gcc-arm-none-eabi/bin/../lib/gcc/arm-none-eabi/10.3.1/../../../../arm-none-eabi/lib/thumb/v7e-m+fp/hard\libg.a(lib_a-__call_atexit.o)
                0x20000868                __atexit_recursive_mutex
 .data.__global_locale
                0x2000086c      0x16c d:/software/embededtools/drivers/gcc-arm-none-eabi/bin/../lib/gcc/arm-none-eabi/10.3.1/../../../../arm-none-eabi/lib/thumb/v7e-m+fp/hard\libg.a(lib_a-locale.o)
                0x2000086c                __global_locale
                0x200009d8                . = ALIGN (0x4)
                0x200009d8                _edata = .
                0x0800cae4                _siccmram = LOADADDR (.ccmram)

.igot.plt       0x200009d8        0x0 load address 0x0800cae4
 .igot.plt      0x200009d8        0x0 d:/software/embededtools/drivers/gcc-arm-none-eabi/bin/../lib/gcc/arm-none-eabi/10.3.1/thumb/v7e-m+fp/hard/crtbegin.o

.ccmram         0x10000000        0x0 load address 0x0800cae4
                0x10000000                . = ALIGN (0x4)
                0x10000000                _sccmram = .
 *(.ccmram)
 *(.ccmram*)
                0x10000000                . = ALIGN (0x4)
                0x10000000                _eccmram = .
                0x10000000                . = ALIGN (0x4)

.bss            0x200009d8     0x4cc4
                0x200009d8                _sbss = .
                0x200009d8                __bss_start__ = _sbss
 *(.bss)
 .bss           0x200009d8       0x1c d:/software/embededtools/drivers/gcc-arm-none-eabi/bin/../lib/gcc/arm-none-eabi/10.3.1/thumb/v7e-m+fp/hard/crtbegin.o
 *(.bss*)
 .bss.hadc1     0x200009f4       0x48 CMakeFiles/CyberVCM_AIO.elf.dir/Core/Src/adc.c.obj
                0x200009f4                hadc1
 .bss.hdma_adc1
                0x20000a3c       0x60 CMakeFiles/CyberVCM_AIO.elf.dir/Core/Src/adc.c.obj
                0x20000a3c                hdma_adc1
 .bss.Sensor_data
                0x20000a9c        0x6 CMakeFiles/CyberVCM_AIO.elf.dir/Core/Src/freertos.c.obj
                0x20000a9c                Sensor_data
 *fill*         0x20000aa2        0x2 
 .bss.defaultTaskHandle
                0x20000aa4        0x4 CMakeFiles/CyberVCM_AIO.elf.dir/Core/Src/freertos.c.obj
                0x20000aa4                defaultTaskHandle
 .bss.hi2c1     0x20000aa8       0x54 CMakeFiles/CyberVCM_AIO.elf.dir/Core/Src/i2c.c.obj
                0x20000aa8                hi2c1
 .bss.hi2c2     0x20000afc       0x54 CMakeFiles/CyberVCM_AIO.elf.dir/Core/Src/i2c.c.obj
                0x20000afc                hi2c2
 .bss.gHuart    0x20000b50        0x4 CMakeFiles/CyberVCM_AIO.elf.dir/Core/Src/retarget.c.obj
                0x20000b50                gHuart
 .bss.htim6     0x20000b54       0x48 CMakeFiles/CyberVCM_AIO.elf.dir/Core/Src/stm32f4xx_hal_timebase_tim.c.obj
                0x20000b54                htim6
 .bss.heap_end.0
                0x20000b9c        0x4 CMakeFiles/CyberVCM_AIO.elf.dir/Core/Src/syscalls.c.obj
 .bss.htim1     0x20000ba0       0x48 CMakeFiles/CyberVCM_AIO.elf.dir/Core/Src/tim.c.obj
                0x20000ba0                htim1
 .bss.htim2     0x20000be8       0x48 CMakeFiles/CyberVCM_AIO.elf.dir/Core/Src/tim.c.obj
                0x20000be8                htim2
 .bss.sz_uart1_buf
                0x20000c30       0x40 CMakeFiles/CyberVCM_AIO.elf.dir/Core/Src/tof200f_uart.c.obj
                0x20000c30                sz_uart1_buf
 .bss.uart1_rec_num
                0x20000c70        0x1 CMakeFiles/CyberVCM_AIO.elf.dir/Core/Src/tof200f_uart.c.obj
                0x20000c70                uart1_rec_num
 *fill*         0x20000c71        0x3 
 .bss.uart1_rec_tick
                0x20000c74        0x4 CMakeFiles/CyberVCM_AIO.elf.dir/Core/Src/tof200f_uart.c.obj
                0x20000c74                uart1_rec_tick
 .bss.huart1    0x20000c78       0x44 CMakeFiles/CyberVCM_AIO.elf.dir/Core/Src/usart.c.obj
                0x20000c78                huart1
 .bss.huart2    0x20000cbc       0x44 CMakeFiles/CyberVCM_AIO.elf.dir/Core/Src/usart.c.obj
                0x20000cbc                huart2
 .bss.uwTick    0x20000d00        0x4 CMakeFiles/CyberVCM_AIO.elf.dir/Drivers/STM32F4xx_HAL_Driver/Src/stm32f4xx_hal.c.obj
                0x20000d00                uwTick
 .bss.Idle_Stack.2
                0x20000d04      0x200 CMakeFiles/CyberVCM_AIO.elf.dir/Middlewares/Third_Party/FreeRTOS/Source/CMSIS_RTOS_V2/cmsis_os2.c.obj
 .bss.Idle_TCB.3
                0x20000f04       0x5c CMakeFiles/CyberVCM_AIO.elf.dir/Middlewares/Third_Party/FreeRTOS/Source/CMSIS_RTOS_V2/cmsis_os2.c.obj
 .bss.KernelState
                0x20000f60        0x4 CMakeFiles/CyberVCM_AIO.elf.dir/Middlewares/Third_Party/FreeRTOS/Source/CMSIS_RTOS_V2/cmsis_os2.c.obj
 .bss.Timer_Stack.0
                0x20000f64      0x400 CMakeFiles/CyberVCM_AIO.elf.dir/Middlewares/Third_Party/FreeRTOS/Source/CMSIS_RTOS_V2/cmsis_os2.c.obj
 .bss.Timer_TCB.1
                0x20001364       0x5c CMakeFiles/CyberVCM_AIO.elf.dir/Middlewares/Third_Party/FreeRTOS/Source/CMSIS_RTOS_V2/cmsis_os2.c.obj
 .bss.ucMaxSysCallPriority
                0x200013c0        0x1 CMakeFiles/CyberVCM_AIO.elf.dir/Middlewares/Third_Party/FreeRTOS/Source/portable/GCC/ARM_CM4F/port.c.obj
 *fill*         0x200013c1        0x3 
 .bss.ulMaxPRIGROUPValue
                0x200013c4        0x4 CMakeFiles/CyberVCM_AIO.elf.dir/Middlewares/Third_Party/FreeRTOS/Source/portable/GCC/ARM_CM4F/port.c.obj
 .bss.pxEnd     0x200013c8        0x4 CMakeFiles/CyberVCM_AIO.elf.dir/Middlewares/Third_Party/FreeRTOS/Source/portable/MemMang/heap_4.c.obj
 .bss.ucHeap    0x200013cc     0x3c00 CMakeFiles/CyberVCM_AIO.elf.dir/Middlewares/Third_Party/FreeRTOS/Source/portable/MemMang/heap_4.c.obj
 .bss.xBlockAllocatedBit
                0x20004fcc        0x4 CMakeFiles/CyberVCM_AIO.elf.dir/Middlewares/Third_Party/FreeRTOS/Source/portable/MemMang/heap_4.c.obj
 .bss.xFreeBytesRemaining
                0x20004fd0        0x4 CMakeFiles/CyberVCM_AIO.elf.dir/Middlewares/Third_Party/FreeRTOS/Source/portable/MemMang/heap_4.c.obj
 .bss.xMinimumEverFreeBytesRemaining
                0x20004fd4        0x4 CMakeFiles/CyberVCM_AIO.elf.dir/Middlewares/Third_Party/FreeRTOS/Source/portable/MemMang/heap_4.c.obj
 .bss.xNumberOfSuccessfulAllocations
                0x20004fd8        0x4 CMakeFiles/CyberVCM_AIO.elf.dir/Middlewares/Third_Party/FreeRTOS/Source/portable/MemMang/heap_4.c.obj
 .bss.xNumberOfSuccessfulFrees
                0x20004fdc        0x4 CMakeFiles/CyberVCM_AIO.elf.dir/Middlewares/Third_Party/FreeRTOS/Source/portable/MemMang/heap_4.c.obj
 .bss.xStart    0x20004fe0        0x8 CMakeFiles/CyberVCM_AIO.elf.dir/Middlewares/Third_Party/FreeRTOS/Source/portable/MemMang/heap_4.c.obj
 .bss.xQueueRegistry
                0x20004fe8       0x40 CMakeFiles/CyberVCM_AIO.elf.dir/Middlewares/Third_Party/FreeRTOS/Source/queue.c.obj
                0x20004fe8                xQueueRegistry
 .bss.pxCurrentTCB
                0x20005028        0x4 CMakeFiles/CyberVCM_AIO.elf.dir/Middlewares/Third_Party/FreeRTOS/Source/tasks.c.obj
                0x20005028                pxCurrentTCB
 .bss.pxDelayedTaskList
                0x2000502c        0x4 CMakeFiles/CyberVCM_AIO.elf.dir/Middlewares/Third_Party/FreeRTOS/Source/tasks.c.obj
 .bss.pxOverflowDelayedTaskList
                0x20005030        0x4 CMakeFiles/CyberVCM_AIO.elf.dir/Middlewares/Third_Party/FreeRTOS/Source/tasks.c.obj
 .bss.pxReadyTasksLists
                0x20005034      0x460 CMakeFiles/CyberVCM_AIO.elf.dir/Middlewares/Third_Party/FreeRTOS/Source/tasks.c.obj
 .bss.uxCurrentNumberOfTasks
                0x20005494        0x4 CMakeFiles/CyberVCM_AIO.elf.dir/Middlewares/Third_Party/FreeRTOS/Source/tasks.c.obj
 .bss.uxDeletedTasksWaitingCleanUp
                0x20005498        0x4 CMakeFiles/CyberVCM_AIO.elf.dir/Middlewares/Third_Party/FreeRTOS/Source/tasks.c.obj
 .bss.uxSchedulerSuspended
                0x2000549c        0x4 CMakeFiles/CyberVCM_AIO.elf.dir/Middlewares/Third_Party/FreeRTOS/Source/tasks.c.obj
 .bss.uxTaskNumber
                0x200054a0        0x4 CMakeFiles/CyberVCM_AIO.elf.dir/Middlewares/Third_Party/FreeRTOS/Source/tasks.c.obj
 .bss.uxTopReadyPriority
                0x200054a4        0x4 CMakeFiles/CyberVCM_AIO.elf.dir/Middlewares/Third_Party/FreeRTOS/Source/tasks.c.obj
 .bss.xDelayedTaskList1
                0x200054a8       0x14 CMakeFiles/CyberVCM_AIO.elf.dir/Middlewares/Third_Party/FreeRTOS/Source/tasks.c.obj
 .bss.xDelayedTaskList2
                0x200054bc       0x14 CMakeFiles/CyberVCM_AIO.elf.dir/Middlewares/Third_Party/FreeRTOS/Source/tasks.c.obj
 .bss.xIdleTaskHandle
                0x200054d0        0x4 CMakeFiles/CyberVCM_AIO.elf.dir/Middlewares/Third_Party/FreeRTOS/Source/tasks.c.obj
 .bss.xNextTaskUnblockTime
                0x200054d4        0x4 CMakeFiles/CyberVCM_AIO.elf.dir/Middlewares/Third_Party/FreeRTOS/Source/tasks.c.obj
 .bss.xNumOfOverflows
                0x200054d8        0x4 CMakeFiles/CyberVCM_AIO.elf.dir/Middlewares/Third_Party/FreeRTOS/Source/tasks.c.obj
 .bss.xPendedTicks
                0x200054dc        0x4 CMakeFiles/CyberVCM_AIO.elf.dir/Middlewares/Third_Party/FreeRTOS/Source/tasks.c.obj
 .bss.xPendingReadyList
                0x200054e0       0x14 CMakeFiles/CyberVCM_AIO.elf.dir/Middlewares/Third_Party/FreeRTOS/Source/tasks.c.obj
 .bss.xSchedulerRunning
                0x200054f4        0x4 CMakeFiles/CyberVCM_AIO.elf.dir/Middlewares/Third_Party/FreeRTOS/Source/tasks.c.obj
 .bss.xSuspendedTaskList
                0x200054f8       0x14 CMakeFiles/CyberVCM_AIO.elf.dir/Middlewares/Third_Party/FreeRTOS/Source/tasks.c.obj
 .bss.xTasksWaitingTermination