Component: ARM Compiler 5.06 update 7 (build 960) Tool: armlink [4d3601]

==============================================================================

Section Cross References

    startup_stm32f405xx.o(RESET) refers to startup_stm32f405xx.o(STACK) for __initial_sp
    startup_stm32f405xx.o(RESET) refers to startup_stm32f405xx.o(.text) for Reset_Handler
    startup_stm32f405xx.o(RESET) refers to stm32f4xx_it.o(i.NMI_Handler) for NMI_Handler
    startup_stm32f405xx.o(RESET) refers to stm32f4xx_it.o(i.HardFault_Handler) for HardFault_Handler
    startup_stm32f405xx.o(RESET) refers to stm32f4xx_it.o(i.MemManage_Handler) for MemManage_Handler
    startup_stm32f405xx.o(RESET) refers to stm32f4xx_it.o(i.BusFault_Handler) for BusFault_Handler
    startup_stm32f405xx.o(RESET) refers to stm32f4xx_it.o(i.UsageFault_Handler) for UsageFault_Handler
    startup_stm32f405xx.o(RESET) refers to port.o(.emb_text) for SVC_Handler
    startup_stm32f405xx.o(RESET) refers to stm32f4xx_it.o(i.DebugMon_Handler) for DebugMon_Handler
    startup_stm32f405xx.o(RESET) refers to cmsis_os2.o(i.SysTick_Handler) for SysTick_Handler
    startup_stm32f405xx.o(RESET) refers to stm32f4xx_it.o(i.TIM6_DAC_IRQHandler) for TIM6_DAC_IRQHandler
    startup_stm32f405xx.o(RESET) refers to stm32f4xx_it.o(i.DMA2_Stream0_IRQHandler) for DMA2_Stream0_IRQHandler
    startup_stm32f405xx.o(.text) refers to system_stm32f4xx.o(i.SystemInit) for SystemInit
    startup_stm32f405xx.o(.text) refers to entry.o(.ARM.Collect$$$$00000000) for __main
    main.o(i.HAL_TIM_PeriodElapsedCallback) refers to stm32f4xx_hal.o(i.HAL_IncTick) for HAL_IncTick
    main.o(i.SystemClock_Config) refers to memseta.o(.text) for __aeabi_memclr4
    main.o(i.SystemClock_Config) refers to stm32f4xx_hal_rcc.o(i.HAL_RCC_OscConfig) for HAL_RCC_OscConfig
    main.o(i.SystemClock_Config) refers to stm32f4xx_hal_rcc.o(i.HAL_RCC_ClockConfig) for HAL_RCC_ClockConfig
    main.o(i.main) refers to stm32f4xx_hal.o(i.HAL_Init) for HAL_Init
    main.o(i.main) refers to main.o(i.SystemClock_Config) for SystemClock_Config
    main.o(i.main) refers to gpio.o(i.MX_GPIO_Init) for MX_GPIO_Init
    main.o(i.main) refers to dma.o(i.MX_DMA_Init) for MX_DMA_Init
    main.o(i.main) refers to adc.o(i.MX_ADC1_Init) for MX_ADC1_Init
    main.o(i.main) refers to i2c.o(i.MX_I2C1_Init) for MX_I2C1_Init
    main.o(i.main) refers to tim.o(i.MX_TIM1_Init) for MX_TIM1_Init
    main.o(i.main) refers to tim.o(i.MX_TIM2_Init) for MX_TIM2_Init
    main.o(i.main) refers to usart.o(i.MX_USART1_UART_Init) for MX_USART1_UART_Init
    main.o(i.main) refers to usart.o(i.MX_USART2_UART_Init) for MX_USART2_UART_Init
    main.o(i.main) refers to am26c32.o(i.VCMEncoderInit) for VCMEncoderInit
    main.o(i.main) refers to stm32f4xx_hal_tim.o(i.HAL_TIM_PWM_Start) for HAL_TIM_PWM_Start
    main.o(i.main) refers to oled.o(i.OLED_Init) for OLED_Init
    main.o(i.main) refers to oled.o(i.OLED_Windows_Style1) for OLED_Windows_Style1
    main.o(i.main) refers to gpio.o(i.LED_Twinkle) for LED_Twinkle
    main.o(i.main) refers to usart.o(i.USART_Debug) for USART_Debug
    main.o(i.main) refers to i2c.o(i.i2c_GPIO_Config) for i2c_GPIO_Config
    main.o(i.main) refers to imu.o(i.MPU6050_Init) for MPU6050_Init
    main.o(i.main) refers to stm32f4xx_hal.o(i.HAL_Delay) for HAL_Delay
    main.o(i.main) refers to imu.o(i.MPU6050ReadID) for MPU6050ReadID
    main.o(i.main) refers to tof200f_uart.o(i.tof200f_init) for tof200f_init
    main.o(i.main) refers to printfa.o(i.__0printf) for __2printf
    main.o(i.main) refers to cmsis_os2.o(i.osKernelInitialize) for osKernelInitialize
    main.o(i.main) refers to freertos.o(i.MX_FREERTOS_Init) for MX_FREERTOS_Init
    main.o(i.main) refers to cmsis_os2.o(i.osKernelStart) for osKernelStart
    main.o(i.main) refers to tim.o(.bss) for htim1
    gpio.o(i.LED_Twinkle) refers to stm32f4xx_hal_gpio.o(i.HAL_GPIO_WritePin) for HAL_GPIO_WritePin
    gpio.o(i.LED_Twinkle) refers to stm32f4xx_hal_gpio.o(i.HAL_GPIO_TogglePin) for HAL_GPIO_TogglePin
    gpio.o(i.LED_Twinkle) refers to stm32f4xx_hal.o(i.HAL_Delay) for HAL_Delay
    gpio.o(i.MX_GPIO_Init) refers to memseta.o(.text) for __aeabi_memclr4
    gpio.o(i.MX_GPIO_Init) refers to stm32f4xx_hal_gpio.o(i.HAL_GPIO_WritePin) for HAL_GPIO_WritePin
    gpio.o(i.MX_GPIO_Init) refers to stm32f4xx_hal_gpio.o(i.HAL_GPIO_Init) for HAL_GPIO_Init
    freertos.o(i.MX_FREERTOS_Init) refers to cmsis_os2.o(i.osThreadNew) for osThreadNew
    freertos.o(i.MX_FREERTOS_Init) refers to freertos.o(.constdata) for .constdata
    freertos.o(i.MX_FREERTOS_Init) refers to freertos.o(i.StartDefaultTask) for StartDefaultTask
    freertos.o(i.MX_FREERTOS_Init) refers to freertos.o(.data) for .data
    freertos.o(i.StartDefaultTask) refers to am26c32.o(i.VCMEncoderGetPosition) for VCMEncoderGetPosition
    freertos.o(i.StartDefaultTask) refers to f2d.o(.text) for __aeabi_f2d
    freertos.o(i.StartDefaultTask) refers to printfa.o(i.__0printf) for __2printf
[...]
    i._printf_core                           0x080036b4   Section        0  printfa.o(i._printf_core)
    _printf_core                             0x080036b5   Thumb Code  1704  printfa.o(i._printf_core)
    i._printf_post_padding                   0x08003d68   Section        0  printfa.o(i._printf_post_padding)
    _printf_post_padding                     0x08003d69   Thumb Code    36  printfa.o(i._printf_post_padding)
    i._printf_pre_padding                    0x08003d8c   Section        0  printfa.o(i._printf_pre_padding)
    _printf_pre_padding                      0x08003d8d   Thumb Code    46  printfa.o(i._printf_pre_padding)
    i.fputc                                  0x08003dbc   Section        0  usart.o(i.fputc)
    i.i2c_Ack                                0x08003dd4   Section        0  i2c.o(i.i2c_Ack)
    i.i2c_Delay                              0x08003e1c   Section        0  i2c.o(i.i2c_Delay)
    i2c_Delay                                0x08003e1d   Thumb Code    12  i2c.o(i.i2c_Delay)
    i.i2c_GPIO_Config                        0x08003e28   Section        0  i2c.o(i.i2c_GPIO_Config)
    i.i2c_NAck                               0x08003e64   Section        0  i2c.o(i.i2c_NAck)
    i.i2c_ReadByte                           0x08003e9c   Section        0  i2c.o(i.i2c_ReadByte)
    i.i2c_SendByte                           0x08003f00   Section        0  i2c.o(i.i2c_SendByte)
    i.i2c_Start                              0x08003f68   Section        0  i2c.o(i.i2c_Start)
    i.i2c_Stop                               0x08003fac   Section        0  i2c.o(i.i2c_Stop)
    i.i2c_WaitAck                            0x08003fe0   Section        0  i2c.o(i.i2c_WaitAck)
    i.main                                   0x0800402c   Section        0  main.o(i.main)
    i.osKernelInitialize                     0x080040c0   Section        0  cmsis_os2.o(i.osKernelInitialize)
    i.osKernelStart                          0x080040e4   Section        0  cmsis_os2.o(i.osKernelStart)
    i.osThreadNew                            0x0800411c   Section        0  cmsis_os2.o(i.osThreadNew)
    i.prvAddCurrentTaskToDelayedList         0x080041a8   Section        0  tasks.o(i.prvAddCurrentTaskToDelayedList)
    prvAddCurrentTaskToDelayedList           0x080041a9   Thumb Code    84  tasks.o(i.prvAddCurrentTaskToDelayedList)
    i.prvAddNewTaskToReadyList               0x08004204   Section        0  tasks.o(i.prvAddNewTaskToReadyList)
    prvAddNewTaskToReadyList                 0x08004205   Thumb Code   190  tasks.o(i.prvAddNewTaskToReadyList)
    i.prvCheckForValidListAndQueue           0x080042d4   Section        0  timers.o(i.prvCheckForValidListAndQueue)
    prvCheckForValidListAndQueue             0x080042d5   Thumb Code    72  timers.o(i.prvCheckForValidListAndQueue)
    i.prvCopyDataFromQueue                   0x0800432c   Section        0  queue.o(i.prvCopyDataFromQueue)
    prvCopyDataFromQueue                     0x0800432d   Thumb Code    38  queue.o(i.prvCopyDataFromQueue)
    i.prvCopyDataToQueue                     0x08004352   Section        0  queue.o(i.prvCopyDataToQueue)
    prvCopyDataToQueue                       0x08004353   Thumb Code   108  queue.o(i.prvCopyDataToQueue)
    i.prvDeleteTCB                           0x080043be   Section        0  tasks.o(i.prvDeleteTCB)
    prvDeleteTCB                             0x080043bf   Thumb Code    52  tasks.o(i.prvDeleteTCB)
    i.prvHeapInit                            0x080043f4   Section        0  heap_4.o(i.prvHeapInit)
    prvHeapInit                              0x080043f5   Thumb Code    66  heap_4.o(i.prvHeapInit)
    i.prvIdleTask                            0x08004440   Section        0  tasks.o(i.prvIdleTask)
    prvIdleTask                              0x08004441   Thumb Code    82  tasks.o(i.prvIdleTask)
    i.prvInitialiseNewQueue                  0x080044a0   Section        0  queue.o(i.prvInitialiseNewQueue)
    prvInitialiseNewQueue                    0x080044a1   Thumb Code    34  queue.o(i.prvInitialiseNewQueue)
    i.prvInitialiseNewTask                   0x080044c4   Section        0  tasks.o(i.prvInitialiseNewTask)
    prvInitialiseNewTask                     0x080044c5   Thumb Code   176  tasks.o(i.prvInitialiseNewTask)
    i.prvInsertBlockIntoFreeList             0x08004574   Section        0  heap_4.o(i.prvInsertBlockIntoFreeList)
    prvInsertBlockIntoFreeList               0x08004575   Thumb Code    72  heap_4.o(i.prvInsertBlockIntoFreeList)
    i.prvInsertTimerInActiveList             0x080045c0   Section        0  timers.o(i.prvInsertTimerInActiveList)
    prvInsertTimerInActiveList               0x080045c1   Thumb Code    52  timers.o(i.prvInsertTimerInActiveList)
    i.prvIsQueueEmpty                        0x080045f8   Section        0  queue.o(i.prvIsQueueEmpty)
    prvIsQueueEmpty                          0x080045f9   Thumb Code    28  queue.o(i.prvIsQueueEmpty)
    i.prvProcessReceivedCommands             0x08004614   Section        0  timers.o(i.prvProcessReceivedCommands)
    prvProcessReceivedCommands               0x08004615   Thumb Code   248  timers.o(i.prvProcessReceivedCommands)
    i.prvProcessTimerOrBlockTask             0x08004710   Section        0  timers.o(i.prvProcessTimerOrBlockTask)
    prvProcessTimerOrBlockTask               0x08004711   Thumb Code   182  timers.o(i.prvProcessTimerOrBlockTask)
    i.prvResetNextTaskUnblockTime            0x080047d0   Section        0  tasks.o(i.prvResetNextTaskUnblockTime)
    prvResetNextTaskUnblockTime              0x080047d1   Thumb Code    26  tasks.o(i.prvResetNextTaskUnblockTime)
    i.prvSampleTimeNow                       0x080047f0   Section        0  timers.o(i.prvSampleTimeNow)
    prvSampleTimeNow                         0x080047f1   Thumb Code    36  timers.o(i.prvSampleTimeNow)
    i.prvSwitchTimerLists                    0x08004818   Section        0  timers.o(i.prvSwitchTimerLists)
    prvSwitchTimerLists                      0x08004819   Thumb Code   104  timers.o(i.prvSwitchTimerLists)
    i.prvTaskExitError                       0x08004884   Section        0  port.o(i.prvTaskExitError)
    prvTaskExitError                         0x08004885   Thumb Code    36  port.o(i.prvTaskExitError)
    i.prvTimerTask                           0x080048ac   Section        0  timers.o(i.prvTimerTask)
    prvTimerTask                             0x080048ad   Thumb Code    32  timers.o(i.prvTimerTask)
    i.prvUnlockQueue                         0x080048d0   Section        0  queue.o(i.prvUnlockQueue)
    prvUnlockQueue                           0x080048d1   Thumb Code   106  queue.o(i.prvUnlockQueue)
    i.pvPortMalloc                           0x0800493c   Section        0  heap_4.o(i.pvPortMalloc)
    i.pxPortInitialiseStack                  0x08004a18   Section        0  port.o(i.pxPortInitialiseStack)
    i.tof200f_init                           0x08004a44   Section        0  tof200f_uart.o(i.tof200f_init)
    i.uxListRemove                           0x08004a64   Section        0  list.o(i.uxListRemove)
    i.vApplicationGetIdleTaskMemory          0x08004a8c   Section        0  cmsis_os2.o(i.vApplicationGetIdleTaskMemory)
    i.vApplicationGetTimerTaskMemory         0x08004aa0   Section        0  cmsis_os2.o(i.vApplicationGetTimerTaskMemory)
    i.vListInitialise                        0x08004ab8   Section        0  list.o(i.vListInitialise)
    i.vListInitialiseItem                    0x08004ace   Section        0  list.o(i.vListInitialiseItem)
    i.vListInsert                            0x08004ad4   Section        0  list.o(i.vListInsert)
    i.vListInsertEnd                         0x08004b04   Section        0  list.o(i.vListInsertEnd)
    i.vPortEnterCritical                     0x08004b1c   Section        0  port.o(i.vPortEnterCritical)
    i.vPortExitCritical                      0x08004b5c   Section        0  port.o(i.vPortExitCritical)
    i.vPortFree                              0x08004b84   Section        0  heap_4.o(i.vPortFree)
    i.vPortSetupTimerInterrupt               0x08004be8   Section        0  port.o(i.vPortSetupTimerInterrupt)
    i.vPortValidateInterruptPriority         0x08004c0c   Section        0  port.o(i.vPortValidateInterruptPriority)
    i.vQueueAddToRegistry                    0x08004c60   Section        0  queue.o(i.vQueueAddToRegistry)
    i.vQueueWaitForMessageRestricted         0x08004c88   Section        0  queue.o(i.vQueueWaitForMessageRestricted)
    i.vTaskInternalSetTimeOutState           0x08004ccc   Section        0  tasks.o(i.vTaskInternalSetTimeOutState)
    i.vTaskMissedYield                       0x08004cdc   Section        0  tasks.o(i.vTaskMissedYield)
    i.vTaskPlaceOnEventList                  0x08004ce8   Section        0  tasks.o(i.vTaskPlaceOnEventList)
    i.vTaskPlaceOnEventListRestricted        0x08004d18   Section        0  tasks.o(i.vTaskPlaceOnEventListRestricted)
    i.vTaskStartScheduler                    0x08004d50   Section        0  tasks.o(i.vTaskStartScheduler)
    i.vTaskSuspendAll                        0x08004dd8   Section        0  tasks.o(i.vTaskSuspendAll)
    i.vTaskSwitchContext                     0x08004de8   Section        0  tasks.o(i.vTaskSwitchContext)
    i.xPortStartScheduler                    0x08004e4c   Section        0  port.o(i.xPortStartScheduler)
    i.xPortSysTickHandler                    0x08004f40   Section        0  port.o(i.xPortSysTickHandler)
    i.xQueueGenericCreateStatic              0x08004f6c   Section        0  queue.o(i.xQueueGenericCreateStatic)
    i.xQueueGenericReset                     0x08004fd4   Section        0  queue.o(i.xQueueGenericReset)
    i.xQueueGenericSend                      0x0800505c   Section        0  queue.o(i.xQueueGenericSend)
    i.xQueueGenericSendFromISR               0x080051bc   Section        0  queue.o(i.xQueueGenericSendFromISR)
    i.xQueueReceive                          0x0800527c   Section        0  queue.o(i.xQueueReceive)
    i.xTaskCheckForTimeOut                   0x080053b4   Section        0  tasks.o(i.xTaskCheckForTimeOut)
    i.xTaskCreate                            0x08005428   Section        0  tasks.o(i.xTaskCreate)
    i.xTaskCreateStatic                      0x08005482   Section        0  tasks.o(i.xTaskCreateStatic)
    i.xTaskGetSchedulerState                 0x080054d8   Section        0  tasks.o(i.xTaskGetSchedulerState)
    i.xTaskGetTickCount                      0x080054f4   Section        0  tasks.o(i.xTaskGetTickCount)
    i.xTaskIncrementTick                     0x08005500   Section        0  tasks.o(i.xTaskIncrementTick)
    i.xTaskPriorityDisinherit                0x080055c8   Section        0  tasks.o(i.xTaskPriorityDisinherit)
    i.xTaskRemoveFromEventList               0x08005648   Section        0  tasks.o(i.xTaskRemoveFromEventList)
    i.xTaskResumeAll                         0x080056b8   Section        0  tasks.o(i.xTaskResumeAll)
    i.xTimerCreateTimerTask                  0x0800577c   Section        0  timers.o(i.xTimerCreateTimerTask)
    i.xTimerGenericCommand                   0x080057dc   Section        0  timers.o(i.xTimerGenericCommand)
    .constdata                               0x08005844   Section       36  freertos.o(.constdata)
    .constdata                               0x08005868   Section        8  stm32f4xx_hal_dma.o(.constdata)
    flagBitshiftOffset                       0x08005868   Data           8  stm32f4xx_hal_dma.o(.constdata)
    .constdata                               0x08005870   Section       16  system_stm32f4xx.o(.constdata)
    .constdata                               0x08005880   Section        8  system_stm32f4xx.o(.constdata)
    .constdata                               0x08005888   Section     7728  oled.o(.constdata)
    .conststring                             0x080076b8   Section       12  freertos.o(.conststring)
    .data                                    0x20000000   Section        4  freertos.o(.data)
    .data                                    0x20000004   Section        8  tof200f_uart.o(.data)
    distance                                 0x20000006   Data           2  tof200f_uart.o(.data)
    .data                                    0x2000000c   Section       12  stm32f4xx_hal.o(.data)
    .data                                    0x20000018   Section        4  system_stm32f4xx.o(.data)
    .data                                    0x2000001c   Section       60  tasks.o(.data)
    uxDeletedTasksWaitingCleanUp             0x20000020   Data           4  tasks.o(.data)
    uxCurrentNumberOfTasks                   0x20000024   Data           4  tasks.o(.data)
    xTickCount                               0x20000028   Data           4  tasks.o(.data)
    uxTopReadyPriority                       0x2000002c   Data           4  tasks.o(.data)
    xSchedulerRunning                        0x20000030   Data           4  tasks.o(.data)
    xPendedTicks                             0x20000034   Data           4  tasks.o(.data)
    xYieldPending                            0x20000038   Data           4  tasks.o(.data)
    xNumOfOverflows                          0x2000003c   Data           4  tasks.o(.data)
    uxTaskNumber                             0x20000040   Data           4  tasks.o(.data)
    xNextTaskUnblockTime                     0x20000044   Data           4  tasks.o(.data)
    xIdleTaskHandle                          0x20000048   Data           4  tasks.o(.data)
    uxSchedulerSuspended                     0x2000004c   Data           4  tasks.o(.data)
    pxDelayedTaskList                        0x20000050   Data           4  tasks.o(.data)
    pxOverflowDelayedTaskList                0x20000054   Data           4  tasks.o(.data)
    .data                                    0x20000058   Section       20  timers.o(.data)
    xTimerQueue                              0x20000058   Data           4  timers.o(.data)
    xTimerTaskHandle                         0x2000005c   Data           4  timers.o(.data)
    xLastTime                                0x20000060   Data           4  timers.o(.data)
    pxCurrentTimerList                       0x20000064   Data           4  timers.o(.data)
    pxOverflowTimerList                      0x20000068   Data           4  timers.o(.data)
    .data                                    0x2000006c   Section        4  cmsis_os2.o(.data)
    KernelState                              0x2000006c   Data           4  cmsis_os2.o(.data)
    .data                                    0x20000070   Section       32  heap_4.o(.data)
    pxEnd                                    0x20000070   Data           4  heap_4.o(.data)
    xFreeBytesRemaining                      0x20000074   Data           4  heap_4.o(.data)
    xMinimumEverFreeBytesRemaining           0x20000078   Data           4  heap_4.o(.data)
    xNumberOfSuccessfulAllocations           0x2000007c   Data           4  heap_4.o(.data)
    xNumberOfSuccessfulFrees                 0x20000080   Data           4  heap_4.o(.data)
    xBlockAllocatedBit                       0x20000084   Data           4  heap_4.o(.data)
    xStart                                   0x20000088   Data           8  heap_4.o(.data)
    .data                                    0x20000090   Section       12  port.o(.data)
    ucMaxSysCallPriority                     0x20000090   Data           1  port.o(.data)
    uxCriticalNesting                        0x20000094   Data           4  port.o(.data)
    ulMaxPRIGROUPValue                       0x20000098   Data           4  port.o(.data)
    .data                                    0x2000009c   Section        8  am26c32.o(.data)
    .data                                    0x200000a4   Section        4  stdout.o(.data)
    .bss                                     0x200000a8   Section       40  freertos.o(.bss)
    .bss                                     0x200000d0   Section      168  adc.o(.bss)
    .bss                                     0x20000178   Section      168  i2c.o(.bss)
    .bss                                     0x20000220   Section      144  tim.o(.bss)
    .bss                                     0x200002b0   Section      136  usart.o(.bss)
    .bss                                     0x20000338   Section       72  stm32f4xx_hal_timebase_tim.o(.bss)
    .bss                                     0x20000380   Section       64  tof200f_uart.o(.bss)
    .bss                                     0x200003c0   Section       64  queue.o(.bss)
    .bss                                     0x20000400   Section     1220  tasks.o(.bss)
    pxReadyTasksLists                        0x20000400   Data        1120  tasks.o(.bss)
    xDelayedTaskList1                        0x20000860   Data          20  tasks.o(.bss)
    xDelayedTaskList2                        0x20000874   Data          20  tasks.o(.bss)
    xPendingReadyList                        0x20000888   Data          20  tasks.o(.bss)
    xTasksWaitingTermination                 0x2000089c   Data          20  tasks.o(.bss)
    xSuspendedTaskList                       0x200008b0   Data          20  tasks.o(.bss)
    .bss                                     0x200008c4   Section      280  timers.o(.bss)
    xStaticTimerQueue                        0x200008c4   Data          80  timers.o(.bss)
    ucStaticTimerQueueStorage                0x20000914   Data         160  timers.o(.bss)
    xActiveTimerList1                        0x200009b4   Data          20  timers.o(.bss)
    xActiveTimerList2                        0x200009c8   Data          20  timers.o(.bss)
    .bss                                     0x200009dc   Section     1720  cmsis_os2.o(.bss)
    Idle_TCB                                 0x200009dc   Data          92  cmsis_os2.o(.bss)
    Idle_Stack                               0x20000a38   Data         512  cmsis_os2.o(.bss)
    Timer_TCB                                0x20000c38   Data          92  cmsis_os2.o(.bss)
    Timer_Stack                              0x20000c94   Data        1024  cmsis_os2.o(.bss)
    .bss                                     0x20001094   Section    15360  heap_4.o(.bss)
    ucHeap                                   0x20001094   Data       15360  heap_4.o(.bss)
    .bss                                     0x20004c94   Section     1536  oled.o(.bss)
    STACK                                    0x20005298   Section     1536  startup_stm32f405xx.o(STACK)

    Global Symbols

    Symbol Name                              Value     Ov Type        Size  Object(Section)

    BuildAttributes$$THM_ISAv4$E$P$D$K$B$S$7EM$VFPi3$EXTD16$VFPS$VFMA$PE$A:L22UL41UL21$X:L11$S22US41US21$IEEE1$IW$USESV6$~STKCKD$USESV7$~SHL$OTIME$ROPI$IEEEX$EBA8$MICROLIB$REQ8$PRES8$EABIv2 0x00000000   Number         0  anon$$obj.o ABSOLUTE
    __ARM_use_no_argv                        0x00000000   Number         0  main.o ABSOLUTE
    _printf_a                                0x00000000   Number         0  stubs.o ABSOLUTE
    _printf_c                                0x00000000   Number         0  stubs.o ABSOLUTE
    _printf_charcount                        0x00000000   Number         0  stubs.o ABSOLUTE
    _printf_d                                0x00000000   Number         0  stubs.o ABSOLUTE
    _printf_e                                0x00000000   Number         0  stubs.o ABSOLUTE
    _printf_f                                0x00000000   Number         0  stubs.o ABSOLUTE
    _printf_flags                            0x00000000   Number         0  stubs.o ABSOLUTE
    _printf_fp_dec                           0x00000000   Number         0  stubs.o ABSOLUTE
    _printf_fp_hex                           0x00000000   Number         0  stubs.o ABSOLUTE
    _printf_g                                0x00000000   Number         0  stubs.o ABSOLUTE
    _printf_i                                0x00000000   Number         0  stubs.o ABSOLUTE
    _printf_int_dec                          0x00000000   Number         0  stubs.o ABSOLUTE
    _printf_l                                0x00000000   Number         0  stubs.o ABSOLUTE
    _printf_lc                               0x00000000   Number         0  stubs.o ABSOLUTE
    _printf_ll                               0x00000000   Number         0  stubs.o ABSOLUTE
    _printf_lld                              0x00000000   Number         0  stubs.o ABSOLUTE
    _printf_lli                              0x00000000   Number         0  stubs.o ABSOLUTE
    _printf_llo                              0x00000000   Number         0  stubs.o ABSOLUTE
    _printf_llu                              0x00000000   Number         0  stubs.o ABSOLUTE
    _printf_llx                              0x00000000   Number         0  stubs.o ABSOLUTE
    _printf_longlong_dec                     0x00000000   Number         0  stubs.o ABSOLUTE
    _printf_longlong_hex                     0x00000000   Number         0  stubs.o ABSOLUTE
    _printf_longlong_oct                     0x00000000   Number         0  stubs.o ABSOLUTE
    _printf_ls                               0x00000000   Number         0  stubs.o ABSOLUTE
    _printf_mbtowc                           0x00000000   Number         0  stubs.o ABSOLUTE
    _printf_n                                0x00000000   Number         0  stubs.o ABSOLUTE
    _printf_o                                0x00000000   Number         0  stubs.o ABSOLUTE
    _printf_p                                0x00000000   Number         0  stubs.o ABSOLUTE
    _printf_percent                          0x00000000   Number         0  stubs.o ABSOLUTE
    _printf_pre_padding                      0x00000000   Number         0  stubs.o ABSOLUTE
    _printf_return_value                     0x00000000   Number         0  stubs.o ABSOLUTE
    _printf_s                                0x00000000   Number         0  stubs.o ABSOLUTE
    _printf_sizespec                         0x00000000   Number         0  stubs.o ABSOLUTE
    _printf_str                              0x00000000   Number         0  stubs.o ABSOLUTE
    _printf_truncate_signed                  0x00000000   Number         0  stubs.o ABSOLUTE
    _printf_truncate_unsigned                0x00000000   Number         0  stubs.o ABSOLUTE
    _printf_u                                0x00000000   Number         0  stubs.o ABSOLUTE
    _printf_wc                               0x00000000   Number         0  stubs.o ABSOLUTE
    _printf_wctomb                           0x00000000   Number         0  stubs.o ABSOLUTE
    _printf_widthprec                        0x00000000   Number         0  stubs.o ABSOLUTE
    _printf_x                                0x00000000   Number         0  stubs.o ABSOLUTE
    __arm_fini_                               - Undefined Weak Reference
    __cpp_initialize__aeabi_                  - Undefined Weak Reference
    __cxa_finalize                            - Undefined Weak Reference
    __decompress                              - Undefined Weak Reference
    _clock_init                               - Undefined Weak Reference
    _microlib_exit                            - Undefined Weak Reference
    __Vectors_Size                           0x00000188   Number         0  startup_stm32f405xx.o ABSOLUTE
    __Vectors                                0x08000000   Data           4  startup_stm32f405xx.o(RESET)
    __Vectors_End                            0x08000188   Data           0  startup_stm32f405xx.o(RESET)
    __main                                   0x08000189   Thumb Code     0  entry.o(.ARM.Collect$$$$00000000)
    _main_stk                                0x08000189   Thumb Code     0  entry2.o(.ARM.Collect$$$$00000001)
    _main_scatterload                        0x0800018d   Thumb Code     0  entry5.o(.ARM.Collect$$$$00000004)
    __main_after_scatterload                 0x08000191   Thumb Code     0  entry5.o(.ARM.Collect$$$$00000004)
    _main_clock                              0x08000191   Thumb Code     0  entry7b.o(.ARM.Collect$$$$00000008)
    _main_cpp_init                           0x08000191   Thumb Code     0  entry8b.o(.ARM.Collect$$$$0000000A)
    _main_init                               0x08000191   Thumb Code     0  entry9a.o(.ARM.Collect$$$$0000000B)
    __rt_lib_shutdown_fini                   0x08000199   Thumb Code     0  entry12b.o(.ARM.Collect$$$$0000000E)
    __rt_final_cpp                           0x0800019d   Thumb Code     0  entry10a.o(.ARM.Collect$$$$0000000F)
    __rt_final_exit                          0x0800019d   Thumb Code     0  entry11a.o(.ARM.Collect$$$$00000011)
    SVC_Handler                              0x080001a1   Thumb Code    28  port.o(.emb_text)
    __asm___6_port_c_39a90d8d__prvStartFirstTask 0x080001c1   Thumb Code    36  port.o(.emb_text)
    __asm___6_port_c_39a90d8d__prvEnableVFP  0x080001e9   Thumb Code    16  port.o(.emb_text)
    PendSV_Handler                           0x080001fd   Thumb Code    88  port.o(.emb_text)
    vPortGetIPSR                             0x08000259   Thumb Code     6  port.o(.emb_text)
    Reset_Handler                            0x08000261   Thumb Code     8  startup_stm32f405xx.o(.text)
    ADC_IRQHandler                           0x0800027b   Thumb Code     0  startup_stm32f405xx.o(.text)
    CAN1_RX0_IRQHandler                      0x0800027b   Thumb Code     0  startup_stm32f405xx.o(.text)
    CAN1_RX1_IRQHandler                      0x0800027b   Thumb Code     0  startup_stm32f405xx.o(.text)
    CAN1_SCE_IRQHandler                      0x0800027b   Thumb Code     0  startup_stm32f405xx.o(.text)
    CAN1_TX_IRQHandler                       0x0800027b   Thumb Code     0  startup_stm32f405xx.o(.text)
    CAN2_RX0_IRQHandler                      0x0800027b   Thumb Code     0  startup_stm32f405xx.o(.text)
    CAN2_RX1_IRQHandler                      0x0800027b   Thumb Code     0  startup_stm32f405xx.o(.text)
    CAN2_SCE_IRQHandler                      0x0800027b   Thumb Code     0  startup_stm32f405xx.o(.text)
    CAN2_TX_IRQHandler                       0x0800027b   Thumb Code     0  startup_stm32f405xx.o(.text)
    DMA1_Stream0_IRQHandler                  0x0800027b   Thumb Code     0  startup_stm32f405xx.o(.text)
    DMA1_Stream1_IRQHandler                  0x0800027b   Thumb Code     0  startup_stm32f405xx.o(.text)
    DMA1_Stream2_IRQHandler                  0x0800027b   Thumb Code     0  startup_stm32f405xx.o(.text)
    DMA1_Stream3_IRQHandler                  0x0800027b   Thumb Code     0  startup_stm32f405xx.o(.text)
    DMA1_Stream4_IRQHandler                  0x0800027b   Thumb Code     0  startup_stm32f405xx.o(.text)
    DMA1_Stream5_IRQHandler                  0x0800027b   Thumb Code     0  startup_stm32f405xx.o(.text)
    DMA1_Stream6_IRQHandler                  0x0800027b   Thumb Code     0  startup_stm32f405xx.o(.text)
    DMA1_Stream7_IRQHandler                  0x0800027b   Thumb Code     0  startup_stm32f405xx.o(.text)
    DMA2_Stream1_IRQHandler                  0x0800027b   Thumb Code     0  startup_stm32f405xx.o(.text)
    DMA2_Stream2_IRQHandler                  0x0800027b   Thumb Code     0  startup_stm32f405xx.o(.text)
    DMA2_Stream3_IRQHandler                  0x0800027b   Thumb Code     0  startup_stm32f405xx.o(.text)
    DMA2_Stream4_IRQHandler                  0x0800027b   Thumb Code     0  startup_stm32f405xx.o(.text)
    DMA2_Stream5_IRQHandler                  0x0800027b   Thumb Code     0  startup_stm32f405xx.o(.text)
    DMA2_Stream6_IRQHandler                  0x0800027b   Thumb Code     0  startup_stm32f405xx.o(.text)
    DMA2_Stream7_IRQHandler                  0x0800027b   Thumb Code     0  startup_stm32f405xx.o(.text)
    EXTI0_IRQHandler                         0x0800027b   Thumb Code     0  startup_stm32f405xx.o(.text)
    EXTI15_10_IRQHandler                     0x0800027b   Thumb Code     0  startup_stm32f405xx.o(.text)
    EXTI1_IRQHandler                         0x0800027b   Thumb Code     0  startup_stm32f405xx.o(.text)
    EXTI2_IRQHandler                         0x0800027b   Thumb Code     0  startup_stm32f405xx.o(.text)
    EXTI3_IRQHandler                         0x0800027b   Thumb Code     0  startup_stm32f405xx.o(.text)
    EXTI4_IRQHandler                         0x0800027b   Thumb Code     0  startup_stm32f405xx.o(.text)
    EXTI9_5_IRQHandler                       0x0800027b   Thumb Code     0  startup_stm32f405xx.o(.text)
    FLASH_IRQHandler                         0x0800027b   Thumb Code     0  startup_stm32f405xx.o(.text)
    FMC_IRQHandler                           0x0800027b   Thumb Code     0  startup_stm32f405xx.o(.text)
    FPU_IRQHandler                           0x0800027b   Thumb Code     0  startup_stm32f405xx.o(.text)
    HASH_RNG_IRQHandler                      0x0800027b   Thumb Code     0  startup_stm32f405xx.o(.text)
    I2C1_ER_IRQHandler                       0x0800027b   Thumb Code     0  startup_stm32f405xx.o(.text)
    I2C1_EV_IRQHandler                       0x0800027b   Thumb Code     0  startup_stm32f405xx.o(.text)
    I2C2_ER_IRQHandler                       0x0800027b   Thumb Code     0  startup_stm32f405xx.o(.text)
    I2C2_EV_IRQHandler                       0x0800027b   Thumb Code     0  startup_stm32f405xx.o(.text)
    I2C3_ER_IRQHandler                       0x0800027b   Thumb Code     0  startup_stm32f405xx.o(.text)
    I2C3_EV_IRQHandler                       0x0800027b   Thumb Code     0  startup_stm32f405xx.o(.text)
    OTG_FS_IRQHandler                        0x0800027b   Thumb Code     0  startup_stm32f405xx.o(.text)
    OTG_FS_WKUP_IRQHandler                   0x0800027b   Thumb Code     0  startup_stm32f405xx.o(.text)
    OTG_HS_EP1_IN_IRQHandler                 0x0800027b   Thumb Code     0  startup_stm32f405xx.o(.text)
    OTG_HS_EP1_OUT_IRQHandler                0x0800027b   Thumb Code     0  startup_stm32f405xx.o(.text)
    OTG_HS_IRQHandler                        0x0800027b   Thumb Code     0  startup_stm32f405xx.o(.text)
    OTG_HS_WKUP_IRQHandler                   0x0800027b   Thumb Code     0  startup_stm32f405xx.o(.text)
    PVD_IRQHandler                           0x0800027b   Thumb Code     0  startup_stm32f405xx.o(.text)
    RCC_IRQHandler                           0x0800027b   Thumb Code     0  startup_stm32f405xx.o(.text)
    RTC_Alarm_IRQHandler                     0x0800027b   Thumb Code     0  startup_stm32f405xx.o(.text)
    RTC_WKUP_IRQHandler                      0x0800027b   Thumb Code     0  startup_stm32f405xx.o(.text)
    SDIO_IRQHandler                          0x0800027b   Thumb Code     0  startup_stm32f405xx.o(.text)
    SPI1_IRQHandler                          0x0800027b   Thumb Code     0  startup_stm32f405xx.o(.text)
    SPI2_IRQHandler                          0x0800027b   Thumb Code     0  startup_stm32f405xx.o(.text)
    SPI3_IRQHandler                          0x0800027b   Thumb Code     0  startup_stm32f405xx.o(.text)
    TAMP_STAMP_IRQHandler                    0x0800027b   Thumb Code     0  startup_stm32f405xx.o(.text)
    TIM1_BRK_TIM9_IRQHandler                 0x0800027b   Thumb Code     0  startup_stm32f405xx.o(.text)
    TIM1_CC_IRQHandler                       0x0800027b   Thumb Code     0  startup_stm32f405xx.o(.text)
    TIM1_TRG_COM_TIM11_IRQHandler            0x0800027b   Thumb Code     0  startup_stm32f405xx.o(.text)
    TIM1_UP_TIM10_IRQHandler                 0x0800027b   Thumb Code     0  startup_stm32f405xx.o(.text)
    TIM2_IRQHandler                          0x0800027b   Thumb Code     0  startup_stm32f405xx.o(.text)
    TIM3_IRQHandler                          0x0800027b   Thumb Code     0  startup_stm32f405xx.o(.text)
    TIM4_IRQHandler                          0x0800027b   Thumb Code     0  startup_stm32f405xx.o(.text)
    TIM5_IRQHandler                          0x0800027b   Thumb Code     0  startup_stm32f405xx.o(.text)
    TIM7_IRQHandler                          0x0800027b   Thumb Code     0  startup_stm32f405xx.o(.text)
    TIM8_BRK_TIM12_IRQHandler                0x0800027b   Thumb Code     0  startup_stm32f405xx.o(.text)
    TIM8_CC_IRQHandler                       0x0800027b   Thumb Code     0  startup_stm32f405xx.o(.text)
    TIM8_TRG_COM_TIM14_IRQHandler            0x0800027b   Thumb Code     0  startup_stm32f405xx.o(.text)
    TIM8_UP_TIM13_IRQHandler                 0x0800027b   Thumb Code     0  startup_stm32f405xx.o(.text)
    UART4_IRQHandler                         0x0800027b   Thumb Code     0  startup_stm32f405xx.o(.text)
    UART5_IRQHandler                         0x0800027b   Thumb Code     0  startup_stm32f405xx.o(.text)
    USART1_IRQHandler                        0x0800027b   Thumb Code     0  startup_stm32f405xx.o(.text)
    USART2_IRQHandler                        0x0800027b   Thumb Code     0  startup_stm32f405xx.o(.text)
    USART3_IRQHandler                        0x0800027b   Thumb Code     0  startup_stm32f405xx.o(.text)
    USART6_IRQHandler                        0x0800027b   Thumb Code     0  startup_stm32f405xx.o(.text)
    WWDG_IRQHandler                          0x0800027b   Thumb Code     0  startup_stm32f405xx.o(.text)
    __aeabi_uldivmod                         0x08000285   Thumb Code    98  uldiv.o(.text)
    __aeabi_memcpy                           0x080002e7   Thumb Code    36  memcpya.o(.text)
    __aeabi_memcpy4                          0x080002e7   Thumb Code     0  memcpya.o(.text)
    __aeabi_memcpy8                          0x080002e7   Thumb Code     0  memcpya.o(.text)
    __aeabi_memset                           0x0800030b   Thumb Code    14  memseta.o(.text)
    __aeabi_memset4                          0x0800030b   Thumb Code     0  memseta.o(.text)
    __aeabi_memset8                          0x0800030b   Thumb Code     0  memseta.o(.text)
    __aeabi_memclr                           0x08000319   Thumb Code     4  memseta.o(.text)
    __aeabi_memclr4                          0x08000319   Thumb Code     0  memseta.o(.text)
    __aeabi_memclr8                          0x08000319   Thumb Code     0  memseta.o(.text)
    memset                                   0x0800031d   Thumb Code    18  memseta.o(.text)
    __aeabi_dadd                             0x0800032f   Thumb Code   322  dadd.o(.text)
    __aeabi_dsub                             0x08000471   Thumb Code     6  dadd.o(.text)
    __aeabi_drsub                            0x08000477   Thumb Code     6  dadd.o(.text)
    __aeabi_dmul                             0x0800047d   Thumb Code   228  dmul.o(.text)
    __aeabi_ddiv                             0x08000561   Thumb Code   222  ddiv.o(.text)
    __aeabi_i2d                              0x0800063f   Thumb Code    34  dflti.o(.text)
    __aeabi_f2d                              0x08000661   Thumb Code    38  f2d.o(.text)
    __aeabi_d2f                              0x08000687   Thumb Code    56  d2f.o(.text)
    __aeabi_uidiv                            0x080006bf   Thumb Code     0  uidiv.o(.text)
    __aeabi_uidivmod                         0x080006bf   Thumb Code    44  uidiv.o(.text)
    __aeabi_llsl                             0x080006eb   Thumb Code    30  llshl.o(.text)
    _ll_shift_l                              0x080006eb   Thumb Code     0  llshl.o(.text)
    __aeabi_llsr                             0x08000709   Thumb Code    32  llushr.o(.text)
    _ll_ushift_r                             0x08000709   Thumb Code     0  llushr.o(.text)
    __aeabi_lasr                             0x08000729   Thumb Code    36  llsshr.o(.text)
    _ll_sshift_r                             0x08000729   Thumb Code     0  llsshr.o(.text)
    __I$use$fp                               0x0800074d   Thumb Code     0  iusefp.o(.text)
    _float_round                             0x0800074d   Thumb Code    18  fepilogue.o(.text)
    _float_epilogue                          0x0800075f   Thumb Code    92  fepilogue.o(.text)
    _double_round                            0x080007bb   Thumb Code    30  depilogue.o(.text)
    _double_epilogue                         0x080007d9   Thumb Code   156  depilogue.o(.text)
    __aeabi_d2ulz                            0x08000875   Thumb Code    48  dfixul.o(.text)
    __aeabi_cdrcmple                         0x080008a5   Thumb Code    48  cdrcmple.o(.text)
    __scatterload                            0x080008d5   Thumb Code    28  init.o(.text)
    __scatterload_rt2                        0x080008d5   Thumb Code     0  init.o(.text)
    BusFault_Handler                         0x08000a21   Thumb Code     2  stm32f4xx_it.o(i.BusFault_Handler)
    DMA2_Stream0_IRQHandler                  0x08000a25   Thumb Code     6  stm32f4xx_it.o(i.DMA2_Stream0_IRQHandler)
    DebugMon_Handler                         0x08000aad   Thumb Code     2  stm32f4xx_it.o(i.DebugMon_Handler)
    Error_Handler                            0x08000aaf   Thumb Code     4  main.o(i.Error_Handler)
    HAL_ADC_ConfigChannel                    0x08000ab5   Thumb Code   316  stm32f4xx_hal_adc.o(i.HAL_ADC_ConfigChannel)
    HAL_ADC_Init                             0x08000c01   Thumb Code    84  stm32f4xx_hal_adc.o(i.HAL_ADC_Init)
    HAL_ADC_MspInit                          0x08000c55   Thumb Code   132  adc.o(i.HAL_ADC_MspInit)
    HAL_DMA_IRQHandler                       0x08000ced   Thumb Code   412  stm32f4xx_hal_dma.o(i.HAL_DMA_IRQHandler)
    HAL_DMA_Init                             0x08000e8d   Thumb Code   206  stm32f4xx_hal_dma.o(i.HAL_DMA_Init)
    HAL_Delay                                0x08000f61   Thumb Code    32  stm32f4xx_hal.o(i.HAL_Delay)
    HAL_GPIO_Init                            0x08000f85   Thumb Code   450  stm32f4xx_hal_gpio.o(i.HAL_GPIO_Init)
    HAL_GPIO_ReadPin                         0x08001175   Thumb Code    10  stm32f4xx_hal_gpio.o(i.HAL_GPIO_ReadPin)
    HAL_GPIO_TogglePin                       0x0800117f   Thumb Code    16  stm32f4xx_hal_gpio.o(i.HAL_GPIO_TogglePin)
    HAL_GPIO_WritePin                        0x0800118f   Thumb Code    10  stm32f4xx_hal_gpio.o(i.HAL_GPIO_WritePin)
    HAL_GetTick                              0x08001199   Thumb Code     6  stm32f4xx_hal.o(i.HAL_GetTick)
    HAL_I2C_Init                             0x080011a5   Thumb Code   376  stm32f4xx_hal_i2c.o(i.HAL_I2C_Init)
    HAL_I2C_MspInit                          0x0800132d   Thumb Code   154  i2c.o(i.HAL_I2C_MspInit)
    HAL_IncTick                              0x080013d9   Thumb Code    12  stm32f4xx_hal.o(i.HAL_IncTick)
    HAL_Init                                 0x080013e9   Thumb Code    48  stm32f4xx_hal.o(i.HAL_Init)
    HAL_InitTick                             0x0800141d   Thumb Code   100  stm32f4xx_hal_timebase_tim.o(i.HAL_InitTick)
    HAL_MspInit                              0x08001491   Thumb Code    52  stm32f4xx_hal_msp.o(i.HAL_MspInit)
    HAL_NVIC_EnableIRQ                       0x080014c9   Thumb Code    26  stm32f4xx_hal_cortex.o(i.HAL_NVIC_EnableIRQ)
    HAL_NVIC_SetPriority                     0x080014e5   Thumb Code    60  stm32f4xx_hal_cortex.o(i.HAL_NVIC_SetPriority)
    HAL_NVIC_SetPriorityGrouping             0x08001525   Thumb Code    26  stm32f4xx_hal_cortex.o(i.HAL_NVIC_SetPriorityGrouping)
    HAL_RCC_ClockConfig                      0x08001549   Thumb Code   288  stm32f4xx_hal_rcc.o(i.HAL_RCC_ClockConfig)
    HAL_RCC_GetClockConfig                   0x0800167d   Thumb Code    54  stm32f4xx_hal_rcc.o(i.HAL_RCC_GetClockConfig)
    HAL_RCC_GetPCLK1Freq                     0x080016bd   Thumb Code    20  stm32f4xx_hal_rcc.o(i.HAL_RCC_GetPCLK1Freq)
    HAL_RCC_GetPCLK2Freq                     0x080016dd   Thumb Code    20  stm32f4xx_hal_rcc.o(i.HAL_RCC_GetPCLK2Freq)
    HAL_RCC_GetSysClockFreq                  0x080016fd   Thumb Code    88  stm32f4xx_hal_rcc.o(i.HAL_RCC_GetSysClockFreq)
    HAL_RCC_OscConfig                        0x0800175d   Thumb Code   856  stm32f4xx_hal_rcc.o(i.HAL_RCC_OscConfig)
    HAL_TIMEx_BreakCallback                  0x08001ac9   Thumb Code     2  stm32f4xx_hal_tim_ex.o(i.HAL_TIMEx_BreakCallback)
    HAL_TIMEx_CommutCallback                 0x08001acb   Thumb Code     2  stm32f4xx_hal_tim_ex.o(i.HAL_TIMEx_CommutCallback)
    HAL_TIMEx_ConfigBreakDeadTime            0x08001acd   Thumb Code    84  stm32f4xx_hal_tim_ex.o(i.HAL_TIMEx_ConfigBreakDeadTime)
    HAL_TIMEx_MasterConfigSynchronization    0x08001b21   Thumb Code   116  stm32f4xx_hal_tim_ex.o(i.HAL_TIMEx_MasterConfigSynchronization)
    HAL_TIM_Base_Init                        0x08001bb1   Thumb Code    90  stm32f4xx_hal_tim.o(i.HAL_TIM_Base_Init)
    HAL_TIM_Base_MspInit                     0x08001c0b   Thumb Code     2  stm32f4xx_hal_tim.o(i.HAL_TIM_Base_MspInit)
    HAL_TIM_Base_Start_IT                    0x08001c0d   Thumb Code   100  stm32f4xx_hal_tim.o(i.HAL_TIM_Base_Start_IT)
    HAL_TIM_Encoder_Init                     0x08001c8d   Thumb Code   164  stm32f4xx_hal_tim.o(i.HAL_TIM_Encoder_Init)
    HAL_TIM_Encoder_MspInit                  0x08001d31   Thumb Code   126  tim.o(i.HAL_TIM_Encoder_MspInit)
    HAL_TIM_Encoder_Start                    0x08001dbd   Thumb Code   142  stm32f4xx_hal_tim.o(i.HAL_TIM_Encoder_Start)
    HAL_TIM_IC_CaptureCallback               0x08001e4b   Thumb Code     2  stm32f4xx_hal_tim.o(i.HAL_TIM_IC_CaptureCallback)
    HAL_TIM_IRQHandler                       0x08001e4d   Thumb Code   358  stm32f4xx_hal_tim.o(i.HAL_TIM_IRQHandler)
    HAL_TIM_MspPostInit                      0x08001fb5   Thumb Code    72  tim.o(i.HAL_TIM_MspPostInit)
    HAL_TIM_OC_ConfigChannel                 0x08002009   Thumb Code    82  stm32f4xx_hal_tim.o(i.HAL_TIM_OC_ConfigChannel)
    HAL_TIM_OC_DelayElapsedCallback          0x0800205b   Thumb Code     2  stm32f4xx_hal_tim.o(i.HAL_TIM_OC_DelayElapsedCallback)
    HAL_TIM_OC_Init                          0x0800205d   Thumb Code    90  stm32f4xx_hal_tim.o(i.HAL_TIM_OC_Init)
    HAL_TIM_OC_MspInit                       0x080020b9   Thumb Code    30  tim.o(i.HAL_TIM_OC_MspInit)
    HAL_TIM_PWM_PulseFinishedCallback        0x080020e1   Thumb Code     2  stm32f4xx_hal_tim.o(i.HAL_TIM_PWM_PulseFinishedCallback)
    HAL_TIM_PWM_Start                        0x080020e5   Thumb Code   172  stm32f4xx_hal_tim.o(i.HAL_TIM_PWM_Start)
    HAL_TIM_PeriodElapsedCallback            0x080021ad   Thumb Code    14  main.o(i.HAL_TIM_PeriodElapsedCallback)
    HAL_TIM_TriggerCallback                  0x080021c1   Thumb Code     2  stm32f4xx_hal_tim.o(i.HAL_TIM_TriggerCallback)
    HAL_UART_Init                            0x080021c3   Thumb Code    98  stm32f4xx_hal_uart.o(i.HAL_UART_Init)
    HAL_UART_MspInit                         0x08002225   Thumb Code   138  usart.o(i.HAL_UART_MspInit)
    HAL_UART_Receive_IT                      0x080022c1   Thumb Code    42  stm32f4xx_hal_uart.o(i.HAL_UART_Receive_IT)
    HAL_UART_Transmit                        0x080022ed   Thumb Code   178  stm32f4xx_hal_uart.o(i.HAL_UART_Transmit)
    HardFault_Handler                        0x0800239f   Thumb Code     2  stm32f4xx_it.o(i.HardFault_Handler)
    I2C_Start                                0x080023a1   Thumb Code    60  oled.o(i.I2C_Start)
    I2C_Stop                                 0x080023e1   Thumb Code    42  oled.o(i.I2C_Stop)
    I2C_WaitAck                              0x08002411   Thumb Code    50  oled.o(i.I2C_WaitAck)
    IIC_delay                                0x08002449   Thumb Code    10  oled.o(i.IIC_delay)
    LED_Twinkle                              0x08002455   Thumb Code    72  gpio.o(i.LED_Twinkle)
    MPU6050ReadAcc                           0x080024a1   Thumb Code    40  imu.o(i.MPU6050ReadAcc)
    MPU6050ReadGyro                          0x080024c9   Thumb Code    40  imu.o(i.MPU6050ReadGyro)
    MPU6050ReadID                            0x080024f1   Thumb Code    44  imu.o(i.MPU6050ReadID)
    MPU6050_Init                             0x08002535   Thumb Code    66  imu.o(i.MPU6050_Init)
    MPU6050_ReadData                         0x08002577   Thumb Code    86  imu.o(i.MPU6050_ReadData)
    MPU6050_ReturnTemp                       0x080025cd   Thumb Code    58  imu.o(i.MPU6050_ReturnTemp)
    MPU6050_WriteReg                         0x08002619   Thumb Code    48  imu.o(i.MPU6050_WriteReg)
    MX_ADC1_Init                             0x08002649   Thumb Code   132  adc.o(i.MX_ADC1_Init)
    MX_DMA_Init                              0x080026d9   Thumb Code    40  dma.o(i.MX_DMA_Init)
    MX_FREERTOS_Init                         0x08002705   Thumb Code    18  freertos.o(i.MX_FREERTOS_Init)
    MX_GPIO_Init                             0x08002725   Thumb Code   116  gpio.o(i.MX_GPIO_Init)
    MX_I2C1_Init                             0x080027a1   Thumb Code    50  i2c.o(i.MX_I2C1_Init)
    MX_TIM1_Init                             0x080027e1   Thumb Code   148  tim.o(i.MX_TIM1_Init)
    MX_TIM2_Init                             0x0800287d   Thumb Code    96  tim.o(i.MX_TIM2_Init)
    MX_USART1_UART_Init                      0x080028e1   Thumb Code    48  usart.o(i.MX_USART1_UART_Init)
    MX_USART2_UART_Init                      0x08002919   Thumb Code    48  usart.o(i.MX_USART2_UART_Init)
    MemManage_Handler                        0x08002951   Thumb Code     2  stm32f4xx_it.o(i.MemManage_Handler)
    NMI_Handler                              0x08002953   Thumb Code     2  stm32f4xx_it.o(i.NMI_Handler)
    OLED_Clear                               0x08002955   Thumb Code    40  oled.o(i.OLED_Clear)
    OLED_DrawLine                            0x08002981   Thumb Code   202  oled.o(i.OLED_DrawLine)
    OLED_DrawPoint                           0x08002a4d   Thumb Code    40  oled.o(i.OLED_DrawPoint)
    OLED_Init                                0x08002a79   Thumb Code   282  oled.o(i.OLED_Init)
    OLED_Refresh                             0x08002b9d   Thumb Code   100  oled.o(i.OLED_Refresh)
    OLED_ShowChar                            0x08002c05   Thumb Code   212  oled.o(i.OLED_ShowChar)
    OLED_ShowString                          0x08002ce9   Thumb Code    60  oled.o(i.OLED_ShowString)
    OLED_WR_Byte                             0x08002d25   Thumb Code    54  oled.o(i.OLED_WR_Byte)
    OLED_Windows_Style1                      0x08002d5d   Thumb Code   152  oled.o(i.OLED_Windows_Style1)
    Send_Byte                                0x08002e11   Thumb Code    68  oled.o(i.Send_Byte)
    StartDefaultTask                         0x08002e59   Thumb Code    88  freertos.o(i.StartDefaultTask)
    SysTick_Handler                          0x08002ebd   Thumb Code    26  cmsis_os2.o(i.SysTick_Handler)
    SystemClock_Config                       0x08002ed9   Thumb Code   138  main.o(i.SystemClock_Config)
    SystemInit                               0x08002f6d   Thumb Code    12  system_stm32f4xx.o(i.SystemInit)
    TIM6_DAC_IRQHandler                      0x08002f7d   Thumb Code     6  stm32f4xx_it.o(i.TIM6_DAC_IRQHandler)
    TIM_Base_SetConfig                       0x08002f89   Thumb Code   156  stm32f4xx_hal_tim.o(i.TIM_Base_SetConfig)
    TIM_CCxChannelCmd                        0x08003051   Thumb Code    26  stm32f4xx_hal_tim.o(i.TIM_CCxChannelCmd)
    TIM_OC2_SetConfig                        0x080030cd   Thumb Code    98  stm32f4xx_hal_tim.o(i.TIM_OC2_SetConfig)
    UART_Start_Receive_IT                    0x080032fd   Thumb Code    54  stm32f4xx_hal_uart.o(i.UART_Start_Receive_IT)
    USART_Debug                              0x080033ad   Thumb Code    24  usart.o(i.USART_Debug)
    UsageFault_Handler                       0x08003405   Thumb Code     2  stm32f4xx_it.o(i.UsageFault_Handler)
    VCMEncoderGetCnt                         0x08003409   Thumb Code    66  am26c32.o(i.VCMEncoderGetCnt)
    VCMEncoderGetPosition                    0x0800345d   Thumb Code    56  am26c32.o(i.VCMEncoderGetPosition)
    VCMEncoderInit                           0x080034a1   Thumb Code    36  am26c32.o(i.VCMEncoderInit)
    __0printf                                0x080034d1   Thumb Code    22  printfa.o(i.__0printf)
    __1printf                                0x080034d1   Thumb Code     0  printfa.o(i.__0printf)
    __2printf                                0x080034d1   Thumb Code     0  printfa.o(i.__0printf)
    __c89printf                              0x080034d1   Thumb Code     0  printfa.o(i.__0printf)
    printf                                   0x080034d1   Thumb Code     0  printfa.o(i.__0printf)
    __scatterload_copy                       0x08003511   Thumb Code    14  handlers.o(i.__scatterload_copy)
    __scatterload_null                       0x0800351f   Thumb Code     2  handlers.o(i.__scatterload_null)
    __scatterload_zeroinit                   0x08003521   Thumb Code    14  handlers.o(i.__scatterload_zeroinit)
    fputc                                    0x08003dbd   Thumb Code    20  usart.o(i.fputc)
    i2c_Ack                                  0x08003dd5   Thumb Code    66  i2c.o(i.i2c_Ack)
    i2c_GPIO_Config                          0x08003e29   Thumb Code    52  i2c.o(i.i2c_GPIO_Config)
    i2c_NAck                                 0x08003e65   Thumb Code    52  i2c.o(i.i2c_NAck)
    i2c_ReadByte                             0x08003e9d   Thumb Code    96  i2c.o(i.i2c_ReadByte)
    i2c_SendByte                             0x08003f01   Thumb Code    98  i2c.o(i.i2c_SendByte)
    i2c_Start                                0x08003f69   Thumb Code    64  i2c.o(i.i2c_Start)
    i2c_Stop                                 0x08003fad   Thumb Code    46  i2c.o(i.i2c_Stop)
    i2c_WaitAck                              0x08003fe1   Thumb Code    70  i2c.o(i.i2c_WaitAck)
    main                                     0x0800402d   Thumb Code   124  main.o(i.main)
    osKernelInitialize                       0x080040c1   Thumb Code    32  cmsis_os2.o(i.osKernelInitialize)
    osKernelStart                            0x080040e5   Thumb Code    48  cmsis_os2.o(i.osKernelStart)
    osThreadNew                              0x0800411d   Thumb Code   138  cmsis_os2.o(i.osThreadNew)
    pvPortMalloc                             0x0800493d   Thumb Code   216  heap_4.o(i.pvPortMalloc)
    pxPortInitialiseStack                    0x08004a19   Thumb Code    40  port.o(i.pxPortInitialiseStack)
    tof200f_init                             0x08004a45   Thumb Code    18  tof200f_uart.o(i.tof200f_init)
    uxListRemove                             0x08004a65   Thumb Code    38  list.o(i.uxListRemove)
    vApplicationGetIdleTaskMemory            0x08004a8d   Thumb Code    16  cmsis_os2.o(i.vApplicationGetIdleTaskMemory)
    vApplicationGetTimerTaskMemory           0x08004aa1   Thumb Code    18  cmsis_os2.o(i.vApplicationGetTimerTaskMemory)
    vListInitialise                          0x08004ab9   Thumb Code    22  list.o(i.vListInitialise)
    vListInitialiseItem                      0x08004acf   Thumb Code     6  list.o(i.vListInitialiseItem)
    vListInsert                              0x08004ad5   Thumb Code    48  list.o(i.vListInsert)
    vListInsertEnd                           0x08004b05   Thumb Code    24  list.o(i.vListInsertEnd)
    vPortEnterCritical                       0x08004b1d   Thumb Code    54  port.o(i.vPortEnterCritical)
    vPortExitCritical                        0x08004b5d   Thumb Code    34  port.o(i.vPortExitCritical)
    vPortFree                                0x08004b85   Thumb Code    94  heap_4.o(i.vPortFree)
    vPortSetupTimerInterrupt                 0x08004be9   Thumb Code    32  port.o(i.vPortSetupTimerInterrupt)
    vPortValidateInterruptPriority           0x08004c0d   Thumb Code    74  port.o(i.vPortValidateInterruptPriority)
    vQueueAddToRegistry                      0x08004c61   Thumb Code    34  queue.o(i.vQueueAddToRegistry)
    vQueueWaitForMessageRestricted           0x08004c89   Thumb Code    68  queue.o(i.vQueueWaitForMessageRestricted)
    vTaskInternalSetTimeOutState             0x08004ccd   Thumb Code    12  tasks.o(i.vTaskInternalSetTimeOutState)
    vTaskMissedYield                         0x08004cdd   Thumb Code     8  tasks.o(i.vTaskMissedYield)
    vTaskPlaceOnEventList                    0x08004ce9   Thumb Code    44  tasks.o(i.vTaskPlaceOnEventList)
    vTaskPlaceOnEventListRestricted          0x08004d19   Thumb Code    52  tasks.o(i.vTaskPlaceOnEventListRestricted)
    vTaskStartScheduler                      0x08004d51   Thumb Code   118  tasks.o(i.vTaskStartScheduler)
    vTaskSuspendAll                          0x08004dd9   Thumb Code    10  tasks.o(i.vTaskSuspendAll)
    vTaskSwitchContext                       0x08004de9   Thumb Code    90  tasks.o(i.vTaskSwitchContext)
    xPortStartScheduler                      0x08004e4d   Thumb Code   222  port.o(i.xPortStartScheduler)
    xPortSysTickHandler                      0x08004f41   Thumb Code    38  port.o(i.xPortSysTickHandler)
    xQueueGenericCreateStatic                0x08004f6d   Thumb Code   102  queue.o(i.xQueueGenericCreateStatic)
    xQueueGenericReset                       0x08004fd5   Thumb Code   132  queue.o(i.xQueueGenericReset)
    xQueueGenericSend                        0x0800505d   Thumb Code   346  queue.o(i.xQueueGenericSend)
    xQueueGenericSendFromISR                 0x080051bd   Thumb Code   190  queue.o(i.xQueueGenericSendFromISR)
    xQueueReceive                            0x0800527d   Thumb Code   308  queue.o(i.xQueueReceive)
    xTaskCheckForTimeOut                     0x080053b5   Thumb Code   112  tasks.o(i.xTaskCheckForTimeOut)
    xTaskCreate                              0x08005429   Thumb Code    90  tasks.o(i.xTaskCreate)
    xTaskCreateStatic                        0x08005483   Thumb Code    86  tasks.o(i.xTaskCreateStatic)
    xTaskGetSchedulerState                   0x080054d9   Thumb Code    22  tasks.o(i.xTaskGetSchedulerState)
    xTaskGetTickCount                        0x080054f5   Thumb Code     6  tasks.o(i.xTaskGetTickCount)
    xTaskIncrementTick                       0x08005501   Thumb Code   192  tasks.o(i.xTaskIncrementTick)
    xTaskPriorityDisinherit                  0x080055c9   Thumb Code   118  tasks.o(i.xTaskPriorityDisinherit)
    xTaskRemoveFromEventList                 0x08005649   Thumb Code    98  tasks.o(i.xTaskRemoveFromEventList)
    xTaskResumeAll                           0x080056b9   Thumb Code   182  tasks.o(i.xTaskResumeAll)
    xTimerCreateTimerTask                    0x0800577d   Thumb Code    78  timers.o(i.xTimerCreateTimerTask)
    xTimerGenericCommand                     0x080057dd   Thumb Code    98  timers.o(i.xTimerGenericCommand)
    defaultTask_attributes                   0x08005844   Data          36  freertos.o(.constdata)
    AHBPrescTable                            0x08005870   Data          16  system_stm32f4xx.o(.constdata)
    APBPrescTable                            0x08005880   Data           8  system_stm32f4xx.o(.constdata)
    asc2_0806                                0x08005888   Data         552  oled.o(.constdata)
    asc2_1206                                0x08005ab0   Data        1140  oled.o(.constdata)
    asc2_1608                                0x08005f24   Data        1520  oled.o(.constdata)
    asc2_2412                                0x08006514   Data        3420  oled.o(.constdata)
    Hzk1                                     0x08007270   Data         384  oled.o(.constdata)
    Hzk2                                     0x080073f0   Data          72  oled.o(.constdata)
    Hzk3                                     0x08007438   Data         128  oled.o(.constdata)
    Hzk4                                     0x080074b8   Data         512  oled.o(.constdata)
    Region$$Table$$Base                      0x080076c4   Number         0  anon$$obj.o(Region$$Table)
    Region$$Table$$Limit                     0x080076e4   Number         0  anon$$obj.o(Region$$Table)
    defaultTaskHandle                        0x20000000   Data           4  freertos.o(.data)
    uart1_rec_num                            0x20000004   Data           1  tof200f_uart.o(.data)
    uart1_rec_tick                           0x20000008   Data           4  tof200f_uart.o(.data)
    uwTickFreq                               0x2000000c   Data           1  stm32f4xx_hal.o(.data)
    uwTickPrio                               0x20000010   Data           4  stm32f4xx_hal.o(.data)
    uwTick                                   0x20000014   Data           4  stm32f4xx_hal.o(.data)
    SystemCoreClock                          0x20000018   Data           4  system_stm32f4xx.o(.data)
    pxCurrentTCB                             0x2000001c   Data           4  tasks.o(.data)
    gVCMEncoder                              0x2000009c   Data           8  am26c32.o(.data)
    __stdout                                 0x200000a4   Data           4  stdout.o(.data)
    Sensor_data                              0x200000a8   Data          24  freertos.o(.bss)
    main_data                                0x200000c0   Data          16  freertos.o(.bss)
    hadc1                                    0x200000d0   Data          72  adc.o(.bss)
    hdma_adc1                                0x20000118   Data          96  adc.o(.bss)
    hi2c1                                    0x20000178   Data          84  i2c.o(.bss)
    hi2c2                                    0x200001cc   Data          84  i2c.o(.bss)
    htim1                                    0x20000220   Data          72  tim.o(.bss)
    htim2                                    0x20000268   Data          72  tim.o(.bss)
    huart1                                   0x200002b0   Data          68  usart.o(.bss)
    huart2                                   0x200002f4   Data          68  usart.o(.bss)
    htim6                                    0x20000338   Data          72  stm32f4xx_hal_timebase_tim.o(.bss)
    sz_uart1_buf                             0x20000380   Data          64  tof200f_uart.o(.bss)
    xQueueRegistry                           0x200003c0   Data          64  queue.o(.bss)
    OLED_GRAM                                0x20004c94   Data        1536  oled.o(.bss)
    __initial_sp                             0x20005898   Data           0  startup_stm32f405xx.o(STACK)



==============================================================================

Memory Map of the image

  Image Entry point : 0x08000189

  Load Region LR_IROM1 (Base: 0x08000000, Size: 0x0000778c, Max: 0x00100000, ABSOLUTE)

    Execution Region ER_IROM1 (Exec base: 0x08000000, Load base: 0x08000000, Size: 0x000076e4, Max: 0x00100000, ABSOLUTE)

    Exec Addr    Load Addr    Size         Type   Attr      Idx    E Section Name        Object

    0x08000000   0x08000000   0x00000188   Data   RO            3    RESET               startup_stm32f405xx.o
    0x08000188   0x08000188   0x00000000   Code   RO         6870  * .ARM.Collect$$$$00000000  mc_w.l(entry.o)
    0x08000188   0x08000188   0x00000004   Code   RO         7211    .ARM.Collect$$$$00000001  mc_w.l(entry2.o)
    0x0800018c   0x0800018c   0x00000004   Code   RO         7214    .ARM.Collect$$$$00000004  mc_w.l(entry5.o)
    0x08000190   0x08000190   0x00000000   Code   RO         7216    .ARM.Collect$$$$00000008  mc_w.l(entry7b.o)
    0x08000190   0x08000190   0x00000000   Code   RO         7218    .ARM.Collect$$$$0000000A  mc_w.l(entry8b.o)
    0x08000190   0x08000190   0x00000008   Code   RO         7219    .ARM.Collect$$$$0000000B  mc_w.l(entry9a.o)
    0x08000198   0x08000198   0x00000004   Code   RO         7226    .ARM.Collect$$$$0000000E  mc_w.l(entry12b.o)
    0x0800019c   0x0800019c   0x00000000   Code   RO         7221    .ARM.Collect$$$$0000000F  mc_w.l(entry10a.o)
    0x0800019c   0x0800019c   0x00000000   Code   RO         7223    .ARM.Collect$$$$00000011  mc_w.l(entry11a.o)
    0x0800019c   0x0800019c   0x00000004   Code   RO         7212    .ARM.Collect$$$$00002712  mc_w.l(entry2.o)
    0x080001a0   0x080001a0   0x000000be   Code   RO         5741    .emb_text           port.o
    0x0800025e   0x0800025e   0x00000002   PAD
    0x08000260   0x08000260   0x00000024   Code   RO            4    .text               startup_stm32f405xx.o
    0x08000284   0x08000284   0x00000062   Code   RO         6873    .text               mc_w.l(uldiv.o)
    0x080002e6   0x080002e6   0x00000024   Code   RO         6877    .text               mc_w.l(memcpya.o)
    0x0800030a   0x0800030a   0x00000024   Code   RO         6881    .text               mc_w.l(memseta.o)
    0x0800032e   0x0800032e   0x0000014e   Code   RO         7148    .text               mf_w.l(dadd.o)
    0x0800047c   0x0800047c   0x000000e4   Code   RO         7150    .text               mf_w.l(dmul.o)
    0x08000560   0x08000560   0x000000de   Code   RO         7152    .text               mf_w.l(ddiv.o)
    0x0800063e   0x0800063e   0x00000022   Code   RO         7154    .text               mf_w.l(dflti.o)
    0x08000660   0x08000660   0x00000026   Code   RO         7156    .text               mf_w.l(f2d.o)
    0x08000686   0x08000686   0x00000038   Code   RO         7158    .text               mf_w.l(d2f.o)
    0x080006be   0x080006be   0x0000002c   Code   RO         7228    .text               mc_w.l(uidiv.o)
    0x080006ea   0x080006ea   0x0000001e   Code   RO         7230    .text               mc_w.l(llshl.o)
    0x08000708   0x08000708   0x00000020   Code   RO         7232    .text               mc_w.l(llushr.o)
    0x08000728   0x08000728   0x00000024   Code   RO         7234    .text               mc_w.l(llsshr.o)
    0x0800074c   0x0800074c   0x00000000   Code   RO         7243    .text               mc_w.l(iusefp.o)
    0x0800074c   0x0800074c   0x0000006e   Code   RO         7244    .text               mf_w.l(fepilogue.o)
    0x080007ba   0x080007ba   0x000000ba   Code   RO         7246    .text               mf_w.l(depilogue.o)
    0x08000874   0x08000874   0x00000030   Code   RO         7250    .text               mf_w.l(dfixul.o)
    0x080008a4   0x080008a4   0x00000030   Code   RO         7254    .text               mf_w.l(cdrcmple.o)
    0x080008d4   0x080008d4   0x00000024   Code   RO         7256    .text               mc_w.l(init.o)
    0x080008f8   0x080008f8   0x00000128   Code   RO          838    i.ADC_Init          stm32f4xx_hal_adc.o
    0x08000a20   0x08000a20   0x00000002   Code   RO          650    i.BusFault_Handler  stm32f4xx_it.o
    0x08000a22   0x08000a22   0x00000002   PAD
    0x08000a24   0x08000a24   0x0000000c   Code   RO          651    i.DMA2_Stream0_IRQHandler  stm32f4xx_it.o
    0x08000a30   0x08000a30   0x00000028   Code   RO         1572    i.DMA_CalcBaseAndBitshift  stm32f4xx_hal_dma.o
    0x08000a58   0x08000a58   0x00000054   Code   RO         1573    i.DMA_CheckFifoParam  stm32f4xx_hal_dma.o
    0x08000aac   0x08000aac   0x00000002   Code   RO          652    i.DebugMon_Handler  stm32f4xx_it.o
    0x08000aae   0x08000aae   0x00000004   Code   RO           13    i.Error_Handler     main.o
    0x08000ab2   0x08000ab2   0x00000002   PAD
    0x08000ab4   0x08000ab4   0x0000014c   Code   RO          840    i.HAL_ADC_ConfigChannel  stm32f4xx_hal_adc.o
    0x08000c00   0x08000c00   0x00000054   Code   RO          849    i.HAL_ADC_Init      stm32f4xx_hal_adc.o
    0x08000c54   0x08000c54   0x00000098   Code   RO          346    i.HAL_ADC_MspInit   adc.o
    0x08000cec   0x08000cec   0x000001a0   Code   RO         1580    i.HAL_DMA_IRQHandler  stm32f4xx_hal_dma.o
    0x08000e8c   0x08000e8c   0x000000d4   Code   RO         1581    i.HAL_DMA_Init      stm32f4xx_hal_dma.o
    0x08000f60   0x08000f60   0x00000024   Code   RO         1994    i.HAL_Delay         stm32f4xx_hal.o
    0x08000f84   0x08000f84   0x000001f0   Code   RO         1468    i.HAL_GPIO_Init     stm32f4xx_hal_gpio.o
    0x08001174   0x08001174   0x0000000a   Code   RO         1470    i.HAL_GPIO_ReadPin  stm32f4xx_hal_gpio.o
    0x0800117e   0x0800117e   0x00000010   Code   RO         1471    i.HAL_GPIO_TogglePin  stm32f4xx_hal_gpio.o
    0x0800118e   0x0800118e   0x0000000a   Code   RO         1472    i.HAL_GPIO_WritePin  stm32f4xx_hal_gpio.o
    0x08001198   0x08001198   0x0000000c   Code   RO         2000    i.HAL_GetTick       stm32f4xx_hal.o
    0x080011a4   0x080011a4   0x00000188   Code   RO         2256    i.HAL_I2C_Init      stm32f4xx_hal_i2c.o
    0x0800132c   0x0800132c   0x000000ac   Code   RO          412    i.HAL_I2C_MspInit   i2c.o
    0x080013d8   0x080013d8   0x00000010   Code   RO         2006    i.HAL_IncTick       stm32f4xx_hal.o
    0x080013e8   0x080013e8   0x00000034   Code   RO         2007    i.HAL_Init          stm32f4xx_hal.o
    0x0800141c   0x0800141c   0x00000074   Code   RO          744    i.HAL_InitTick      stm32f4xx_hal_timebase_tim.o
    0x08001490   0x08001490   0x00000038   Code   RO          720    i.HAL_MspInit       stm32f4xx_hal_msp.o
    0x080014c8   0x080014c8   0x0000001a   Code   RO         1857    i.HAL_NVIC_EnableIRQ  stm32f4xx_hal_cortex.o
    0x080014e2   0x080014e2   0x00000002   PAD
    0x080014e4   0x080014e4   0x00000040   Code   RO         1863    i.HAL_NVIC_SetPriority  stm32f4xx_hal_cortex.o
    0x08001524   0x08001524   0x00000024   Code   RO         1864    i.HAL_NVIC_SetPriorityGrouping  stm32f4xx_hal_cortex.o
    0x08001548   0x08001548   0x00000134   Code   RO         1114    i.HAL_RCC_ClockConfig  stm32f4xx_hal_rcc.o
    0x0800167c   0x0800167c   0x00000040   Code   RO         1118    i.HAL_RCC_GetClockConfig  stm32f4xx_hal_rcc.o
    0x080016bc   0x080016bc   0x00000020   Code   RO         1121    i.HAL_RCC_GetPCLK1Freq  stm32f4xx_hal_rcc.o
    0x080016dc   0x080016dc   0x00000020   Code   RO         1122    i.HAL_RCC_GetPCLK2Freq  stm32f4xx_hal_rcc.o
    0x080016fc   0x080016fc   0x00000060   Code   RO         1123    i.HAL_RCC_GetSysClockFreq  stm32f4xx_hal_rcc.o
    0x0800175c   0x0800175c   0x0000036c   Code   RO         1126    i.HAL_RCC_OscConfig  stm32f4xx_hal_rcc.o
    0x08001ac8   0x08001ac8   0x00000002   Code   RO         3401    i.HAL_TIMEx_BreakCallback  stm32f4xx_hal_tim_ex.o
    0x08001aca   0x08001aca   0x00000002   Code   RO         3402    i.HAL_TIMEx_CommutCallback  stm32f4xx_hal_tim_ex.o
    0x08001acc   0x08001acc   0x00000054   Code   RO         3404    i.HAL_TIMEx_ConfigBreakDeadTime  stm32f4xx_hal_tim_ex.o
    0x08001b20   0x08001b20   0x00000090   Code   RO         3420    i.HAL_TIMEx_MasterConfigSynchronization  stm32f4xx_hal_tim_ex.o
    0x08001bb0   0x08001bb0   0x0000005a   Code   RO         2697    i.HAL_TIM_Base_Init  stm32f4xx_hal_tim.o
    0x08001c0a   0x08001c0a   0x00000002   Code   RO         2699    i.HAL_TIM_Base_MspInit  stm32f4xx_hal_tim.o
    0x08001c0c   0x08001c0c   0x00000080   Code   RO         2702    i.HAL_TIM_Base_Start_IT  stm32f4xx_hal_tim.o
    0x08001c8c   0x08001c8c   0x000000a4   Code   RO         2718    i.HAL_TIM_Encoder_Init  stm32f4xx_hal_tim.o
    0x08001d30   0x08001d30   0x0000008c   Code   RO          519    i.HAL_TIM_Encoder_MspInit  tim.o
    0x08001dbc   0x08001dbc   0x0000008e   Code   RO         2721    i.HAL_TIM_Encoder_Start  stm32f4xx_hal_tim.o
    0x08001e4a   0x08001e4a   0x00000002   Code   RO         2731    i.HAL_TIM_IC_CaptureCallback  stm32f4xx_hal_tim.o
    0x08001e4c   0x08001e4c   0x00000166   Code   RO         2745    i.HAL_TIM_IRQHandler  stm32f4xx_hal_tim.o
    0x08001fb2   0x08001fb2   0x00000002   PAD
    0x08001fb4   0x08001fb4   0x00000054   Code   RO          520    i.HAL_TIM_MspPostInit  tim.o
    0x08002008   0x08002008   0x00000052   Code   RO         2746    i.HAL_TIM_OC_ConfigChannel  stm32f4xx_hal_tim.o
    0x0800205a   0x0800205a   0x00000002   Code   RO         2748    i.HAL_TIM_OC_DelayElapsedCallback  stm32f4xx_hal_tim.o
    0x0800205c   0x0800205c   0x0000005a   Code   RO         2750    i.HAL_TIM_OC_Init   stm32f4xx_hal_tim.o
    0x080020b6   0x080020b6   0x00000002   PAD
    0x080020b8   0x080020b8   0x00000028   Code   RO          522    i.HAL_TIM_OC_MspInit  tim.o
    0x080020e0   0x080020e0   0x00000002   Code   RO         2775    i.HAL_TIM_PWM_PulseFinishedCallback  stm32f4xx_hal_tim.o
    0x080020e2   0x080020e2   0x00000002   PAD
    0x080020e4   0x080020e4   0x000000c8   Code   RO         2777    i.HAL_TIM_PWM_Start  stm32f4xx_hal_tim.o
    0x080021ac   0x080021ac   0x00000014   Code   RO           14    i.HAL_TIM_PeriodElapsedCallback  main.o
    0x080021c0   0x080021c0   0x00000002   Code   RO         2788    i.HAL_TIM_TriggerCallback  stm32f4xx_hal_tim.o
    0x080021c2   0x080021c2   0x00000062   Code   RO         3697    i.HAL_UART_Init     stm32f4xx_hal_uart.o
    0x08002224   0x08002224   0x0000009c   Code   RO          585    i.HAL_UART_MspInit  usart.o
    0x080022c0   0x080022c0   0x0000002a   Code   RO         3702    i.HAL_UART_Receive_IT  stm32f4xx_hal_uart.o
    0x080022ea   0x080022ea   0x00000002   PAD
    0x080022ec   0x080022ec   0x000000b2   Code   RO         3705    i.HAL_UART_Transmit  stm32f4xx_hal_uart.o
    0x0800239e   0x0800239e   0x00000002   Code   RO          653    i.HardFault_Handler  stm32f4xx_it.o
    0x080023a0   0x080023a0   0x00000040   Code   RO         5821    i.I2C_Start         oled.o
    0x080023e0   0x080023e0   0x00000030   Code   RO         5822    i.I2C_Stop          oled.o
    0x08002410   0x08002410   0x00000038   Code   RO         5823    i.I2C_WaitAck       oled.o
    0x08002448   0x08002448   0x0000000a   Code   RO         5824    i.IIC_delay         oled.o
    0x08002452   0x08002452   0x00000002   PAD
    0x08002454   0x08002454   0x0000004c   Code   RO          259    i.LED_Twinkle       gpio.o
    0x080024a0   0x080024a0   0x00000028   Code   RO         6232    i.MPU6050ReadAcc    imu.o
    0x080024c8   0x080024c8   0x00000028   Code   RO         6233    i.MPU6050ReadGyro   imu.o
    0x080024f0   0x080024f0   0x00000044   Code   RO         6234    i.MPU6050ReadID     imu.o
    0x08002534   0x08002534   0x00000042   Code   RO         6236    i.MPU6050_Init      imu.o
    0x08002576   0x08002576   0x00000056   Code   RO         6237    i.MPU6050_ReadData  imu.o
    0x080025cc   0x080025cc   0x0000004c   Code   RO         6238    i.MPU6050_ReturnTemp  imu.o
    0x08002618   0x08002618   0x00000030   Code   RO         6239    i.MPU6050_WriteReg  imu.o
    0x08002648   0x08002648   0x00000090   Code   RO          347    i.MX_ADC1_Init      adc.o
    0x080026d8   0x080026d8   0x0000002c   Code   RO          387    i.MX_DMA_Init       dma.o
    0x08002704   0x08002704   0x00000020   Code   RO          289    i.MX_FREERTOS_Init  freertos.o
    0x08002724   0x08002724   0x0000007c   Code   RO          260    i.MX_GPIO_Init      gpio.o
    0x080027a0   0x080027a0   0x00000040   Code   RO          413    i.MX_I2C1_Init      i2c.o
    0x080027e0   0x080027e0   0x0000009c   Code   RO          523    i.MX_TIM1_Init      tim.o
    0x0800287c   0x0800287c   0x00000064   Code   RO          524    i.MX_TIM2_Init      tim.o
    0x080028e0   0x080028e0   0x00000038   Code   RO          586    i.MX_USART1_UART_Init  usart.o
    0x08002918   0x08002918   0x00000038   Code   RO          587    i.MX_USART2_UART_Init  usart.o
    0x08002950   0x08002950   0x00000002   Code   RO          654    i.MemManage_Handler  stm32f4xx_it.o
    0x08002952   0x08002952   0x00000002   Code   RO          655    i.NMI_Handler       stm32f4xx_it.o
    0x08002954   0x08002954   0x0000002c   Code   RO         5825    i.OLED_Clear        oled.o
    0x08002980   0x08002980   0x000000ca   Code   RO         5831    i.OLED_DrawLine     oled.o
    0x08002a4a   0x08002a4a   0x00000002   PAD
    0x08002a4c   0x08002a4c   0x0000002c   Code   RO         5832    i.OLED_DrawPoint    oled.o
    0x08002a78   0x08002a78   0x00000124   Code   RO         5833    i.OLED_Init         oled.o
    0x08002b9c   0x08002b9c   0x00000068   Code   RO         5835    i.OLED_Refresh      oled.o
    0x08002c04   0x08002c04   0x000000e4   Code   RO         5837    i.OLED_ShowChar     oled.o
    0x08002ce8   0x08002ce8   0x0000003c   Code   RO         5841    i.OLED_ShowString   oled.o
    0x08002d24   0x08002d24   0x00000036   Code   RO         5842    i.OLED_WR_Byte      oled.o
    0x08002d5a   0x08002d5a   0x00000002   PAD
    0x08002d5c   0x08002d5c   0x000000b4   Code   RO         5843    i.OLED_Windows_Style1  oled.o
    0x08002e10   0x08002e10   0x00000048   Code   RO         5844    i.Send_Byte         oled.o
    0x08002e58   0x08002e58   0x00000064   Code   RO          290    i.StartDefaultTask  freertos.o
    0x08002ebc   0x08002ebc   0x0000001a   Code   RO         5173    i.SysTick_Handler   cmsis_os2.o
    0x08002ed6   0x08002ed6   0x00000002   PAD
    0x08002ed8   0x08002ed8   0x00000094   Code   RO           15    i.SystemClock_Config  main.o
    0x08002f6c   0x08002f6c   0x00000010   Code   RO         4026    i.SystemInit        system_stm32f4xx.o
    0x08002f7c   0x08002f7c   0x0000000c   Code   RO          656    i.TIM6_DAC_IRQHandler  stm32f4xx_it.o
    0x08002f88   0x08002f88   0x000000c8   Code   RO         2790    i.TIM_Base_SetConfig  stm32f4xx_hal_tim.o
    0x08003050   0x08003050   0x0000001a   Code   RO         2791    i.TIM_CCxChannelCmd  stm32f4xx_hal_tim.o
    0x0800306a   0x0800306a   0x00000002   PAD
    0x0800306c   0x0800306c   0x00000060   Code   RO         2803    i.TIM_OC1_SetConfig  stm32f4xx_hal_tim.o
    0x080030cc   0x080030cc   0x0000006c   Code   RO         2804    i.TIM_OC2_SetConfig  stm32f4xx_hal_tim.o
    0x08003138   0x08003138   0x00000068   Code   RO         2805    i.TIM_OC3_SetConfig  stm32f4xx_hal_tim.o
    0x080031a0   0x080031a0   0x00000050   Code   RO         2806    i.TIM_OC4_SetConfig  stm32f4xx_hal_tim.o
    0x080031f0   0x080031f0   0x0000010c   Code   RO         3723    i.UART_SetConfig    stm32f4xx_hal_uart.o
    0x080032fc   0x080032fc   0x00000036   Code   RO         3725    i.UART_Start_Receive_IT  stm32f4xx_hal_uart.o
    0x08003332   0x08003332   0x00000078   Code   RO         3726    i.UART_WaitOnFlagUntilTimeout  stm32f4xx_hal_uart.o
    0x080033aa   0x080033aa   0x00000002   PAD
    0x080033ac   0x080033ac   0x00000058   Code   RO          588    i.USART_Debug       usart.o
    0x08003404   0x08003404   0x00000002   Code   RO          657    i.UsageFault_Handler  stm32f4xx_it.o
    0x08003406   0x08003406   0x00000002   PAD
    0x08003408   0x08003408   0x00000054   Code   RO         5987    i.VCMEncoderGetCnt  am26c32.o
    0x0800345c   0x0800345c   0x00000044   Code   RO         5988    i.VCMEncoderGetPosition  am26c32.o
    0x080034a0   0x080034a0   0x00000030   Code   RO         5989    i.VCMEncoderInit    am26c32.o
    0x080034d0   0x080034d0   0x00000020   Code   RO         7120    i.__0printf         mc_w.l(printfa.o)
    0x080034f0   0x080034f0   0x00000020   Code   RO         1870    i.__NVIC_SetPriority  stm32f4xx_hal_cortex.o
    0x08003510   0x08003510   0x0000000e   Code   RO         7262    i.__scatterload_copy  mc_w.l(handlers.o)
    0x0800351e   0x0800351e   0x00000002   Code   RO         7263    i.__scatterload_null  mc_w.l(handlers.o)
    0x08003520   0x08003520   0x0000000e   Code   RO         7264    i.__scatterload_zeroinit  mc_w.l(handlers.o)
    0x0800352e   0x0800352e   0x00000002   PAD
    0x08003530   0x08003530   0x00000184   Code   RO         7127    i._fp_digits        mc_w.l(printfa.o)
    0x080036b4   0x080036b4   0x000006b4   Code   RO         7128    i._printf_core      mc_w.l(printfa.o)
    0x08003d68   0x08003d68   0x00000024   Code   RO         7129    i._printf_post_padding  mc_w.l(printfa.o)
    0x08003d8c   0x08003d8c   0x0000002e   Code   RO         7130    i._printf_pre_padding  mc_w.l(printfa.o)
    0x08003dba   0x08003dba   0x00000002   PAD
    0x08003dbc   0x08003dbc   0x00000018   Code   RO          590    i.fputc             usart.o
    0x08003dd4   0x08003dd4   0x00000048   Code   RO          415    i.i2c_Ack           i2c.o
    0x08003e1c   0x08003e1c   0x0000000c   Code   RO          417    i.i2c_Delay         i2c.o
    0x08003e28   0x08003e28   0x0000003c   Code   RO          418    i.i2c_GPIO_Config   i2c.o
    0x08003e64   0x08003e64   0x00000038   Code   RO          419    i.i2c_NAck          i2c.o
    0x08003e9c   0x08003e9c   0x00000064   Code   RO          420    i.i2c_ReadByte      i2c.o
    0x08003f00   0x08003f00   0x00000068   Code   RO          421    i.i2c_SendByte      i2c.o
    0x08003f68   0x08003f68   0x00000044   Code   RO          422    i.i2c_Start         i2c.o
    0x08003fac   0x08003fac   0x00000034   Code   RO          423    i.i2c_Stop          i2c.o
    0x08003fe0   0x08003fe0   0x0000004c   Code   RO          424    i.i2c_WaitAck       i2c.o
    0x0800402c   0x0800402c   0x00000094   Code   RO           16    i.main              main.o
    0x080040c0   0x080040c0   0x00000024   Code   RO         5189    i.osKernelInitialize  cmsis_os2.o
    0x080040e4   0x080040e4   0x00000038   Code   RO         5192    i.osKernelStart     cmsis_os2.o
    0x0800411c   0x0800411c   0x0000008a   Code   RO         5234    i.osThreadNew       cmsis_os2.o
    0x080041a6   0x080041a6   0x00000002   PAD
    0x080041a8   0x080041a8   0x0000005c   Code   RO         4634    i.prvAddCurrentTaskToDelayedList  tasks.o
    0x08004204   0x08004204   0x000000d0   Code   RO         4635    i.prvAddNewTaskToReadyList  tasks.o
    0x080042d4   0x080042d4   0x00000058   Code   RO         4999    i.prvCheckForValidListAndQueue  timers.o
    0x0800432c   0x0800432c   0x00000026   Code   RO         4231    i.prvCopyDataFromQueue  queue.o
    0x08004352   0x08004352   0x0000006c   Code   RO         4232    i.prvCopyDataToQueue  queue.o
    0x080043be   0x080043be   0x00000034   Code   RO         4636    i.prvDeleteTCB      tasks.o
    0x080043f2   0x080043f2   0x00000002   PAD
    0x080043f4   0x080043f4   0x0000004c   Code   RO         5686    i.prvHeapInit       heap_4.o
    0x08004440   0x08004440   0x00000060   Code   RO         4637    i.prvIdleTask       tasks.o
    0x080044a0   0x080044a0   0x00000022   Code   RO         4234    i.prvInitialiseNewQueue  queue.o
    0x080044c2   0x080044c2   0x00000002   PAD
    0x080044c4   0x080044c4   0x000000b0   Code   RO         4638    i.prvInitialiseNewTask  tasks.o
    0x08004574   0x08004574   0x0000004c   Code   RO         5687    i.prvInsertBlockIntoFreeList  heap_4.o
    0x080045c0   0x080045c0   0x00000038   Code   RO         5001    i.prvInsertTimerInActiveList  timers.o
    0x080045f8   0x080045f8   0x0000001c   Code   RO         4235    i.prvIsQueueEmpty   queue.o
    0x08004614   0x08004614   0x000000fc   Code   RO         5002    i.prvProcessReceivedCommands  timers.o
    0x08004710   0x08004710   0x000000c0   Code   RO         5003    i.prvProcessTimerOrBlockTask  timers.o
    0x080047d0   0x080047d0   0x00000020   Code   RO         4640    i.prvResetNextTaskUnblockTime  tasks.o
    0x080047f0   0x080047f0   0x00000028   Code   RO         5004    i.prvSampleTimeNow  timers.o
    0x08004818   0x08004818   0x0000006c   Code   RO         5005    i.prvSwitchTimerLists  timers.o
    0x08004884   0x08004884   0x00000028   Code   RO         5742    i.prvTaskExitError  port.o
    0x080048ac   0x080048ac   0x00000024   Code   RO         5006    i.prvTimerTask      timers.o
    0x080048d0   0x080048d0   0x0000006a   Code   RO         4236    i.prvUnlockQueue    queue.o
    0x0800493a   0x0800493a   0x00000002   PAD
    0x0800493c   0x0800493c   0x000000dc   Code   RO         5688    i.pvPortMalloc      heap_4.o
    0x08004a18   0x08004a18   0x0000002c   Code   RO         5743    i.pxPortInitialiseStack  port.o
    0x08004a44   0x08004a44   0x00000020   Code   RO          785    i.tof200f_init      tof200f_uart.o
    0x08004a64   0x08004a64   0x00000026   Code   RO         4191    i.uxListRemove      list.o
    0x08004a8a   0x08004a8a   0x00000002   PAD
    0x08004a8c   0x08004a8c   0x00000014   Code   RO         5246    i.vApplicationGetIdleTaskMemory  cmsis_os2.o
    0x08004aa0   0x08004aa0   0x00000018   Code   RO         5247    i.vApplicationGetTimerTaskMemory  cmsis_os2.o
    0x08004ab8   0x08004ab8   0x00000016   Code   RO         4192    i.vListInitialise   list.o
    0x08004ace   0x08004ace   0x00000006   Code   RO         4193    i.vListInitialiseItem  list.o
    0x08004ad4   0x08004ad4   0x00000030   Code   RO         4194    i.vListInsert       list.o
    0x08004b04   0x08004b04   0x00000018   Code   RO         4195    i.vListInsertEnd    list.o
    0x08004b1c   0x08004b1c   0x00000040   Code   RO         5745    i.vPortEnterCritical  port.o
    0x08004b5c   0x08004b5c   0x00000028   Code   RO         5746    i.vPortExitCritical  port.o
    0x08004b84   0x08004b84   0x00000064   Code   RO         5689    i.vPortFree         heap_4.o
    0x08004be8   0x08004be8   0x00000024   Code   RO         5747    i.vPortSetupTimerInterrupt  port.o
    0x08004c0c   0x08004c0c   0x00000054   Code   RO         5748    i.vPortValidateInterruptPriority  port.o
    0x08004c60   0x08004c60   0x00000028   Code   RO         4242    i.vQueueAddToRegistry  queue.o
    0x08004c88   0x08004c88   0x00000044   Code   RO         4246    i.vQueueWaitForMessageRestricted  queue.o
    0x08004ccc   0x08004ccc   0x00000010   Code   RO         4658    i.vTaskInternalSetTimeOutState  tasks.o
    0x08004cdc   0x08004cdc   0x0000000c   Code   RO         4659    i.vTaskMissedYield  tasks.o
    0x08004ce8   0x08004ce8   0x00000030   Code   RO         4661    i.vTaskPlaceOnEventList  tasks.o
    0x08004d18   0x08004d18   0x00000038   Code   RO         4662    i.vTaskPlaceOnEventListRestricted  tasks.o
    0x08004d50   0x08004d50   0x00000088   Code   RO         4670    i.vTaskStartScheduler  tasks.o
    0x08004dd8   0x08004dd8   0x00000010   Code   RO         4672    i.vTaskSuspendAll   tasks.o
    0x08004de8   0x08004de8   0x00000064   Code   RO         4673    i.vTaskSwitchContext  tasks.o
    0x08004e4c   0x08004e4c   0x000000f4   Code   RO         5749    i.xPortStartScheduler  port.o
    0x08004f40   0x08004f40   0x0000002c   Code   RO         5750    i.xPortSysTickHandler  port.o
    0x08004f6c   0x08004f6c   0x00000066   Code   RO         4252    i.xQueueGenericCreateStatic  queue.o
    0x08004fd2   0x08004fd2   0x00000002   PAD
    0x08004fd4   0x08004fd4   0x00000088   Code   RO         4253    i.xQueueGenericReset  queue.o
    0x0800505c   0x0800505c   0x00000160   Code   RO         4254    i.xQueueGenericSend  queue.o
    0x080051bc   0x080051bc   0x000000be   Code   RO         4255    i.xQueueGenericSendFromISR  queue.o
    0x0800527a   0x0800527a   0x00000002   PAD
    0x0800527c   0x0800527c   0x00000138   Code   RO         4264    i.xQueueReceive     queue.o
    0x080053b4   0x080053b4   0x00000074   Code   RO         4675    i.xTaskCheckForTimeOut  tasks.o
    0x08005428   0x08005428   0x0000005a   Code   RO         4676    i.xTaskCreate       tasks.o
    0x08005482   0x08005482   0x00000056   Code   RO         4677    i.xTaskCreateStatic  tasks.o
    0x080054d8   0x080054d8   0x0000001c   Code   RO         4681    i.xTaskGetSchedulerState  tasks.o
    0x080054f4   0x080054f4   0x0000000c   Code   RO         4682    i.xTaskGetTickCount  tasks.o
    0x08005500   0x08005500   0x000000c8   Code   RO         4684    i.xTaskIncrementTick  tasks.o
    0x080055c8   0x080055c8   0x00000080   Code   RO         4687    i.xTaskPriorityDisinherit  tasks.o
    0x08005648   0x08005648   0x00000070   Code   RO         4689    i.xTaskRemoveFromEventList  tasks.o
    0x080056b8   0x080056b8   0x000000c4   Code   RO         4690    i.xTaskResumeAll    tasks.o
    0x0800577c   0x0800577c   0x00000060   Code   RO         5015    i.xTimerCreateTimerTask  timers.o
    0x080057dc   0x080057dc   0x00000068   Code   RO         5016    i.xTimerGenericCommand  timers.o
    0x08005844   0x08005844   0x00000024   Data   RO          292    .constdata          freertos.o
    0x08005868   0x08005868   0x00000008   Data   RO         1587    .constdata          stm32f4xx_hal_dma.o
    0x08005870   0x08005870   0x00000010   Data   RO         4027    .constdata          system_stm32f4xx.o
    0x08005880   0x08005880   0x00000008   Data   RO         4028    .constdata          system_stm32f4xx.o
    0x08005888   0x08005888   0x00001e30   Data   RO         5846    .constdata          oled.o
    0x080076b8   0x080076b8   0x0000000c   Data   RO          293    .conststring        freertos.o
    0x080076c4   0x080076c4   0x00000020   Data   RO         7260    Region$$Table       anon$$obj.o


    Execution Region RW_IRAM2 (Exec base: 0x10000000, Load base: 0x0800778c, Size: 0x00000000, Max: 0x00010000, ABSOLUTE)

    **** No section assigned to this execution region ****


    Execution Region RW_IRAM1 (Exec base: 0x20000000, Load base: 0x080076e4, Size: 0x00005898, Max: 0x00020000, ABSOLUTE)

    Exec Addr    Load Addr    Size         Type   Attr      Idx    E Section Name        Object

    0x20000000   0x080076e4   0x00000004   Data   RW          296    .data               freertos.o
    0x20000004   0x080076e8   0x00000008   Data   RW          790    .data               tof200f_uart.o
    0x2000000c   0x080076f0   0x0000000c   Data   RW         2014    .data               stm32f4xx_hal.o
    0x20000018   0x080076fc   0x00000004   Data   RW         4029    .data               system_stm32f4xx.o
    0x2000001c   0x08007700   0x0000003c   Data   RW         4693    .data               tasks.o
    0x20000058   0x0800773c   0x00000014   Data   RW         5024    .data               timers.o
    0x2000006c   0x08007750   0x00000004   Data   RW         5249    .data               cmsis_os2.o
    0x20000070   0x08007754   0x00000020   Data   RW         5695    .data               heap_4.o
    0x20000090   0x08007774   0x0000000c   Data   RW         5751    .data               port.o
    0x2000009c   0x08007780   0x00000008   Data   RW         5990    .data               am26c32.o
    0x200000a4   0x08007788   0x00000004   Data   RW         7227    .data               mc_w.l(stdout.o)
    0x200000a8        -       0x00000028   Zero   RW          291    .bss                freertos.o
    0x200000d0        -       0x000000a8   Zero   RW          348    .bss                adc.o
    0x20000178        -       0x000000a8   Zero   RW          425    .bss                i2c.o
    0x20000220        -       0x00000090   Zero   RW          525    .bss                tim.o
    0x200002b0        -       0x00000088   Zero   RW          591    .bss                usart.o
    0x20000338        -       0x00000048   Zero   RW          747    .bss                stm32f4xx_hal_timebase_tim.o
    0x20000380        -       0x00000040   Zero   RW          788    .bss                tof200f_uart.o
    0x200003c0        -       0x00000040   Zero   RW         4268    .bss                queue.o
    0x20000400        -       0x000004c4   Zero   RW         4692    .bss                tasks.o
    0x200008c4        -       0x00000118   Zero   RW         5023    .bss                timers.o
    0x200009dc        -       0x000006b8   Zero   RW         5248    .bss                cmsis_os2.o
    0x20001094        -       0x00003c00   Zero   RW         5694    .bss                heap_4.o
    0x20004c94        -       0x00000600   Zero   RW         5845    .bss                oled.o
    0x20005294   0x0800778c   0x00000004   PAD
    0x20005298        -       0x00000600   Zero   RW            1    STACK               startup_stm32f405xx.o


==============================================================================

Image component sizes


      Code (inc. data)   RO Data    RW Data    ZI Data      Debug   Object Name

       296         32          0          0        168       1879   adc.o
       200         42          0          8          0       2358   am26c32.o
       300         22          0          4       1720      64609   cmsis_os2.o
        44          4          0          0          0        806   dma.o
         0          0          0          0          0      19568   event_groups.o
       132         26         48          4         40       2292   freertos.o
       200         12          0          0          0       1649   gpio.o
       472         24          0         32      15360       4967   heap_4.o
       836         76          0          0        168       6961   i2c.o
       424         42          0          0          0       4357   imu.o
       138          0          0          0          0       3642   list.o
       320         40          0          0          0     679668   main.o
      1458         86       7728          0       1536      11054   oled.o
       786         82          0         12          0      11681   port.o
      1514         20          0          0         64      17656   queue.o
        36          8        392          0       1536        852   startup_stm32f405xx.o
       116         18          0         12          0       8822   stm32f4xx_hal.o
       712         28          0          0          0       2943   stm32f4xx_hal_adc.o
       158         14          0          0          0      33238   stm32f4xx_hal_cortex.o
       752         16          8          0          0       4148   stm32f4xx_hal_dma.o
       532         46          0          0          0       3576   stm32f4xx_hal_gpio.o
       392         16          0          0          0       3147   stm32f4xx_hal_i2c.o
        56          4          0          0          0        898   stm32f4xx_hal_msp.o
      1408         82          0          0          0       6001   stm32f4xx_hal_rcc.o
      1878        136          0          0          0      15724   stm32f4xx_hal_tim.o
       232         28          0          0          0       3349   stm32f4xx_hal_tim_ex.o
       116         16          0          0         72       1467   stm32f4xx_hal_timebase_tim.o
       760         10          0          0          0       5714   stm32f4xx_hal_uart.o
        36         12          0          0          0       3853   stm32f4xx_it.o
         0          0          0          0          0        416   stream_buffer.o
        16          4         24          4          0       1175   system_stm32f4xx.o
      2008        158          0         60       1220      26499   tasks.o
       520         48          0          0        144       3865   tim.o
       972         80          0         20        280      32411   timers.o
        32         14          0          8         64       1997   tof200f_uart.o
       380        102          0          0        136       3521   usart.o

    ----------------------------------------------------------------------
     18276       1348       8232        164      22512     996763   Object Totals
         0          0         32          0          0          0   (incl. Generated)
        44          0          0          0          4          0   (incl. Padding)

    ----------------------------------------------------------------------

      Code (inc. data)   RO Data    RW Data    ZI Data      Debug   Library Member Name

         0          0          0          0          0          0   entry.o
         0          0          0          0          0          0   entry10a.o
         0          0          0          0          0          0   entry11a.o
         4          0          0          0          0          0   entry12b.o
         8          4          0          0          0          0   entry2.o
         4          0          0          0          0          0   entry5.o
         0          0          0          0          0          0   entry7b.o
         0          0          0          0          0          0   entry8b.o
         8          4          0          0          0          0   entry9a.o
        30          0          0          0          0          0   handlers.o
        36          8          0          0          0         68   init.o
         0          0          0          0          0          0   iusefp.o
        30          0          0          0          0         68   llshl.o
        36          0          0          0          0         68   llsshr.o
        32          0          0          0          0         68   llushr.o
        36          0          0          0          0         68   memcpya.o
        36          0          0          0          0        108   memseta.o
      2218         90          0          0          0        464   printfa.o
         0          0          0          4          0          0   stdout.o
        44          0          0          0          0         80   uidiv.o
        98          0          0          0          0         92   uldiv.o
        48          0          0          0          0         68   cdrcmple.o
        56          0          0          0          0         88   d2f.o
       334          0          0          0          0        148   dadd.o
       222          0          0          0          0        100   ddiv.o
       186          0          0          0          0        176   depilogue.o
        48          0          0          0          0         68   dfixul.o
        34          0          0          0          0         76   dflti.o
       228          0          0          0          0         96   dmul.o
        38          0          0          0          0         68   f2d.o
       110          0          0          0          0        168   fepilogue.o

    ----------------------------------------------------------------------
      3928        106          0          4          0       2140   Library Totals
         4          0          0          0          0          0   (incl. Padding)

    ----------------------------------------------------------------------

      Code (inc. data)   RO Data    RW Data    ZI Data      Debug   Library Name

      2620        106          0          4          0       1084   mc_w.l
      1304          0          0          0          0       1056   mf_w.l

    ----------------------------------------------------------------------
      3928        106          0          4          0       2140   Library Totals

    ----------------------------------------------------------------------

==============================================================================


      Code (inc. data)   RO Data    RW Data    ZI Data      Debug   

     22204       1454       8232        168      22512     979867   Grand Totals
     22204       1454       8232        168      22512     979867   ELF Image Totals
     22204       1454       8232        168          0          0   ROM Totals

==============================================================================

    Total RO  Size (Code + RO Data)                30436 (  29.72kB)
    Total RW  Size (RW Data + ZI Data)             22680 (  22.15kB)
    Total ROM Size (Code + RO Data + RW Data)      30604 (  29.89kB)

==============================================================================

